[    0.000000] Initializing cgroup subsys cpuset
[    0.000000] Initializing cgroup subsys cpu
[    0.000000] Linux version 2.6.27-gentoo-r8 (root@Ryu) (gcc version 4.1.2 (Gentoo 4.1.2 p1.0.2)) #1 SMP PREEMPT Tue Apr 7 20:13:43 UTC 2009
[    0.000000] Command line: video=vesafb:mtrr:3,ywrap vga=0x31B           root=/dev/sda3 doscsi
[    0.000000] KERNEL supported cpus:
[    0.000000]   Intel GenuineIntel
[    0.000000]   AMD AuthenticAMD
[    0.000000]   Centaur CentaurHauls
[    0.000000] BIOS-provided physical RAM map:
[    0.000000]  BIOS-e820: 0000000000000000 - 000000000009f400 (usable)
[    0.000000]  BIOS-e820: 000000000009f400 - 00000000000a0000 (reserved)
[    0.000000]  BIOS-e820: 00000000000f0000 - 0000000000100000 (reserved)
[    0.000000]  BIOS-e820: 0000000000100000 - 00000000cfee0000 (usable)
[    0.000000]  BIOS-e820: 00000000cfee0000 - 00000000cfee3000 (ACPI NVS)
[    0.000000]  BIOS-e820: 00000000cfee3000 - 00000000cfef0000 (ACPI data)
[    0.000000]  BIOS-e820: 00000000cfef0000 - 00000000cff00000 (reserved)
[    0.000000]  BIOS-e820: 00000000e0000000 - 00000000f0000000 (reserved)
[    0.000000]  BIOS-e820: 00000000fec00000 - 0000000100000000 (reserved)
[    0.000000] DMI 2.2 present.
[    0.000000] Phoenix BIOS detected: BIOS may corrupt low RAM, working it around.
[    0.000000] last_pfn = 0xcfee0 max_arch_pfn = 0x3ffffffff
[    0.000000] init_memory_mapping
[    0.000000]  0000000000 - 00cfe00000 page 2M
[    0.000000]  00cfe00000 - 00cfee0000 page 4k
[    0.000000] kernel direct mapping tables up to cfee0000 @ 10000-16000
[    0.000000] last_map_addr: cfee0000 end: cfee0000
[    0.000000] ACPI: RSDP 000F8160, 0014 (r0 Nvidia)
[    0.000000] ACPI: RSDT CFEE3040, 0034 (r1 Nvidia AWRDACPI 42302E31 AWRD        0)
[    0.000000] ACPI: FACP CFEE30C0, 0074 (r1 Nvidia AWRDACPI 42302E31 AWRD        0)
[    0.000000] ACPI: DSDT CFEE3180, 6027 (r1 NVIDIA AWRDACPI     1000 MSFT  100000E)
[    0.000000] ACPI: FACS CFEE0000, 0040
[    0.000000] ACPI: SSDT CFEE92C0, 01CA (r1 PTLTD  POWERNOW        1  LTP        1)
[    0.000000] ACPI: MCFG CFEE9500, 003C (r1 Nvidia AWRDACPI 42302E31 AWRD        0)
[    0.000000] ACPI: APIC CFEE9200, 0072 (r1 Nvidia AWRDACPI 42302E31 AWRD        0)
[    0.000000] Scanning NUMA topology in Northbridge 24
[    0.000000] No NUMA configuration found
[    0.000000] Faking a node at 0000000000000000-00000000cfee0000
[    0.000000] Bootmem setup node 0 0000000000000000-00000000cfee0000
[    0.000000]   NODE_DATA [0000000000014000 - 0000000000017fff]
[    0.000000]   bootmap [0000000000018000 -  0000000000031fdf] pages 1a
[    0.000000] (5 early reservations) ==> bootmem [0000000000 - 00cfee0000]
[    0.000000]   #0 [0000000000 - 0000001000]   BIOS data page ==> [0000000000 - 0000001000]
[    0.000000]   #1 [0000006000 - 0000008000]       TRAMPOLINE ==> [0000006000 - 0000008000]
[    0.000000]   #2 [0000200000 - 0000e4ab3c]    TEXT DATA BSS ==> [0000200000 - 0000e4ab3c]
[    0.000000]   #3 [000009f400 - 0000100000]    BIOS reserved ==> [000009f400 - 0000100000]
[    0.000000]   #4 [0000010000 - 0000014000]          PGTABLE ==> [0000010000 - 0000014000]
[    0.000000] found SMP MP-table at [ffff8800000f4210] 000f4210
[    0.000000]  [ffffe20000000000-ffffe20002dfffff] PMD -> [ffff880001200000-ffff880003ffffff] on node 0
[    0.000000] Zone PFN ranges:
[    0.000000]   DMA      0x00000010 -> 0x00001000
[    0.000000]   DMA32    0x00001000 -> 0x00100000
[    0.000000]   Normal   0x00100000 -> 0x00100000
[    0.000000] Movable zone start PFN for each node
[    0.000000] early_node_map[2] active PFN ranges
[    0.000000]     0: 0x00000010 -> 0x0000009f
[    0.000000]     0: 0x00000100 -> 0x000cfee0
[    0.000000] On node 0 totalpages: 851567
[    0.000000]   DMA zone: 676 pages, LIFO batch:0
[    0.000000]   DMA32 zone: 835995 pages, LIFO batch:31
[    0.000000] Nvidia board detected. Ignoring ACPI timer override.
[    0.000000] If you got timer trouble try acpi_use_timer_override
[    0.000000] ACPI: PM-Timer IO Port: 0x1008
[    0.000000] ACPI: Local APIC address 0xfee00000
[    0.000000] ACPI: LAPIC (acpi_id[0x00] lapic_id[0x00] enabled)
[    0.000000] ACPI: LAPIC (acpi_id[0x01] lapic_id[0x01] enabled)
[    0.000000] ACPI: LAPIC_NMI (acpi_id[0x00] high edge lint[0x1])
[    0.000000] ACPI: LAPIC_NMI (acpi_id[0x01] high edge lint[0x1])
[    0.000000] ACPI: IOAPIC (id[0x02] address[0xfec00000] gsi_base[0])
[    0.000000] IOAPIC[0]: apic_id 2, version 0, address 0xfec00000, GSI 0-23
[    0.000000] ACPI: INT_SRC_OVR (bus 0 bus_irq 9 global_irq 9 high level)
[    0.000000] ACPI: INT_SRC_OVR (bus 0 bus_irq 14 global_irq 14 high edge)
[    0.000000] ACPI: INT_SRC_OVR (bus 0 bus_irq 15 global_irq 15 high edge)
[    0.000000] ACPI: IRQ9 used by override.
[    0.000000] ACPI: IRQ14 used by override.
[    0.000000] ACPI: IRQ15 used by override.
[    0.000000] Setting APIC routing to flat
[    0.000000] Using ACPI (MADT) for SMP configuration information
[    0.000000] SMP: Allowing 2 CPUs, 0 hotplug CPUs
[    0.000000] PM: Registered nosave memory: 000000000009f000 - 00000000000a0000
[    0.000000] PM: Registered nosave memory: 00000000000a0000 - 00000000000f0000
[    0.000000] PM: Registered nosave memory: 00000000000f0000 - 0000000000100000
[    0.000000] Allocating PCI resources starting at d0000000 (gap: cff00000:10100000)
[    0.000000] PERCPU: Allocating 58372 bytes of per cpu data
[    0.000000] NR_CPUS: 8, nr_cpu_ids: 2, nr_node_ids 1
[    0.000000] Built 1 zonelists in Node order, mobility grouping on.  Total pages: 836671
[    0.000000] Policy zone: DMA32
[    0.000000] Kernel command line: video=vesafb:mtrr:3,ywrap vga=0x31B           root=/dev/sda3 doscsi
[    0.000000] Initializing CPU#0
[    0.000000] Preemptible RCU implementation.
[    0.000000] PID hash table entries: 4096 (order: 12, 32768 bytes)
[    0.000000] TSC: PIT calibration confirmed by PMTIMER.
[    0.000000] TSC: using PIT calibration value
[    0.000000] Detected 2210.139 MHz processor.
[    0.000999] spurious 8259A interrupt: IRQ7.
[    0.000999] Console: colour dummy device 80x25
[    0.000999] console [tty0] enabled
[    0.000999] Checking aperture...
[    0.000999] No AGP bridge found
[    0.000999] Node 0: aperture @ 8900000000 size 32 MB
[    0.000999] Aperture beyond 4GB. Ignoring.
[    0.000999] Memory: 3346248k/3406720k available (6608k kernel code, 60020k reserved, 3699k data, 580k init)
[    0.000999] CPA: page pool initialized 1 of 1 pages preallocated
[    0.000999] SLUB: Genslabs=13, HWalign=64, Order=0-3, MinObjects=0, CPUs=2, Nodes=1
[    0.001009] Calibrating delay loop (skipped), value calculated using timer frequency.. 4420.27 BogoMIPS (lpj=2210139)
[    0.001055] Security Framework initialized
[    0.001070] SELinux:  Initializing.
[    0.001089] SELinux:  Starting in permissive mode
[    0.001493] Dentry cache hash table entries: 524288 (order: 10, 4194304 bytes)
[    0.004488] Inode-cache hash table entries: 262144 (order: 9, 2097152 bytes)
[    0.005875] Mount-cache hash table entries: 256
[    0.006126] Initializing cgroup subsys ns
[    0.006139] Initializing cgroup subsys cpuacct
[    0.006169] CPU: L1 I Cache: 64K (64 bytes/line), D cache 64K (64 bytes/line)
[    0.006182] CPU: L2 Cache: 512K (64 bytes/line)
[    0.006191] CPU 0/0 -> Node 0
[    0.006198] tseg: 00cff00000
[    0.006200] CPU: Physical Processor ID: 0
[    0.006208] CPU: Processor Core ID: 0
[    0.006973] ACPI: Core revision 20080609
[    0.017187] ..TIMER: vector=0x30 apic1=0 pin1=0 apic2=-1 pin2=-1
[    0.027213] CPU0: AMD Athlon(tm) 64 X2 Dual Core Processor 4200+ stepping 02
[    0.027228] Using local APIC timer interrupts.
[    0.027997] APIC timer calibration result 12557628
[    0.027999] Detected 12.557 MHz APIC timer.
[    0.028138] Booting processor 1/1 ip 6000
[    0.000999] Initializing CPU#1
[    0.000999] Calibrating delay using timer specific routine.. 4420.15 BogoMIPS (lpj=2210075)
[    0.000999] CPU: L1 I Cache: 64K (64 bytes/line), D cache 64K (64 bytes/line)
[    0.000999] CPU: L2 Cache: 512K (64 bytes/line)
[    0.000999] CPU 1/1 -> Node 0
[    0.000999] CPU: Physical Processor ID: 0
[    0.000999] CPU: Processor Core ID: 1
[    0.099173] CPU1: AMD Athlon(tm) 64 X2 Dual Core Processor 4200+ stepping 02
[    0.099257] Brought up 2 CPUs
[    0.099266] Total of 2 processors activated (8840.42 BogoMIPS).
[    0.099351] khelper used greatest stack depth: 5968 bytes left
[    0.099351] net_namespace: 1536 bytes
[    0.099351] Booting paravirtualized kernel on bare hardware
[    0.099351] Time:  2:42:26  Date: 04/08/09
[    0.099351] NET: Registered protocol family 16
[    0.100105] No dock devices found.
[    0.100130] node 0 link 0: io port [6000, ffff]
[    0.100130] TOM: 00000000d0000000 aka 3328M
[    0.100130] node 0 link 0: mmio [a0000, bffff]
[    0.100130] node 0 link 0: mmio [feb00000, fec0ffff]
[    0.100130] node 0 link 0: mmio [d0000000, dfffffff]
[    0.100130] node 0 link 0: mmio [f0000000, fe02ffff]
[    0.100130] node 0 link 0: mmio [e0000000, e05fffff]
[    0.100130] TOM2: 0000000100000000 aka 4096M
[    0.100130] bus: [00,05] on node 0 link 0
[    0.100130] bus: 00 index 0 io port: [0, ffff]
[    0.100130] bus: 00 index 1 mmio: [a0000, bffff]
[    0.100130] bus: 00 index 2 mmio: [fe030000, fcffffffff]
[    0.100130] bus: 00 index 3 mmio: [d0000000, efffffff]
[    0.100130] bus: 00 index 4 mmio: [f0000000, fe02ffff]
[    0.100130] ACPI: bus type pci registered
[    0.100130] PCI: MCFG configuration 0: base e0000000 segment 0 buses 0 - 255
[    0.100130] PCI: MCFG area at e0000000 reserved in E820
[    0.111121] PCI: Using MMCONFIG at e0000000 - efffffff
[    0.111133] PCI: Using configuration type 1 for base access
[    0.117426] ACPI: EC: Look up EC in DSDT
[    0.126319] ACPI: Interpreter enabled
[    0.126332] ACPI: (supports S0 S1 S3 S4 S5)
[    0.126358] ACPI: Using IOAPIC for interrupt routing
[    0.135440] ACPI: PCI Root Bridge [PCI0] (0000:00)
[    0.136033] HPET not enabled in BIOS. You might try hpet=force boot option
[    0.136064] PCI: 0000:00:01.1 reg 10 io port: [fc00, fc1f]
[    0.136072] PCI: 0000:00:01.1 reg 20 io port: [1c00, 1c3f]
[    0.136076] PCI: 0000:00:01.1 reg 24 io port: [1c40, 1c7f]
[    0.136088] pci 0000:00:01.1: PME# supported from D3hot D3cold
[    0.136102] pci 0000:00:01.1: PME# disabled
[    0.136125] PCI: 0000:00:02.0 reg 10 32bit mmio: [fe02f000, fe02ffff]
[    0.136144] pci 0000:00:02.0: supports D1
[    0.136145] pci 0000:00:02.0: supports D2
[    0.136147] pci 0000:00:02.0: PME# supported from D0 D1 D2 D3hot D3cold
[    0.136162] pci 0000:00:02.0: PME# disabled
[    0.136184] PCI: 0000:00:02.1 reg 10 32bit mmio: [feb00000, feb000ff]
[    0.136207] pci 0000:00:02.1: supports D1
[    0.136209] pci 0000:00:02.1: supports D2
[    0.136211] pci 0000:00:02.1: PME# supported from D0 D1 D2 D3hot D3cold
[    0.136226] pci 0000:00:02.1: PME# disabled
[    0.136256] PCI: 0000:00:06.0 reg 20 io port: [e800, e80f]
[    0.136279] PCI: 0000:00:07.0 reg 10 io port: [9f0, 9f7]
[    0.136283] PCI: 0000:00:07.0 reg 14 io port: [bf0, bf3]
[    0.136286] PCI: 0000:00:07.0 reg 18 io port: [970, 977]
[    0.136290] PCI: 0000:00:07.0 reg 1c io port: [b70, b73]
[    0.136293] PCI: 0000:00:07.0 reg 20 io port: [d400, d40f]
[    0.136297] PCI: 0000:00:07.0 reg 24 32bit mmio: [fe02c000, fe02cfff]
[    0.136318] PCI: 0000:00:08.0 reg 10 io port: [9e0, 9e7]
[    0.136321] PCI: 0000:00:08.0 reg 14 io port: [be0, be3]
[    0.136325] PCI: 0000:00:08.0 reg 18 io port: [960, 967]
[    0.136329] PCI: 0000:00:08.0 reg 1c io port: [b60, b63]
[    0.136332] PCI: 0000:00:08.0 reg 20 io port: [c000, c00f]
[    0.136336] PCI: 0000:00:08.0 reg 24 32bit mmio: [fe02b000, fe02bfff]
[    0.136367] PCI: 0000:00:0a.0 reg 10 32bit mmio: [fe02a000, fe02afff]
[    0.136371] PCI: 0000:00:0a.0 reg 14 io port: [bc00, bc07]
[    0.136388] pci 0000:00:0a.0: supports D1
[    0.136390] pci 0000:00:0a.0: supports D2
[    0.136392] pci 0000:00:0a.0: PME# supported from D0 D1 D2 D3hot D3cold
[    0.136407] pci 0000:00:0a.0: PME# disabled
[    0.136441] pci 0000:00:0b.0: PME# supported from D0 D1 D2 D3hot D3cold
[    0.136455] pci 0000:00:0b.0: PME# disabled
[    0.136489] pci 0000:00:0c.0: PME# supported from D0 D1 D2 D3hot D3cold
[    0.136503] pci 0000:00:0c.0: PME# disabled
[    0.136537] pci 0000:00:0d.0: PME# supported from D0 D1 D2 D3hot D3cold
[    0.136551] pci 0000:00:0d.0: PME# disabled
[    0.136584] pci 0000:00:0e.0: PME# supported from D0 D1 D2 D3hot D3cold
[    0.136598] pci 0000:00:0e.0: PME# disabled
[    0.136698] PCI: 0000:01:07.0 reg 10 io port: [ac00, ac3f]
[    0.136728] pci 0000:01:07.0: supports D1
[    0.136730] pci 0000:01:07.0: supports D2
[    0.136746] PCI: 0000:01:07.1 reg 10 io port: [a800, a807]
[    0.136775] pci 0000:01:07.1: supports D1
[    0.136777] pci 0000:01:07.1: supports D2
[    0.136796] PCI: 0000:01:07.2 reg 10 32bit mmio: [fdeff000, fdeff7ff]
[    0.136801] PCI: 0000:01:07.2 reg 14 32bit mmio: [fdef8000, fdefbfff]
[    0.136830] pci 0000:01:07.2: supports D1
[    0.136832] pci 0000:01:07.2: supports D2
[    0.136834] pci 0000:01:07.2: PME# supported from D0 D1 D2 D3hot
[    0.136845] pci 0000:01:07.2: PME# disabled
[    0.136878] PCI: 0000:01:0a.0 reg 10 32bit mmio: [fdef4000, fdef7fff]
[    0.136883] PCI: 0000:01:0a.0 reg 14 io port: [a400, a4ff]
[    0.136899] PCI: 0000:01:0a.0 reg 30 32bit mmio: [0, 1ffff]
[    0.136917] pci 0000:01:0a.0: supports D1
[    0.136918] pci 0000:01:0a.0: supports D2
[    0.136921] pci 0000:01:0a.0: PME# supported from D0 D1 D2 D3hot D3cold
[    0.136932] pci 0000:01:0a.0: PME# disabled
[    0.136955] pci 0000:00:09.0: transparent bridge
[    0.136967] PCI: bridge 0000:00:09.0 io port: [a000, afff]
[    0.136970] PCI: bridge 0000:00:09.0 32bit mmio: [fde00000, fdefffff]
[    0.136973] PCI: bridge 0000:00:09.0 32bit mmio pref: [fdf00000, fdffffff]
[    0.137007] PCI: bridge 0000:00:0b.0 io port: [9000, 9fff]
[    0.137010] PCI: bridge 0000:00:0b.0 32bit mmio: [fdd00000, fddfffff]
[    0.137014] PCI: bridge 0000:00:0b.0 64bit mmio pref: [fdc00000, fdcfffff]
[    0.137043] PCI: bridge 0000:00:0c.0 io port: [8000, 8fff]
[    0.137046] PCI: bridge 0000:00:0c.0 32bit mmio: [fdb00000, fdbfffff]
[    0.137050] PCI: bridge 0000:00:0c.0 64bit mmio pref: [fda00000, fdafffff]
[    0.137071] PCI: 0000:04:00.0 reg 10 32bit mmio: [fa000000, faffffff]
[    0.137078] PCI: 0000:04:00.0 reg 14 64bit mmio: [d0000000, dfffffff]
[    0.137085] PCI: 0000:04:00.0 reg 1c 64bit mmio: [fb000000, fbffffff]
[    0.137090] PCI: 0000:04:00.0 reg 24 io port: [7c00, 7c7f]
[    0.137094] PCI: 0000:04:00.0 reg 30 32bit mmio: [0, 1ffff]
[    0.137138] PCI: bridge 0000:00:0d.0 io port: [7000, 7fff]
[    0.137140] PCI: bridge 0000:00:0d.0 32bit mmio: [fa000000, fcffffff]
[    0.137144] PCI: bridge 0000:00:0d.0 64bit mmio pref: [d0000000, dfffffff]
[    0.137174] PCI: bridge 0000:00:0e.0 io port: [6000, 6fff]
[    0.137176] PCI: bridge 0000:00:0e.0 32bit mmio: [fd900000, fd9fffff]
[    0.137180] PCI: bridge 0000:00:0e.0 64bit mmio pref: [fd800000, fd8fffff]
[    0.137196] ACPI: PCI Interrupt Routing Table [\_SB_.PCI0._PRT]
[    0.137627] ACPI: PCI Interrupt Routing Table [\_SB_.PCI0.HUB0._PRT]
[    0.197153] ACPI: PCI Interrupt Link [LNK1] (IRQs 3 4 *5 7 9 10 11 12 14 15)
[    0.197343] ACPI: PCI Interrupt Link [LNK2] (IRQs 3 4 5 7 9 10 11 12 14 15) *0, disabled.
[    0.197536] ACPI: PCI Interrupt Link [LNK3] (IRQs 3 4 *5 7 9 10 11 12 14 15)
[    0.198041] ACPI: PCI Interrupt Link [LNK4] (IRQs *3 4 5 7 9 10 11 12 14 15)
[    0.198227] ACPI: PCI Interrupt Link [LNK5] (IRQs 3 4 5 7 9 10 11 12 14 15) *0, disabled.
[    0.198419] ACPI: PCI Interrupt Link [LUBA] (IRQs 3 4 5 7 9 10 *11 12 14 15)
[    0.198605] ACPI: PCI Interrupt Link [LUBB] (IRQs 3 4 5 7 9 10 11 12 14 15) *0, disabled.
[    0.198796] ACPI: PCI Interrupt Link [LMAC] (IRQs 3 4 5 7 9 *10 11 12 14 15)
[    0.198995] ACPI: PCI Interrupt Link [LACI] (IRQs 3 4 5 7 9 10 *11 12 14 15)
[    0.199182] ACPI: PCI Interrupt Link [LMCI] (IRQs 3 4 5 7 9 10 11 12 14 15) *0, disabled.
[    0.199375] ACPI: PCI Interrupt Link [LSMB] (IRQs 3 4 5 7 9 *10 11 12 14 15)
[    0.199563] ACPI: PCI Interrupt Link [LUB2] (IRQs *3 4 5 7 9 10 11 12 14 15)
[    0.199751] ACPI: PCI Interrupt Link [LIDE] (IRQs 3 4 5 7 9 10 11 12 14 15) *0, disabled.
[    0.199952] ACPI: PCI Interrupt Link [LSID] (IRQs 3 4 5 7 9 *10 11 12 14 15)
[    0.200153] ACPI: PCI Interrupt Link [LFID] (IRQs 3 4 5 7 9 10 *11 12 14 15)
[    0.200348] ACPI: PCI Interrupt Link [LPCA] (IRQs 3 4 5 7 9 10 11 12 14 15) *0, disabled.
[    0.200568] ACPI: PCI Interrupt Link [APC1] (IRQs 16) *0
[    0.200773] ACPI: PCI Interrupt Link [APC2] (IRQs 17) *0, disabled.
[    0.200984] ACPI: PCI Interrupt Link [APC3] (IRQs 18) *0
[    0.201190] ACPI: PCI Interrupt Link [APC4] (IRQs 19) *0
[    0.201321] ACPI: PCI Interrupt Link [APC5] (IRQs *16), disabled.
[    0.201547] ACPI: PCI Interrupt Link [APCF] (IRQs 20 21 22 23) *0
[    0.201765] ACPI: PCI Interrupt Link [APCG] (IRQs 20 21 22 23) *0, disabled.
[    0.201988] ACPI: PCI Interrupt Link [APCH] (IRQs 20 21 22 23) *0
[    0.202205] ACPI: PCI Interrupt Link [APCJ] (IRQs 20 21 22 23) *0
[    0.202421] ACPI: PCI Interrupt Link [APCK] (IRQs 20 21 22 23) *0, disabled.
[    0.202640] ACPI: PCI Interrupt Link [APCS] (IRQs 20 21 22 23) *0
[    0.202857] ACPI: PCI Interrupt Link [APCL] (IRQs 20 21 22 23) *0
[    0.203079] ACPI: PCI Interrupt Link [APCZ] (IRQs 20 21 22 23) *0, disabled.
[    0.203306] ACPI: PCI Interrupt Link [APSI] (IRQs 20 21 22 23) *0
[    0.203531] ACPI: PCI Interrupt Link [APSJ] (IRQs 20 21 22 23) *0
[    0.203756] ACPI: PCI Interrupt Link [APCP] (IRQs 20 21 22 23) *0, disabled.
[    0.203983] Linux Plug and Play Support v0.97 (c) Adam Belay
[    0.204005] pnp: PnP ACPI init
[    0.204005] ACPI: bus type pnp registered
[    0.209300] pnp: PnP ACPI: found 10 devices
[    0.209300] ACPI: ACPI bus type pnp unregistered
[    0.209300] SCSI subsystem initialized
[    0.210024] libata version 3.00 loaded.
[    0.210038] usbcore: registered new interface driver usbfs
[    0.210038] usbcore: registered new interface driver hub
[    0.210038] usbcore: registered new device driver usb
[    0.211011] PCI: Using ACPI for IRQ routing
[    0.229980] NetLabel: Initializing
[    0.229989] NetLabel:  domain hash size = 128
[    0.229997] NetLabel:  protocols = UNLABELED CIPSOv4
[    0.230018] NetLabel:  unlabeled traffic allowed by default
[    0.230029] DMAR:parse DMAR table failure.
[    0.230111] ACPI: RTC can wake from S4
[    0.242003] system 00:01: ioport range 0x1000-0x107f has been reserved
[    0.242014] system 00:01: ioport range 0x1080-0x10ff has been reserved
[    0.242026] system 00:01: ioport range 0x1400-0x147f has been reserved
[    0.242037] system 00:01: ioport range 0x1480-0x14ff has been reserved
[    0.242048] system 00:01: ioport range 0x1800-0x187f has been reserved
[    0.242059] system 00:01: ioport range 0x1880-0x18ff has been reserved
[    0.242074] system 00:02: ioport range 0x4d0-0x4d1 has been reserved
[    0.242085] system 00:02: ioport range 0x200-0x27f has been reserved
[    0.242095] system 00:02: ioport range 0x290-0x30f has been reserved
[    0.242106] system 00:02: ioport range 0x290-0x297 has been reserved
[    0.242124] system 00:08: iomem range 0xe0000000-0xefffffff could not be reserved
[    0.242143] system 00:09: iomem range 0xce000-0xcffff has been reserved
[    0.242154] system 00:09: iomem range 0xf0000-0xf7fff could not be reserved
[    0.242166] system 00:09: iomem range 0xf8000-0xfbfff could not be reserved
[    0.242177] system 00:09: iomem range 0xfc000-0xfffff could not be reserved
[    0.242189] system 00:09: iomem range 0xcfee0000-0xcfefffff could not be reserved
[    0.242204] system 00:09: iomem range 0xffff0000-0xffffffff could not be reserved
[    0.242218] system 00:09: iomem range 0x0-0x9ffff could not be reserved
[    0.242229] system 00:09: iomem range 0x100000-0xcfedffff could not be reserved
[    0.242243] system 00:09: iomem range 0xfec00000-0xfec00fff could not be reserved
[    0.242257] system 00:09: iomem range 0xfee00000-0xfeefffff could not be reserved
[    0.242271] system 00:09: iomem range 0xfefff000-0xfeffffff could not be reserved
[    0.242285] system 00:09: iomem range 0xfff80000-0xfff80fff could not be reserved
[    0.242300] system 00:09: iomem range 0xfff90000-0xfffbffff could not be reserved
[    0.242314] system 00:09: iomem range 0xfffed000-0xfffeffff could not be reserved
[    0.247137] pci 0000:00:09.0: PCI bridge, secondary bus 0000:01
[    0.247152] pci 0000:00:09.0:   IO window: 0xa000-0xafff
[    0.247165] pci 0000:00:09.0:   MEM window: 0xfde00000-0xfdefffff
[    0.247178] pci 0000:00:09.0:   PREFETCH window: 0x000000fdf00000-0x000000fdffffff
[    0.247196] pci 0000:00:0b.0: PCI bridge, secondary bus 0000:02
[    0.247208] pci 0000:00:0b.0:   IO window: 0x9000-0x9fff
[    0.247220] pci 0000:00:0b.0:   MEM window: 0xfdd00000-0xfddfffff
[    0.247233] pci 0000:00:0b.0:   PREFETCH window: 0x000000fdc00000-0x000000fdcfffff
[    0.247250] pci 0000:00:0c.0: PCI bridge, secondary bus 0000:03
[    0.247262] pci 0000:00:0c.0:   IO window: 0x8000-0x8fff
[    0.247274] pci 0000:00:0c.0:   MEM window: 0xfdb00000-0xfdbfffff
[    0.247287] pci 0000:00:0c.0:   PREFETCH window: 0x000000fda00000-0x000000fdafffff
[    0.247306] pci 0000:00:0d.0: PCI bridge, secondary bus 0000:04
[    0.247318] pci 0000:00:0d.0:   IO window: 0x7000-0x7fff
[    0.247330] pci 0000:00:0d.0:   MEM window: 0xfa000000-0xfcffffff
[    0.247342] pci 0000:00:0d.0:   PREFETCH window: 0x000000d0000000-0x000000dfffffff
[    0.247360] pci 0000:00:0e.0: PCI bridge, secondary bus 0000:05
[    0.247372] pci 0000:00:0e.0:   IO window: 0x6000-0x6fff
[    0.247384] pci 0000:00:0e.0:   MEM window: 0xfd900000-0xfd9fffff
[    0.247397] pci 0000:00:0e.0:   PREFETCH window: 0x000000fd800000-0x000000fd8fffff
[    0.247420] pci 0000:00:09.0: setting latency timer to 64
[    0.247425] pci 0000:00:0b.0: setting latency timer to 64
[    0.247430] pci 0000:00:0c.0: setting latency timer to 64
[    0.247435] pci 0000:00:0d.0: setting latency timer to 64
[    0.247440] pci 0000:00:0e.0: setting latency timer to 64
[    0.247443] bus: 00 index 0 io port: [0, ffff]
[    0.247453] bus: 00 index 1 mmio: [0, ffffffffffffffff]
[    0.247464] bus: 01 index 0 io port: [a000, afff]
[    0.247474] bus: 01 index 1 mmio: [fde00000, fdefffff]
[    0.247485] bus: 01 index 2 mmio: [fdf00000, fdffffff]
[    0.247496] bus: 01 index 3 io port: [0, ffff]
[    0.247506] bus: 01 index 4 mmio: [0, ffffffffffffffff]
[    0.247517] bus: 02 index 0 io port: [9000, 9fff]
[    0.247527] bus: 02 index 1 mmio: [fdd00000, fddfffff]
[    0.247538] bus: 02 index 2 mmio: [fdc00000, fdcfffff]
[    0.247548] bus: 02 index 3 mmio: [0, 0]
[    0.247558] bus: 03 index 0 io port: [8000, 8fff]
[    0.247568] bus: 03 index 1 mmio: [fdb00000, fdbfffff]
[    0.247578] bus: 03 index 2 mmio: [fda00000, fdafffff]
[    0.247589] bus: 03 index 3 mmio: [0, 0]
[    0.247598] bus: 04 index 0 io port: [7000, 7fff]
[    0.247608] bus: 04 index 1 mmio: [fa000000, fcffffff]
[    0.247619] bus: 04 index 2 mmio: [d0000000, dfffffff]
[    0.247630] bus: 04 index 3 mmio: [0, 0]
[    0.247639] bus: 05 index 0 io port: [6000, 6fff]
[    0.247649] bus: 05 index 1 mmio: [fd900000, fd9fffff]
[    0.247659] bus: 05 index 2 mmio: [fd800000, fd8fffff]
[    0.247670] bus: 05 index 3 mmio: [0, 0]
[    0.247692] NET: Registered protocol family 2
[    0.247978] Switched to high resolution mode on CPU 0
[    0.248099] Switched to high resolution mode on CPU 1
[    0.281173] IP route cache hash table entries: 131072 (order: 8, 1048576 bytes)
[    0.283096] TCP established hash table entries: 524288 (order: 11, 8388608 bytes)
[    0.288472] TCP bind hash table entries: 65536 (order: 8, 1048576 bytes)
[    0.289172] TCP: Hash tables configured (established 524288 bind 65536)
[    0.289186] TCP reno registered
[    0.301130] NET: Registered protocol family 1
[    0.301340] has_svm: svm not available
[    0.301342] kvm: no hardware support
[    0.302803] audit: initializing netlink socket (disabled)
[    0.302842] type=2000 audit(1239158546.302:1): initialized
[    0.307545] HugeTLB registered 2 MB page size, pre-allocated 0 pages
[    0.310686] VFS: Disk quotas dquot_6.5.1
[    0.310814] Dquot-cache hash table entries: 512 (order 0, 4096 bytes)
[    0.311707] squashfs: version 3.4 (2008/08/26) Phillip Lougher
[    0.312349] Installing knfsd (copyright (C) 1996 okir@monad.swb.de).
[    0.312982] NTFS driver 2.1.29 [Flags: R/W].
[    0.313166] fuse init (API version 7.9)
[    0.313495] SGI XFS with ACLs, security attributes, realtime, large block/inode numbers, no debug enabled
[    0.314478] SGI XFS Quota Management subsystem
[    0.314494] msgmni has been set to 6535
[    0.314655] SELinux:  Registering netfilter hooks
[    0.314925] Block layer SCSI generic (bsg) driver version 0.4 loaded (major 252)
[    0.314943] io scheduler noop registered
[    0.314951] io scheduler anticipatory registered
[    0.314959] io scheduler deadline registered
[    0.315119] io scheduler cfq registered (default)
[    0.315148] pci 0000:00:00.0: Enabling HT MSI Mapping
[    0.327890] pci 0000:00:02.1: EHCI: BIOS handoff
[    5.827018] pci 0000:00:02.1: EHCI: BIOS handoff failed (BIOS bug?) 01010001
[    5.827078] pci 0000:00:0b.0: Enabling HT MSI Mapping
[    5.827092] pci 0000:00:0b.0: Found enabled HT MSI Mapping
[    5.827103] pci 0000:00:0b.0: Linking AER extended capability
[    5.827120] pci 0000:00:0c.0: Enabling HT MSI Mapping
[    5.827133] pci 0000:00:0c.0: Found enabled HT MSI Mapping
[    5.827143] pci 0000:00:0c.0: Linking AER extended capability
[    5.827160] pci 0000:00:0d.0: Enabling HT MSI Mapping
[    5.827173] pci 0000:00:0d.0: Found enabled HT MSI Mapping
[    5.827183] pci 0000:00:0d.0: Linking AER extended capability
[    5.827200] pci 0000:00:0e.0: Enabling HT MSI Mapping
[    5.827213] pci 0000:00:0e.0: Found enabled HT MSI Mapping
[    5.827223] pci 0000:00:0e.0: Linking AER extended capability
[    5.827264] pci 0000:04:00.0: Boot video device
[    5.827395] pcieport-driver 0000:00:0b.0: setting latency timer to 64
[    5.827416] pcieport-driver 0000:00:0b.0: found MSI capability
[    5.827449] pci_express 0000:00:0b.0:pcie00: allocate port service
[    5.827513] pci_express 0000:00:0b.0:pcie03: allocate port service
[    5.827600] pcieport-driver 0000:00:0c.0: setting latency timer to 64
[    5.827618] pcieport-driver 0000:00:0c.0: found MSI capability
[    5.827642] pci_express 0000:00:0c.0:pcie00: allocate port service
[    5.827701] pci_express 0000:00:0c.0:pcie03: allocate port service
[    5.827785] pcieport-driver 0000:00:0d.0: setting latency timer to 64
[    5.827803] pcieport-driver 0000:00:0d.0: found MSI capability
[    5.827826] pci_express 0000:00:0d.0:pcie00: allocate port service
[    5.827885] pci_express 0000:00:0d.0:pcie03: allocate port service
[    5.827967] pcieport-driver 0000:00:0e.0: setting latency timer to 64
[    5.827985] pcieport-driver 0000:00:0e.0: found MSI capability
[    5.828015] pci_express 0000:00:0e.0:pcie00: allocate port service
[    5.828073] pci_express 0000:00:0e.0:pcie03: allocate port service
[    5.828269] pci_hotplug: PCI Hot Plug PCI Core version: 0.5
[    5.832372] Non-volatile memory driver v1.2
[    5.832407] Linux agpgart interface v0.103
[    5.832917] uvesafb: failed to execute /sbin/v86d
[    5.832927] uvesafb: make sure that the v86d helper is installed and executable
[    5.832942] uvesafb: Getting VBE info block failed (eax=0x4f00, err=-2)
[    5.832953] uvesafb: vbe_init() failed with -22
[    5.832966] uvesafb: probe of uvesafb.0 failed with error -22
[    5.833517] vesafb: framebuffer at 0xd0000000, mapped to 0xffffc20011100000, using 10240k, total 262144k
[    5.833534] vesafb: mode is 1280x1024x32, linelength=5120, pages=0
[    5.833544] vesafb: scrolling: redraw
[    5.833552] vesafb: Truecolor: size=8:8:8:8, shift=24:16:8:0
[    5.840901] Console: switching to colour frame buffer device 160x64
[    5.847185] fb0: VESA VGA frame buffer device
[    5.847366] vga16fb: initializing
[    5.847369] vga16fb: mapped to 0xffff8800000a0000
[    5.847484] fb1: VGA16 VGA frame buffer device
[    5.847831] input: Power Button (FF) as /devices/LNXSYSTM:00/LNXPWRBN:00/input/input0
[    5.856266] ACPI: Power Button (FF) [PWRF]
[    5.856407] input: Power Button (CM) as /devices/LNXSYSTM:00/device:00/PNP0C0C:00/input/input1
[    5.865265] ACPI: Power Button (CM) [PWRB]
[    5.865476] fan PNP0C0B:00: registered as cooling_device0
[    5.865528] ACPI: Fan [FAN] (on)
[    5.865817] processor ACPI0007:00: registered as cooling_device1
[    5.865952] processor ACPI0007:01: registered as cooling_device2
[    5.870335] thermal LNXTHERM:01: registered as thermal_zone0
[    5.870746] ACPI: Thermal Zone [THRM] (40 C)
[    5.870908] [drm] Initialized drm 1.1.0 20060810
[    5.871498] Serial: 8250/16550 driver4 ports, IRQ sharing enabled
[    6.115134] serial8250: ttyS0 at I/O 0x3f8 (irq = 4) is a 16550A
[    6.115713] 00:07: ttyS0 at I/O 0x3f8 (irq = 4) is a 16550A
[    6.118052] brd: module loaded
[    6.119153] loop: module loaded
[    6.119340] nbd: registered device at major 43
[    6.121396] Intel(R) PRO/1000 Network Driver - version 7.3.20-k3-NAPI
[    6.121464] Copyright (c) 1999-2006 Intel Corporation.
[    6.121586] e100: Intel(R) PRO/100 Network Driver, 3.5.23-k4-NAPI
[    6.121644] e100: Copyright(c) 1999-2006 Intel Corporation
[    6.121910] Fixed MDIO Bus: probed
[    6.121961] forcedeth: Reverse Engineered nForce ethernet driver. Version 0.61.
[    6.122428] ACPI: PCI Interrupt Link [APCH] enabled at IRQ 23
[    6.122489] forcedeth 0000:00:0a.0: PCI INT A -> Link[APCH] -> GSI 23 (level, low) -> IRQ 23
[    6.122566] forcedeth 0000:00:0a.0: setting latency timer to 64
[    6.122605] nv_probe: set workaround bit for reversed mac addr
[    6.634740] forcedeth 0000:00:0a.0: ifname eth0, PHY OUI 0x3f1 @ 1, addr 00:01:29:fc:c9:82
[    6.634816] forcedeth 0000:00:0a.0: highdma csum timirq gbit lnktim desc-v3
[    6.635146] console [netcon0] enabled
[    6.635181] netconsole: network logging started
[    6.635222] Linux video capture interface: v2.00
[    6.635331] V4L-Driver for Vision CPiA based cameras v1.2.3
[    6.636782] Since in-kernel colorspace conversion is not allowed, it is disabled by default now. Users should fix the applications in case they don't work without conversion reenabled by setting the 'colorspace_conv' module parameter to 1
[    6.640012] cpia2: V4L-Driver for Vision CPiA2 based cameras v2.0.0
[    6.641748] usbcore: registered new interface driver cpia2
[    6.643534] usbcore: registered new interface driver uvcvideo
[    6.645263] USB Video Class driver (v0.1.0)
[    6.647098] input: Macintosh mouse button emulation as /devices/virtual/input/input2
[    6.649034] Loading iSCSI transport class v2.0-870.
[    6.651243] Driver 'sd' needs updating - please use bus_type methods
[    6.653187] Driver 'sr' needs updating - please use bus_type methods
[    6.655352] sata_nv 0000:00:07.0: version 3.5
[    6.655802] ACPI: PCI Interrupt Link [APSI] enabled at IRQ 22
[    6.657743] sata_nv 0000:00:07.0: PCI INT A -> Link[APSI] -> GSI 22 (level, low) -> IRQ 22
[    6.659789] sata_nv 0000:00:07.0: setting latency timer to 64
[    6.659856] scsi0 : sata_nv
[    6.662091] scsi1 : sata_nv
[    6.664356] ata1: SATA max UDMA/133 cmd 0x9f0 ctl 0xbf0 bmdma 0xd400 irq 22
[    6.666446] ata2: SATA max UDMA/133 cmd 0x970 ctl 0xb70 bmdma 0xd408 irq 22
[    6.973023] ata1: SATA link down (SStatus 0 SControl 300)
[    7.280024] ata2: SATA link up 3.0 Gbps (SStatus 123 SControl 300)
[    7.327675] ata2.00: ATA-7: ST3320620NS, 3.AEG, max UDMA/133
[    7.329879] ata2.00: 625142448 sectors, multi 16: LBA48 NCQ (depth 0/32)
[    7.385984] ata2.00: configured for UDMA/133
[    7.388272] isa bounce pool size: 16 pages
[    7.390613] scsi 1:0:0:0: Direct-Access     ATA      ST3320620NS      3.AE PQ: 0 ANSI: 5
[    7.393199] sd 1:0:0:0: [sda] 625142448 512-byte hardware sectors (320073 MB)
[    7.395558] sd 1:0:0:0: [sda] Write Protect is off
[    7.397874] sd 1:0:0:0: [sda] Mode Sense: 00 3a 00 00
[    7.397901] sd 1:0:0:0: [sda] Write cache: enabled, read cache: enabled, doesn't support DPO or FUA
[    7.400347] sd 1:0:0:0: [sda] 625142448 512-byte hardware sectors (320073 MB)
[    7.402735] sd 1:0:0:0: [sda] Write Protect is off
[    7.405072] sd 1:0:0:0: [sda] Mode Sense: 00 3a 00 00
[    7.405097] sd 1:0:0:0: [sda] Write cache: enabled, read cache: enabled, doesn't support DPO or FUA
[    7.407467]  sda: sda1 sda2 sda3 sda4
[    7.436606] sd 1:0:0:0: [sda] Attached SCSI disk
[    7.439049] sd 1:0:0:0: Attached scsi generic sg0 type 0
[    7.441887] ACPI: PCI Interrupt Link [APSJ] enabled at IRQ 21
[    7.444200] sata_nv 0000:00:08.0: PCI INT A -> Link[APSJ] -> GSI 21 (level, low) -> IRQ 21
[    7.446579] sata_nv 0000:00:08.0: setting latency timer to 64
[    7.446644] scsi2 : sata_nv
[    7.449145] scsi3 : sata_nv
[    7.451703] ata3: SATA max UDMA/133 cmd 0x9e0 ctl 0xbe0 bmdma 0xc000 irq 21
[    7.454053] ata4: SATA max UDMA/133 cmd 0x960 ctl 0xb60 bmdma 0xc008 irq 21
[    7.761024] ata3: SATA link up 3.0 Gbps (SStatus 123 SControl 300)
[    7.793532] ata3.00: ATA-8: ST31500341AS, CC1H, max UDMA/133
[    7.795869] ata3.00: 2930277168 sectors, multi 16: LBA48 NCQ (depth 0/32)
[    7.847509] ata3.00: configured for UDMA/133
[    8.154024] ata4: SATA link up 1.5 Gbps (SStatus 113 SControl 300)
[    8.175110] ata4.00: ATAPI: LITE-ON DVDRW LH-20A1L, BL02, max UDMA/100
[    8.199117] ata4.00: configured for UDMA/100
[    8.201547] scsi 2:0:0:0: Direct-Access     ATA      ST31500341AS     CC1H PQ: 0 ANSI: 5
[    8.204182] sd 2:0:0:0: [sdb] 2930277168 512-byte hardware sectors (1500302 MB)
[    8.206587] sd 2:0:0:0: [sdb] Write Protect is off
[    8.208953] sd 2:0:0:0: [sdb] Mode Sense: 00 3a 00 00
[    8.208980] sd 2:0:0:0: [sdb] Write cache: enabled, read cache: enabled, doesn't support DPO or FUA
[    8.211469] sd 2:0:0:0: [sdb] 2930277168 512-byte hardware sectors (1500302 MB)
[    8.213882] sd 2:0:0:0: [sdb] Write Protect is off
[    8.216247] sd 2:0:0:0: [sdb] Mode Sense: 00 3a 00 00
[    8.216287] sd 2:0:0:0: [sdb] Write cache: enabled, read cache: enabled, doesn't support DPO or FUA
[    8.218680]  sdb: sdb1 sdb2 sdb3 sdb4
[    8.246312] sd 2:0:0:0: [sdb] Attached SCSI disk
[    8.248815] sd 2:0:0:0: Attached scsi generic sg1 type 0
[    8.252397] scsi 3:0:0:0: CD-ROM            LITE-ON  DVDRW LH-20A1L   BL02 PQ: 0 ANSI: 5
[    8.260314] sr0: scsi3-mmc drive: 48x/48x writer dvd-ram cd/rw xa/form2 cdda tray
[    8.262731] Uniform CD-ROM driver Revision: 3.20
[    8.265347] sr 3:0:0:0: Attached scsi CD-ROM sr0
[    8.265476] sr 3:0:0:0: Attached scsi generic sg2 type 5
[    8.267981] pata_amd 0000:00:06.0: version 0.3.10
[    8.268023] pata_amd 0000:00:06.0: setting latency timer to 64
[    8.268098] scsi4 : pata_amd
[    8.270523] scsi5 : pata_amd
[    8.273613] ata5: PATA max UDMA/133 cmd 0x1f0 ctl 0x3f6 bmdma 0xe800 irq 14
[    8.275869] ata6: PATA max UDMA/133 cmd 0x170 ctl 0x376 bmdma 0xe808 irq 15
[    8.443282] ata5.01: ATAPI: PIONEER DVD-RW  DVR-112D, 1.21, max UDMA/66
[    8.445567] ata5: nv_mode_filter: 0x1f39f&0x1f01f->0x1f01f, BIOS=0x1f000 (0xc50000) ACPI=0x1f01f (600:30:0x1c)
[    8.451222] ata5.01: configured for UDMA/66
[    8.621043] scsi 4:0:1:0: CD-ROM            PIONEER  DVD-RW  DVR-112D 1.21 PQ: 0 ANSI: 5
[    8.641289] sr1: scsi3-mmc drive: 40x/40x writer cd/rw xa/form2 cdda tray
[    8.643734] sr 4:0:1:0: Attached scsi CD-ROM sr1
[    8.643878] sr 4:0:1:0: Attached scsi generic sg3 type 5
[    8.646837] ACPI: PCI Interrupt Link [APC1] enabled at IRQ 16
[    8.649124] firewire_ohci 0000:01:07.2: PCI INT B -> Link[APC1] -> GSI 16 (level, low) -> IRQ 16
[    8.708019] firewire_ohci: Added fw-ohci device 0000:01:07.2, OHCI version 1.10
[    8.710718] ehci_hcd: block sizes: qh 160 qtd 96 itd 192 sitd 96
[    8.711050] ACPI: PCI Interrupt Link [APCL] enabled at IRQ 20
[    8.713379] ehci_hcd 0000:00:02.1: PCI INT B -> Link[APCL] -> GSI 20 (level, low) -> IRQ 20
[    8.715734] ehci_hcd 0000:00:02.1: setting latency timer to 64
[    8.715737] ehci_hcd 0000:00:02.1: EHCI Host Controller
[    8.718178] drivers/usb/core/inode.c: creating file 'devices'
[    8.718189] drivers/usb/core/inode.c: creating file '001'
[    8.718271] ehci_hcd 0000:00:02.1: new USB bus registered, assigned bus number 1
[    8.720645] ehci_hcd 0000:00:02.1: reset hcs_params 0x10148a dbg=1 cc=1 pcc=4 !ppc ports=10
[    8.720653] ehci_hcd 0000:00:02.1: reset portroute 0 0 0 0 0 0 0 0 0 0 
[    8.720657] ehci_hcd 0000:00:02.1: reset hcc_params a082 caching frame 256/512/1024
[    8.720685] ehci_hcd 0000:00:02.1: reset command 080002 (park)=0 ithresh=8 period=1024 Reset HALT
[    8.720690] ehci_hcd 0000:00:02.1: bogus port configuration: cc=1 x pcc=4 < ports=10
[    8.720696] ehci_hcd 0000:00:02.1: debug port 1
[    8.723042] ehci_hcd 0000:00:02.1: cache line size of 64 is not supported
[    8.723045] ehci_hcd 0000:00:02.1: supports USB remote wakeup
[    8.723059] ehci_hcd 0000:00:02.1: irq 20, io mem 0xfeb00000
[    8.725397] ehci_hcd 0000:00:02.1: reset command 080002 (park)=0 ithresh=8 period=1024 Reset HALT
[    8.725403] ehci_hcd 0000:00:02.1: init command 010009 (park)=0 ithresh=1 period=256 RUN
[    8.731022] ehci_hcd 0000:00:02.1: USB 2.0 started, EHCI 1.00, driver 10 Dec 2004
[    8.733410] usb usb1: default language 0x0409
[    8.733446] usb usb1: uevent
[    8.733505] usb usb1: usb_probe_device
[    8.733508] usb usb1: configuration #1 chosen from 1 choice
[    8.735857] usb usb1: adding 1-0:1.0 (config #1, interface 0)
[    8.735876] usb 1-0:1.0: uevent
[    8.735934] hub 1-0:1.0: usb_probe_interface
[    8.735936] hub 1-0:1.0: usb_probe_interface - got id
[    8.735939] hub 1-0:1.0: USB hub found
[    8.738282] hub 1-0:1.0: 10 ports detected
[    8.740590] hub 1-0:1.0: standalone hub
[    8.740592] hub 1-0:1.0: no power switching (usb 1.0)
[    8.740594] hub 1-0:1.0: individual port over-current protection
[    8.740596] hub 1-0:1.0: power on to power good time: 20ms
[    8.740601] hub 1-0:1.0: local power source is good
[    8.740604] hub 1-0:1.0: trying to enable port power on non-switchable hub
[    8.841025] ehci_hcd 0000:00:02.1: GetStatus port 4 status 001803 POWER sig=j CSC CONNECT
[    8.841029] hub 1-0:1.0: port 4: status 0501 change 0001
[    8.942033] hub 1-0:1.0: state 7 ports 10 chg 0010 evt 0000
[    8.942159] drivers/usb/core/inode.c: creating file '001'
[    8.942185] hub 1-0:1.0: port 4, status 0501, change 0000, 480 Mb/s
[    8.942245] usb usb1: New USB device found, idVendor=1d6b, idProduct=0002
[    8.944578] usb usb1: New USB device strings: Mfr=3, Product=2, SerialNumber=1
[    8.946905] usb usb1: Product: EHCI Host Controller
[    8.949209] usb usb1: Manufacturer: Linux 2.6.27-gentoo-r8 ehci_hcd
[    8.951508] usb usb1: SerialNumber: 0000:00:02.1
[    8.953871] ohci_hcd: 2006 August 04 USB 1.1 'Open' Host Controller (OHCI) Driver
[    8.953874] ohci_hcd: block sizes: ed 80 td 96
[    8.954230] ACPI: PCI Interrupt Link [APCF] enabled at IRQ 23
[    8.956518] ohci_hcd 0000:00:02.0: PCI INT A -> Link[APCF] -> GSI 23 (level, low) -> IRQ 23
[    8.958829] ohci_hcd 0000:00:02.0: setting latency timer to 64
[    8.958832] ohci_hcd 0000:00:02.0: OHCI Host Controller
[    8.961186] drivers/usb/core/inode.c: creating file '002'
[    8.961270] ohci_hcd 0000:00:02.0: new USB bus registered, assigned bus number 2
[    8.963598] ohci_hcd 0000:00:02.0: created debug files
[    8.963601] ohci_hcd 0000:00:02.0: supports USB remote wakeup
[    8.963617] ohci_hcd 0000:00:02.0: irq 23, io mem 0xfe02f000
[    8.993240] ehci_hcd 0000:00:02.1: port 4 high speed
[    8.993245] ehci_hcd 0000:00:02.1: GetStatus port 4 status 001005 POWER sig=se0 PE CONNECT
[    9.018026] ohci_hcd 0000:00:02.0: OHCI controller state
[    9.018029] ohci_hcd 0000:00:02.0: OHCI 1.0, NO legacy support registers
[    9.018032] ohci_hcd 0000:00:02.0: control 0x683 RWE RWC HCFS=operational CBSR=3
[    9.018035] ohci_hcd 0000:00:02.0: cmdstatus 0x00000 SOC=0
[    9.018038] ohci_hcd 0000:00:02.0: intrstatus 0x00000004 SF
[    9.018041] ohci_hcd 0000:00:02.0: intrenable 0x8000004a MIE RHSC RD WDH
[    9.018044] ohci_hcd 0000:00:02.0: hcca frame #0003
[    9.018048] ohci_hcd 0000:00:02.0: roothub.a 0100020a POTPGT=1 NPS NDP=10(10)
[    9.018051] ohci_hcd 0000:00:02.0: roothub.b 00000000 PPCM=0000 DR=0000
[    9.018054] ohci_hcd 0000:00:02.0: roothub.status 00008000 DRWE
[    9.018058] ohci_hcd 0000:00:02.0: roothub.portstatus [0] 0x00000100 PPS
[    9.018061] ohci_hcd 0000:00:02.0: roothub.portstatus [1] 0x00000100 PPS
[    9.018065] ohci_hcd 0000:00:02.0: roothub.portstatus [2] 0x00000100 PPS
[    9.018068] ohci_hcd 0000:00:02.0: roothub.portstatus [3] 0x00000100 PPS
[    9.018071] ohci_hcd 0000:00:02.0: roothub.portstatus [4] 0x00000100 PPS
[    9.018075] ohci_hcd 0000:00:02.0: roothub.portstatus [5] 0x00000100 PPS
[    9.018078] ohci_hcd 0000:00:02.0: roothub.portstatus [6] 0x00000100 PPS
[    9.018081] ohci_hcd 0000:00:02.0: roothub.portstatus [7] 0x00000100 PPS
[    9.018085] ohci_hcd 0000:00:02.0: roothub.portstatus [8] 0x00000100 PPS
[    9.018088] ohci_hcd 0000:00:02.0: roothub.portstatus [9] 0x00000100 PPS
[    9.018102] usb usb2: default language 0x0409
[    9.018146] usb usb2: uevent
[    9.018207] usb usb2: usb_probe_device
[    9.018210] usb usb2: configuration #1 chosen from 1 choice
[    9.020494] usb usb2: adding 2-0:1.0 (config #1, interface 0)
[    9.020511] usb 2-0:1.0: uevent
[    9.020568] hub 2-0:1.0: usb_probe_interface
[    9.020570] hub 2-0:1.0: usb_probe_interface - got id
[    9.020573] hub 2-0:1.0: USB hub found
[    9.022827] hub 2-0:1.0: 10 ports detected
[    9.025087] hub 2-0:1.0: standalone hub
[    9.025089] hub 2-0:1.0: no power switching (usb 1.0)
[    9.025091] hub 2-0:1.0: global over-current protection
[    9.025093] hub 2-0:1.0: power on to power good time: 2ms
[    9.025098] hub 2-0:1.0: local power source is good
[    9.025100] hub 2-0:1.0: no over-current condition exists
[    9.025102] hub 2-0:1.0: trying to enable port power on non-switchable hub
[    9.044024] usb 1-4: new high speed USB device using ehci_hcd and address 2
[    9.097236] ehci_hcd 0000:00:02.1: port 4 high speed
[    9.097239] ehci_hcd 0000:00:02.1: GetStatus port 4 status 001005 POWER sig=se0 PE CONNECT
[    9.126122] drivers/usb/core/inode.c: creating file '001'
[    9.126205] usb usb2: New USB device found, idVendor=1d6b, idProduct=0001
[    9.128540] usb usb2: New USB device strings: Mfr=3, Product=2, SerialNumber=1
[    9.130850] usb usb2: Product: OHCI Host Controller
[    9.133147] usb usb2: Manufacturer: Linux 2.6.27-gentoo-r8 ohci_hcd
[    9.135450] usb usb2: SerialNumber: 0000:00:02.0
[    9.137810] USB Universal Host Controller Interface driver v3.0
[    9.161420] usb 1-4: default language 0x0409
[    9.161705] usb 1-4: uevent
[    9.161766] usb 1-4: usb_probe_device
[    9.161769] usb 1-4: configuration #1 chosen from 1 choice
[    9.164293] usb 1-4: adding 1-4:1.0 (config #1, interface 0)
[    9.164309] usb 1-4:1.0: uevent
[    9.164361] hub 1-4:1.0: usb_probe_interface
[    9.164363] hub 1-4:1.0: usb_probe_interface - got id
[    9.164366] hub 1-4:1.0: USB hub found
[    9.166917] hub 1-4:1.0: 4 ports detected
[    9.169176] hub 1-4:1.0: standalone hub
[    9.169178] hub 1-4:1.0: ganged power switching
[    9.169179] hub 1-4:1.0: global over-current protection
[    9.169181] hub 1-4:1.0: Single TT
[    9.169183] hub 1-4:1.0: TT requires at most 32 FS bit times (2664 ns)
[    9.169186] hub 1-4:1.0: Port indicators are supported
[    9.169188] hub 1-4:1.0: power on to power good time: 100ms
[    9.169540] hub 1-4:1.0: local power source is good
[    9.169543] hub 1-4:1.0: no over-current condition exists
[    9.169545] hub 1-4:1.0: enabling power on all ports
[    9.210113] firewire_core: created device fw0: GUID 00023c01510d274a, S400
[    9.272049] hub 1-4:1.0: port 4: status 0101 change 0001
[    9.373020] usb 1-4: link qh256-0001/ffff88000001d140 start 255 [1/0 us]
[    9.373112] drivers/usb/core/inode.c: creating file '002'
[    9.373193] usb 1-4: New USB device found, idVendor=05e3, idProduct=0606
[    9.375482] usb 1-4: New USB device strings: Mfr=0, Product=1, SerialNumber=0
[    9.377759] usb 1-4: Product: USB2.0 Hub
[    9.380011] hub 2-0:1.0: state 7 ports 10 chg 0000 evt 0000
[    9.380015] hub 1-4:1.0: state 7 ports 4 chg 0010 evt 0000
[    9.380296] hub 1-4:1.0: port 4, status 0101, change 0000, 12 Mb/s
[    9.442683] usb 1-4.4: new full speed USB device using ehci_hcd and address 3
[    9.456294] hub 1-4:1.0: port 4 not reset yet, waiting 10ms
[    9.531018] usb 1-4.4: ep0 maxpacket = 8
[    9.532672] usb 1-4.4: default language 0x0409
[    9.533584] usb 1-4.4: uevent
[    9.533646] usb 1-4.4: usb_probe_device
[    9.533648] usb 1-4.4: configuration #1 chosen from 1 choice
[    9.536045] usb 1-4.4: adding 1-4.4:1.0 (config #1, interface 0)
[    9.536061] usb 1-4.4:1.0: uevent
[    9.536114] hub 1-4.4:1.0: usb_probe_interface
[    9.536116] hub 1-4.4:1.0: usb_probe_interface - got id
[    9.536118] hub 1-4.4:1.0: USB hub found
[    9.538668] hub 1-4.4:1.0: 3 ports detected
[    9.540880] hub 1-4.4:1.0: compound device; port removable status: FRR
[    9.540882] hub 1-4.4:1.0: individual port power switching
[    9.540884] hub 1-4.4:1.0: individual port over-current protection
[    9.540887] hub 1-4.4:1.0: power on to power good time: 100ms
[    9.541043] hub 1-4.4:1.0: hub controller current requirement: 90mA
[    9.541045] hub 1-4.4:1.0: 100mA bus power budget for each child
[    9.541292] hub 1-4.4:1.0: enabling power on all ports
[    9.642182] hub 1-4.4:1.0: port 1: status 0101 change 0001
[    9.743022] usb 1-4.4: link qh128-0e01/ffff88000001d280 start 127 [1/2 us]
[    9.743105] drivers/usb/core/inode.c: creating file '003'
[    9.743188] usb 1-4.4: New USB device found, idVendor=0472, idProduct=0065
[    9.745436] usb 1-4.4: New USB device strings: Mfr=1, Product=2, SerialNumber=0
[    9.747668] usb 1-4.4: Product: Generic USB Hub
[    9.749869] usb 1-4.4: Manufacturer: Chicony 
[    9.752044] hub 1-4:1.0: state 7 ports 4 chg 0000 evt 0010
[    9.752307] hub 1-4.4:1.0: state 7 ports 3 chg 0002 evt 0000
[    9.752668] hub 1-4.4:1.0: port 1, status 0101, change 0000, 12 Mb/s
[    9.763670] hub 1-4.4:1.0: port 1 not reset yet, waiting 10ms
[    9.825558] usb 1-4.4.1: new full speed USB device using ehci_hcd and address 4
[    9.839169] hub 1-4.4:1.0: port 1 not reset yet, waiting 10ms
[    9.914017] usb 1-4.4.1: ep0 maxpacket = 8
[    9.915798] usb 1-4.4.1: skipped 1 descriptor after interface
[    9.916049] usb 1-4.4.1: default language 0x0409
[    9.917083] usb 1-4.4.1: uevent
[    9.917137] usb 1-4.4.1: usb_probe_device
[    9.917140] usb 1-4.4.1: configuration #1 chosen from 1 choice
[    9.920044] usb 1-4.4.1: adding 1-4.4.1:1.0 (config #1, interface 0)
[    9.920062] usb 1-4.4.1:1.0: uevent
[    9.920181] drivers/usb/core/inode.c: creating file '004'
[    9.920268] usb 1-4.4.1: New USB device found, idVendor=0472, idProduct=0065
[    9.922513] usb 1-4.4.1: New USB device strings: Mfr=3, Product=4, SerialNumber=0
[    9.924750] usb 1-4.4.1: Product: PFU-65 USB Keyboard
[    9.927000] usb 1-4.4.1: Manufacturer: Chicony 
[    9.929221] hub 1-4.4:1.0: 410mA power budget left
[    9.929226] hub 1-4.4:1.0: state 7 ports 3 chg 0000 evt 0002
[    9.929728] usbcore: registered new interface driver usblp
[    9.931998] usbcore: registered new interface driver cdc_wdm
[    9.934168] Initializing USB Mass Storage driver...
[    9.936380] usbcore: registered new interface driver usb-storage
[    9.938534] USB Mass Storage support registered.
[    9.940735] usbcore: registered new interface driver libusual
[    9.942994] usbcore: registered new interface driver usbserial
[    9.945140] usbserial: USB Serial support registered for generic
[    9.947229] usbserial_generic 1-4.4.1:1.0: usb_probe_interface
[    9.947232] usbserial_generic 1-4.4.1:1.0: usb_probe_interface - got id
[    9.947300] usbcore: registered new interface driver usbserial_generic
[    9.949371] usbserial: USB Serial Driver core
[    9.951474] usbserial: USB Serial support registered for hp4X
[    9.953586] usbcore: registered new interface driver hp4X
[    9.955645] hp4x: HP4x (48/49) Generic Serial driver v1.00
[    9.957764] usbcore: registered new interface driver berry_charge
[    9.959889] usbcore: registered new interface driver usblcd
[    9.961977] usbcore: registered new interface driver usbled
[    9.964034] usbcore: registered new interface driver trancevibrator
[    9.966042] trancevibrator: v1.1:PlayStation 2 Trance Vibrator driver
[    9.968267] PNP: No PS/2 controller found. Probing ports directly.
[   10.204019] ohci_hcd 0000:00:02.0: auto-stop root hub
[   10.221416] serio: i8042 KBD port at 0x60,0x64 irq 1
[   10.235355] mice: PS/2 mouse device common for all mice
[   10.237880] gameport: EMU10K1 is pci0000:01:07.1/gameport0, io 0xa800, speed 1203kHz
[   10.513870] rtc_cmos: dev (254:0)
[   10.513878] rtc_cmos 00:04: rtc core: registered rtc_cmos as rtc0
[   10.515969] rtc0: alarms up to one year, y3k
[   10.518024] i2c /dev entries driver
[   10.526431] i2c-adapter i2c-0: nForce2 SMBus adapter at 0x1c00
[   10.528604] i2c-adapter i2c-1: nForce2 SMBus adapter at 0x1c40
[   10.530989] device-mapper: ioctl: 4.14.0-ioctl (2008-04-23) initialised: dm-devel@redhat.com
[   10.533100] cpuidle: using governor ladder
[   10.535113] cpuidle: using governor menu
[   10.537172] sdhci: Secure Digital Host Controller Interface driver
[   10.539203] sdhci: Copyright(c) Pierre Ossman
[   10.541463] No iBFT detected.
[   10.543560] usbcore: registered new interface driver hiddev
[   10.545566] usbhid 1-4.4.1:1.0: usb_probe_interface
[   10.545569] usbhid 1-4.4.1:1.0: usb_probe_interface - got id
[   10.546835] input: Chicony  PFU-65 USB Keyboard as /devices/pci0000:00/0000:00:02.1/usb1/1-4/1-4.4/1-4.4.1/1-4.4.1:1.0/input/input3
[   10.558275] usb 1-4.4.1: link qh16-0e01/ffff88000001d3c0 start 15 [1/2 us]
[   10.570406] input,hidraw0: USB HID v1.00 Keyboard [Chicony  PFU-65 USB Keyboard] on usb-0000:00:02.1-4.4.1
[   10.572603] usbcore: registered new interface driver usbhid
[   10.574716] usbhid: v2.6:USB HID core driver
[   10.576893] Advanced Linux Sound Architecture Driver Version 1.0.17.
[   10.579799] ACPI: PCI Interrupt Link [APC4] enabled at IRQ 19
[   10.581955] EMU10K1_Audigy 0000:01:07.0: PCI INT A -> Link[APC4] -> GSI 19 (level, low) -> IRQ 19
[   10.586635] Installing spdif_bug patch: Audigy 2 ZS [SB0350]
[   10.603050] usbcore: registered new interface driver snd-usb-audio
[   10.605262] ASoC version 0.13.2
[   10.607474] ALSA device list:
[   10.609598]   #0: Audigy 2 ZS [SB0350] (rev.4, serial:0x20021102) at 0xac00, irq 19
[   10.611922] Netfilter messages via NETLINK v0.30.
[   10.614198] nf_conntrack version 0.5.0 (16384 buckets, 65536 max)
[   10.616612] ctnetlink v0.93: registering with nfnetlink.
[   10.619297] IPv4 over IPv4 tunneling driver
[   10.621882] GRE over IPv4 tunneling driver
[   10.624917] ip_tables: (C) 2000-2006 Netfilter Core Team
[   10.627264] IPVS: Registered protocols (TCP, UDP, AH, ESP)
[   10.629499] IPVS: Connection hash table configured (size=4096, memory=64Kbytes)
[   10.631753] IPVS: ipvs loaded.
[   10.633931] TCP cubic registered
[   10.636101] Initializing XFRM netlink socket
[   10.638416] NET: Registered protocol family 10
[   10.643264] ip6_tables: (C) 2000-2006 Netfilter Core Team
[   10.645532] IPv6 over IPv4 tunneling driver
[   10.650027] NET: Registered protocol family 17
[   10.652525] RPC: Registered udp transport module.
[   10.654695] RPC: Registered tcp transport module.
[   10.656880] powernow-k8: Found 1 AMD Athlon(tm) 64 X2 Dual Core Processor 4200+ processors (2 cpu cores) (version 2.20.00)
[   10.659163] powernow-k8:    0 : fid 0xe (2200 MHz), vid 0x8
[   10.661441] powernow-k8:    1 : fid 0xc (2000 MHz), vid 0xa
[   10.663650] powernow-k8:    2 : fid 0xa (1800 MHz), vid 0xc
[   10.665829] powernow-k8:    3 : fid 0x2 (1000 MHz), vid 0x12
[   10.668377] registered taskstats version 1
[   10.670693]   Magic number: 5:480:712
[   10.672927] hd: no drives specified - use hd=cyl,head,sectors on kernel command line
[   10.675161] rtc_cmos 00:04: setting system clock to 2009-04-08 02:42:37 UTC (1239158557)
[   10.677373] BIOS EDD facility v0.16 2004-Jun-25, 0 devices found
[   10.679610] EDD information not available.
[   10.682145] md: Autodetecting RAID arrays.
[   10.684406] md: Scanned 0 and added 0 devices.
[   10.686649] md: autorun ...
[   10.688860] md: ... autorun DONE.
[   10.715281] UDF-fs: No VRS found
[   10.722345] XFS: correcting sb_features alignment problem
[   10.741146] XFS mounting filesystem sda3
[   10.853203] Ending clean XFS mount for filesystem: sda3
[   10.853286] VFS: Mounted root (xfs filesystem) readonly.
[   10.855496] Freeing unused kernel memory: 580k freed
[   10.858000] Write protecting the kernel read-only data: 9444k
[   10.933725] khelper used greatest stack depth: 4424 bytes left
[   11.701031] hub 2-0:1.0: hub_suspend
[   11.701041] usb usb2: bus auto-suspend
[   11.701045] ohci_hcd 0000:00:02.0: suspend root hub
[   11.982810] usb usb2: uevent
[   11.982897] usb usb1: uevent
[   11.982939] usb 1-4: uevent
[   11.982962] usb 1-4.4: uevent
[   11.982986] usb 1-4.4.1: uevent
[   13.273825] XFS: correcting sb_features alignment problem
[   13.275690] XFS mounting filesystem sda1
[   13.424202] Ending clean XFS mount for filesystem: sda1
[   13.502404] Adding 4104596k swap on /dev/sda2.  Priority:-1 extents:1 across:4104596k
[   15.353698] touch used greatest stack depth: 3648 bytes left
[   33.304022] eth0: no IPv6 routers present
[ 2590.381192] bzip2 used greatest stack depth: 3592 bytes left
