[    0.000000] Linux version 2.6.30-gentoo-r4 (root@Ryu) (gcc version 4.1.2 (Gentoo 4.1.2 p1.0.2)) #4 SMP PREEMPT Fri Aug 21 10:31:28 PDT 2009
[    0.000000] Command line: video=vesafb:mtrr:3,ywrap vga=0x31B           root=/dev/sda3 doscsi
[    0.000000] KERNEL supported cpus:
[    0.000000]   Intel GenuineIntel
[    0.000000]   AMD AuthenticAMD
[    0.000000]   Centaur CentaurHauls
[    0.000000] BIOS-provided physical RAM map:
[    0.000000]  BIOS-e820: 0000000000000000 - 000000000009f400 (usable)
[    0.000000]  BIOS-e820: 000000000009f400 - 00000000000a0000 (reserved)
[    0.000000]  BIOS-e820: 00000000000f0000 - 0000000000100000 (reserved)
[    0.000000]  BIOS-e820: 0000000000100000 - 00000000bfee0000 (usable)
[    0.000000]  BIOS-e820: 00000000bfee0000 - 00000000bfee3000 (ACPI NVS)
[    0.000000]  BIOS-e820: 00000000bfee3000 - 00000000bfef0000 (ACPI data)
[    0.000000]  BIOS-e820: 00000000bfef0000 - 00000000bff00000 (reserved)
[    0.000000]  BIOS-e820: 00000000e0000000 - 00000000f0000000 (reserved)
[    0.000000]  BIOS-e820: 00000000fec00000 - 0000000100000000 (reserved)
[    0.000000]  BIOS-e820: 0000000100000000 - 0000000140000000 (usable)
[    0.000000] DMI 2.2 present.
[    0.000000] Phoenix BIOS detected: BIOS may corrupt low RAM, working around it.
[    0.000000] e820 update range: 0000000000000000 - 0000000000010000 (usable) ==> (reserved)
[    0.000000] last_pfn = 0x140000 max_arch_pfn = 0x100000000
[    0.000000] MTRR default type: uncachable
[    0.000000] MTRR fixed ranges enabled:
[    0.000000]   00000-9FFFF write-back
[    0.000000]   A0000-BFFFF uncachable
[    0.000000]   C0000-C7FFF write-protect
[    0.000000]   C8000-FFFFF uncachable
[    0.000000] MTRR variable ranges enabled:
[    0.000000]   0 base 0000000000 mask FF80000000 write-back
[    0.000000]   1 base 0080000000 mask FFC0000000 write-back
[    0.000000]   2 base 00BFF00000 mask FFFFF00000 uncachable
[    0.000000]   3 base 0100000000 mask FFC0000000 write-back
[    0.000000]   4 disabled
[    0.000000]   5 disabled
[    0.000000]   6 disabled
[    0.000000]   7 disabled
[    0.000000] e820 update range: 00000000bff00000 - 0000000100000000 (usable) ==> (reserved)
[    0.000000] last_pfn = 0xbfee0 max_arch_pfn = 0x100000000
[    0.000000] init_memory_mapping: 0000000000000000-00000000bfee0000
[    0.000000]  0000000000 - 00bfe00000 page 2M
[    0.000000]  00bfe00000 - 00bfee0000 page 4k
[    0.000000] kernel direct mapping tables up to bfee0000 @ 10000-15000
[    0.000000] init_memory_mapping: 0000000100000000-0000000140000000
[    0.000000]  0100000000 - 0140000000 page 2M
[    0.000000] kernel direct mapping tables up to 140000000 @ 13000-19000
[    0.000000] ACPI: RSDP 00000000000f8160 00014 (v00 Nvidia)
[    0.000000] ACPI: RSDT 00000000bfee3040 00034 (v01 Nvidia AWRDACPI 42302E31 AWRD 00000000)
[    0.000000] ACPI: FACP 00000000bfee30c0 00074 (v01 Nvidia AWRDACPI 42302E31 AWRD 00000000)
[    0.000000] ACPI: DSDT 00000000bfee3180 06027 (v01 NVIDIA AWRDACPI 00001000 MSFT 0100000E)
[    0.000000] ACPI: FACS 00000000bfee0000 00040
[    0.000000] ACPI: SSDT 00000000bfee92c0 001CA (v01 PTLTD  POWERNOW 00000001  LTP 00000001)
[    0.000000] ACPI: MCFG 00000000bfee9500 0003C (v01 Nvidia AWRDACPI 42302E31 AWRD 00000000)
[    0.000000] ACPI: APIC 00000000bfee9200 00072 (v01 Nvidia AWRDACPI 42302E31 AWRD 00000000)
[    0.000000] ACPI: Local APIC address 0xfee00000
[    0.000000] (7 early reservations) ==> bootmem [0000000000 - 0140000000]
[    0.000000]   #0 [0000000000 - 0000001000]   BIOS data page ==> [0000000000 - 0000001000]
[    0.000000]   #1 [0000006000 - 0000008000]       TRAMPOLINE ==> [0000006000 - 0000008000]
[    0.000000]   #2 [0001000000 - 000192af8c]    TEXT DATA BSS ==> [0001000000 - 000192af8c]
[    0.000000]   #3 [000009f400 - 0000100000]    BIOS reserved ==> [000009f400 - 0000100000]
[    0.000000]   #4 [000192b000 - 000192b0b8]              BRK ==> [000192b000 - 000192b0b8]
[    0.000000]   #5 [0000010000 - 0000013000]          PGTABLE ==> [0000010000 - 0000013000]
[    0.000000]   #6 [0000013000 - 0000014000]          PGTABLE ==> [0000013000 - 0000014000]
[    0.000000] found SMP MP-table at [ffff8800000f4210] f4210
[    0.000000]  [ffffe20000000000-ffffe200045fffff] PMD -> [ffff880028200000-ffff88002c7fffff] on node 0
[    0.000000] Zone PFN ranges:
[    0.000000]   DMA      0x00000010 -> 0x00001000
[    0.000000]   DMA32    0x00001000 -> 0x00100000
[    0.000000]   Normal   0x00100000 -> 0x00140000
[    0.000000] Movable zone start PFN for each node
[    0.000000] early_node_map[3] active PFN ranges
[    0.000000]     0: 0x00000010 -> 0x0000009f
[    0.000000]     0: 0x00000100 -> 0x000bfee0
[    0.000000]     0: 0x00100000 -> 0x00140000
[    0.000000] On node 0 totalpages: 1048175
[    0.000000]   DMA zone: 56 pages used for memmap
[    0.000000]   DMA zone: 103 pages reserved
[    0.000000]   DMA zone: 3824 pages, LIFO batch:0
[    0.000000]   DMA32 zone: 14280 pages used for memmap
[    0.000000]   DMA32 zone: 767768 pages, LIFO batch:31
[    0.000000]   Normal zone: 3584 pages used for memmap
[    0.000000]   Normal zone: 258560 pages, LIFO batch:31
[    0.000000] Nvidia board detected. Ignoring ACPI timer override.
[    0.000000] If you got timer trouble try acpi_use_timer_override
[    0.000000] ACPI: PM-Timer IO Port: 0x1008
[    0.000000] ACPI: Local APIC address 0xfee00000
[    0.000000] ACPI: LAPIC (acpi_id[0x00] lapic_id[0x00] enabled)
[    0.000000] ACPI: LAPIC (acpi_id[0x01] lapic_id[0x01] enabled)
[    0.000000] ACPI: LAPIC_NMI (acpi_id[0x00] high edge lint[0x1])
[    0.000000] ACPI: LAPIC_NMI (acpi_id[0x01] high edge lint[0x1])
[    0.000000] ACPI: IOAPIC (id[0x02] address[0xfec00000] gsi_base[0])
[    0.000000] IOAPIC[0]: apic_id 2, version 0, address 0xfec00000, GSI 0-23
[    0.000000] ACPI: INT_SRC_OVR (bus 0 bus_irq 9 global_irq 9 high level)
[    0.000000] ACPI: INT_SRC_OVR (bus 0 bus_irq 14 global_irq 14 high edge)
[    0.000000] ACPI: INT_SRC_OVR (bus 0 bus_irq 15 global_irq 15 high edge)
[    0.000000] ACPI: IRQ9 used by override.
[    0.000000] ACPI: IRQ14 used by override.
[    0.000000] ACPI: IRQ15 used by override.
[    0.000000] Using ACPI (MADT) for SMP configuration information
[    0.000000] SMP: Allowing 2 CPUs, 0 hotplug CPUs
[    0.000000] nr_irqs_gsi: 24
[    0.000000] Allocating PCI resources starting at c0000000 (gap: bff00000:20100000)
[    0.000000] NR_CPUS:8 nr_cpumask_bits:8 nr_cpu_ids:2 nr_node_ids:1
[    0.000000] PERCPU: Embedded 25 pages at ffff880028022000, static data 73364 bytes
[    0.000000] Built 1 zonelists in Zone order, mobility grouping on.  Total pages: 1030152
[    0.000000] Kernel command line: video=vesafb:mtrr:3,ywrap vga=0x31B           root=/dev/sda3 doscsi
[    0.000000] Initializing CPU#0
[    0.000000] Preemptible RCU implementation.
[    0.000000] NR_IRQS:512
[    0.000000] PID hash table entries: 4096 (order: 12, 32768 bytes)
[    0.000000] Fast TSC calibration using PIT
[    0.000000] Detected 2210.058 MHz processor.
[    0.000999] spurious 8259A interrupt: IRQ7.
[    0.000999] Console: colour dummy device 80x25
[    0.000999] console [tty0] enabled
[    0.000999] Dentry cache hash table entries: 524288 (order: 10, 4194304 bytes)
[    0.000999] Inode-cache hash table entries: 262144 (order: 9, 2097152 bytes)
[    0.000999] Checking aperture...
[    0.000999] No AGP bridge found
[    0.000999] Node 0: aperture @ 902000000 size 32 MB
[    0.000999] Aperture beyond 4GB. Ignoring.
[    0.000999] Your BIOS doesn't leave a aperture memory hole
[    0.000999] Please enable the IOMMU option in the BIOS setup
[    0.000999] This costs you 64 MB of RAM
[    0.000999] Mapping aperture over 65536 KB of RAM @ 20000000
[    0.000999] Memory: 4038700k/5242880k available (5294k kernel code, 1050180k absent, 153156k reserved, 2662k data, 428k init)
[    0.000999] SLUB: Genslabs=13, HWalign=64, Order=0-3, MinObjects=0, CPUs=2, Nodes=1
[    0.001010] Calibrating delay loop (skipped), value calculated using timer frequency.. 4420.11 BogoMIPS (lpj=2210058)
[    0.001053] Security Framework initialized
[    0.001070] Mount-cache hash table entries: 256
[    0.001245] CPU: L1 I Cache: 64K (64 bytes/line), D cache 64K (64 bytes/line)
[    0.001256] CPU: L2 Cache: 512K (64 bytes/line)
[    0.001263] tseg: 00bff00000
[    0.001265] CPU: Physical Processor ID: 0
[    0.001272] CPU: Processor Core ID: 0
[    0.001312] ACPI: Core revision 20090320
[    0.011075] Setting APIC routing to flat
[    0.011425] ..TIMER: vector=0x30 apic1=0 pin1=0 apic2=-1 pin2=-1
[    0.022013] CPU0: AMD Athlon(tm) 64 X2 Dual Core Processor 4200+ stepping 02
[    0.022996] Booting processor 1 APIC 0x1 ip 0x6000
[    0.000999] Initializing CPU#1
[    0.000999] Calibrating delay using timer specific routine.. 4419.43 BogoMIPS (lpj=2209717)
[    0.000999] CPU: L1 I Cache: 64K (64 bytes/line), D cache 64K (64 bytes/line)
[    0.000999] CPU: L2 Cache: 512K (64 bytes/line)
[    0.000999] CPU: Physical Processor ID: 0
[    0.000999] CPU: Processor Core ID: 1
[    0.093096] CPU1: AMD Athlon(tm) 64 X2 Dual Core Processor 4200+ stepping 02
[    0.093149] Brought up 2 CPUs
[    0.093156] Total of 2 processors activated (8839.55 BogoMIPS).
[    0.093231] khelper used greatest stack depth: 6128 bytes left
[    0.093231] net_namespace: 1096 bytes
[    0.093231] NET: Registered protocol family 16
[    0.094050] node 0 link 0: io port [5000, ffff]
[    0.094050] TOM: 00000000c0000000 aka 3072M
[    0.094050] node 0 link 0: mmio [a0000, bffff]
[    0.094050] node 0 link 0: mmio [feb00000, fec0ffff]
[    0.094050] node 0 link 0: mmio [c0000000, dfffffff]
[    0.094050] node 0 link 0: mmio [f0000000, fe02ffff]
[    0.094050] node 0 link 0: mmio [e0000000, e05fffff]
[    0.094050] TOM2: 0000000140000000 aka 5120M
[    0.094050] bus: [00,05] on node 0 link 0
[    0.094050] bus: 00 index 0 io port: [0, ffff]
[    0.094051] bus: 00 index 1 mmio: [a0000, bffff]
[    0.094054] bus: 00 index 2 mmio: [fe030000, ffffffff]
[    0.094056] bus: 00 index 3 mmio: [c0000000, efffffff]
[    0.094058] bus: 00 index 4 mmio: [f0000000, fe02ffff]
[    0.094061] bus: 00 index 5 mmio: [140000000, fcffffffff]
[    0.094076] ACPI: bus type pci registered
[    0.094098] PCI: MCFG configuration 0: base e0000000 segment 0 buses 0 - 255
[    0.094098] PCI: MCFG area at e0000000 reserved in E820
[    0.098772] PCI: Using MMCONFIG at e0000000 - efffffff
[    0.098783] PCI: Using configuration type 1 for base access
[    0.107042] bio: create slab <bio-0> at 0
[    0.108321] ACPI: EC: Look up EC in DSDT
[    0.116665] ACPI: Interpreter enabled
[    0.116677] ACPI: (supports S0 S5)
[    0.116694] ACPI: Using IOAPIC for interrupt routing
[    0.127188] ACPI: No dock devices found.
[    0.127214] ACPI: PCI Root Bridge [PCI0] (0000:00)
[    0.127253] HPET not enabled in BIOS. You might try hpet=force boot option
[    0.127253] pci 0000:00:01.1: reg 10 io port: [0xfc00-0xfc1f]
[    0.127253] pci 0000:00:01.1: reg 20 io port: [0x1c00-0x1c3f]
[    0.127253] pci 0000:00:01.1: reg 24 io port: [0x1c40-0x1c7f]
[    0.127253] pci 0000:00:01.1: PME# supported from D3hot D3cold
[    0.127253] pci 0000:00:01.1: PME# disabled
[    0.127253] pci 0000:00:02.0: reg 10 32bit mmio: [0xfe02f000-0xfe02ffff]
[    0.127253] pci 0000:00:02.0: supports D1 D2
[    0.127253] pci 0000:00:02.0: PME# supported from D0 D1 D2 D3hot D3cold
[    0.127253] pci 0000:00:02.0: PME# disabled
[    0.127253] pci 0000:00:02.1: reg 10 32bit mmio: [0xfeb00000-0xfeb000ff]
[    0.127253] pci 0000:00:02.1: supports D1 D2
[    0.127253] pci 0000:00:02.1: PME# supported from D0 D1 D2 D3hot D3cold
[    0.127253] pci 0000:00:02.1: PME# disabled
[    0.127256] pci 0000:00:06.0: reg 20 io port: [0xe800-0xe80f]
[    0.127280] pci 0000:00:07.0: reg 10 io port: [0x9f0-0x9f7]
[    0.127284] pci 0000:00:07.0: reg 14 io port: [0xbf0-0xbf3]
[    0.127288] pci 0000:00:07.0: reg 18 io port: [0x970-0x977]
[    0.127291] pci 0000:00:07.0: reg 1c io port: [0xb70-0xb73]
[    0.127295] pci 0000:00:07.0: reg 20 io port: [0xd400-0xd40f]
[    0.127299] pci 0000:00:07.0: reg 24 32bit mmio: [0xfe02c000-0xfe02cfff]
[    0.127321] pci 0000:00:08.0: reg 10 io port: [0x9e0-0x9e7]
[    0.127325] pci 0000:00:08.0: reg 14 io port: [0xbe0-0xbe3]
[    0.127329] pci 0000:00:08.0: reg 18 io port: [0x960-0x967]
[    0.127333] pci 0000:00:08.0: reg 1c io port: [0xb60-0xb63]
[    0.127337] pci 0000:00:08.0: reg 20 io port: [0xc000-0xc00f]
[    0.127341] pci 0000:00:08.0: reg 24 32bit mmio: [0xfe02b000-0xfe02bfff]
[    0.127373] pci 0000:00:0a.0: reg 10 32bit mmio: [0xfe02a000-0xfe02afff]
[    0.127377] pci 0000:00:0a.0: reg 14 io port: [0xbc00-0xbc07]
[    0.127392] pci 0000:00:0a.0: supports D1 D2
[    0.127394] pci 0000:00:0a.0: PME# supported from D0 D1 D2 D3hot D3cold
[    0.127404] pci 0000:00:0a.0: PME# disabled
[    0.127435] pci 0000:00:0b.0: PME# supported from D0 D1 D2 D3hot D3cold
[    0.127444] pci 0000:00:0b.0: PME# disabled
[    0.127476] pci 0000:00:0c.0: PME# supported from D0 D1 D2 D3hot D3cold
[    0.127486] pci 0000:00:0c.0: PME# disabled
[    0.127517] pci 0000:00:0d.0: PME# supported from D0 D1 D2 D3hot D3cold
[    0.127526] pci 0000:00:0d.0: PME# disabled
[    0.127557] pci 0000:00:0e.0: PME# supported from D0 D1 D2 D3hot D3cold
[    0.127567] pci 0000:00:0e.0: PME# disabled
[    0.127667] pci 0000:01:07.0: reg 10 io port: [0xac00-0xac3f]
[    0.127998] pci 0000:01:07.0: supports D1 D2
[    0.128020] pci 0000:01:07.1: reg 10 io port: [0xa800-0xa807]
[    0.128046] pci 0000:01:07.1: supports D1 D2
[    0.128068] pci 0000:01:07.2: reg 10 32bit mmio: [0xfdeff000-0xfdeff7ff]
[    0.128074] pci 0000:01:07.2: reg 14 32bit mmio: [0xfdef8000-0xfdefbfff]
[    0.128099] pci 0000:01:07.2: supports D1 D2
[    0.128102] pci 0000:01:07.2: PME# supported from D0 D1 D2 D3hot
[    0.128112] pci 0000:01:07.2: PME# disabled
[    0.128141] pci 0000:01:08.0: reg 10 io port: [0xa400-0xa407]
[    0.128147] pci 0000:01:08.0: reg 14 io port: [0xa000-0xa003]
[    0.128152] pci 0000:01:08.0: reg 18 io port: [0x9c00-0x9c07]
[    0.128157] pci 0000:01:08.0: reg 1c io port: [0x9800-0x9803]
[    0.128162] pci 0000:01:08.0: reg 20 io port: [0x9400-0x940f]
[    0.128167] pci 0000:01:08.0: reg 24 32bit mmio: [0xfdefe000-0xfdefe3ff]
[    0.128173] pci 0000:01:08.0: reg 30 32bit mmio: [0x000000-0x07ffff]
[    0.128184] pci 0000:01:08.0: supports D1 D2
[    0.128210] pci 0000:01:0a.0: reg 10 32bit mmio: [0xfdef4000-0xfdef7fff]
[    0.128215] pci 0000:01:0a.0: reg 14 io port: [0x9000-0x90ff]
[    0.128231] pci 0000:01:0a.0: reg 30 32bit mmio: [0x000000-0x01ffff]
[    0.128245] pci 0000:01:0a.0: supports D1 D2
[    0.128247] pci 0000:01:0a.0: PME# supported from D0 D1 D2 D3hot D3cold
[    0.128258] pci 0000:01:0a.0: PME# disabled
[    0.128285] pci 0000:00:09.0: transparent bridge
[    0.128293] pci 0000:00:09.0: bridge io port: [0x9000-0xafff]
[    0.128296] pci 0000:00:09.0: bridge 32bit mmio: [0xfde00000-0xfdefffff]
[    0.128299] pci 0000:00:09.0: bridge 32bit mmio pref: [0xfdf00000-0xfdffffff]
[    0.128331] pci 0000:00:0b.0: bridge io port: [0x8000-0x8fff]
[    0.128334] pci 0000:00:0b.0: bridge 32bit mmio: [0xfdd00000-0xfddfffff]
[    0.128338] pci 0000:00:0b.0: bridge 64bit mmio pref: [0xfdc00000-0xfdcfffff]
[    0.128370] pci 0000:00:0c.0: bridge io port: [0x7000-0x7fff]
[    0.128373] pci 0000:00:0c.0: bridge 32bit mmio: [0xfdb00000-0xfdbfffff]
[    0.128376] pci 0000:00:0c.0: bridge 64bit mmio pref: [0xfda00000-0xfdafffff]
[    0.128399] pci 0000:04:00.0: reg 10 32bit mmio: [0xfa000000-0xfaffffff]
[    0.128406] pci 0000:04:00.0: reg 14 64bit mmio: [0xd0000000-0xdfffffff]
[    0.128413] pci 0000:04:00.0: reg 1c 64bit mmio: [0xfb000000-0xfbffffff]
[    0.128418] pci 0000:04:00.0: reg 24 io port: [0x6c00-0x6c7f]
[    0.128423] pci 0000:04:00.0: reg 30 32bit mmio: [0x000000-0x01ffff]
[    0.128468] pci 0000:00:0d.0: bridge io port: [0x6000-0x6fff]
[    0.128471] pci 0000:00:0d.0: bridge 32bit mmio: [0xfa000000-0xfcffffff]
[    0.128475] pci 0000:00:0d.0: bridge 64bit mmio pref: [0xd0000000-0xdfffffff]
[    0.128497] pci 0000:05:00.0: reg 10 32bit mmio: [0xf7000000-0xf7ffffff]
[    0.128504] pci 0000:05:00.0: reg 14 64bit mmio: [0xc0000000-0xcfffffff]
[    0.128511] pci 0000:05:00.0: reg 1c 64bit mmio: [0xf8000000-0xf8ffffff]
[    0.128516] pci 0000:05:00.0: reg 24 io port: [0x5c00-0x5c7f]
[    0.128521] pci 0000:05:00.0: reg 30 32bit mmio: [0x000000-0x01ffff]
[    0.128565] pci 0000:00:0e.0: bridge io port: [0x5000-0x5fff]
[    0.128568] pci 0000:00:0e.0: bridge 32bit mmio: [0xf7000000-0xf9ffffff]
[    0.128572] pci 0000:00:0e.0: bridge 64bit mmio pref: [0xc0000000-0xcfffffff]
[    0.128582] pci_bus 0000:00: on NUMA node 0
[    0.128589] ACPI: PCI Interrupt Routing Table [\_SB_.PCI0._PRT]
[    0.128833] ACPI: PCI Interrupt Routing Table [\_SB_.PCI0.HUB0._PRT]
[    0.191121] ACPI: PCI Interrupt Link [LNK1] (IRQs 3 4 *5 7 9 10 11 12 14 15)
[    0.192114] ACPI: PCI Interrupt Link [LNK2] (IRQs 3 4 5 7 9 10 11 12 14 15) *0, disabled.
[    0.192302] ACPI: PCI Interrupt Link [LNK3] (IRQs *3 4 5 7 9 10 11 12 14 15)
[    0.192484] ACPI: PCI Interrupt Link [LNK4] (IRQs 3 4 5 7 9 10 *11 12 14 15)
[    0.192665] ACPI: PCI Interrupt Link [LNK5] (IRQs 3 4 5 7 9 10 11 12 14 15) *0, disabled.
[    0.192858] ACPI: PCI Interrupt Link [LUBA] (IRQs 3 4 5 7 9 10 *11 12 14 15)
[    0.193044] ACPI: PCI Interrupt Link [LUBB] (IRQs 3 4 5 7 9 10 11 12 14 15) *0, disabled.
[    0.193230] ACPI: PCI Interrupt Link [LMAC] (IRQs 3 4 *5 7 9 10 11 12 14 15)
[    0.193414] ACPI: PCI Interrupt Link [LACI] (IRQs 3 4 5 7 9 *10 11 12 14 15)
[    0.193596] ACPI: PCI Interrupt Link [LMCI] (IRQs 3 4 5 7 9 10 11 12 14 15) *0, disabled.
[    0.193783] ACPI: PCI Interrupt Link [LSMB] (IRQs 3 4 5 7 9 *10 11 12 14 15)
[    0.193973] ACPI: PCI Interrupt Link [LUB2] (IRQs *3 4 5 7 9 10 11 12 14 15)
[    0.194156] ACPI: PCI Interrupt Link [LIDE] (IRQs 3 4 5 7 9 10 11 12 14 15) *0, disabled.
[    0.194352] ACPI: PCI Interrupt Link [LSID] (IRQs 3 4 5 7 9 10 *11 12 14 15)
[    0.194544] ACPI: PCI Interrupt Link [LFID] (IRQs 3 4 5 7 9 *10 11 12 14 15)
[    0.194735] ACPI: PCI Interrupt Link [LPCA] (IRQs 3 4 5 7 9 10 11 12 14 15) *0, disabled.
[    0.194946] ACPI: PCI Interrupt Link [APC1] (IRQs 16) *0
[    0.195149] ACPI: PCI Interrupt Link [APC2] (IRQs 17) *0, disabled.
[    0.195350] ACPI: PCI Interrupt Link [APC3] (IRQs 18) *0
[    0.195549] ACPI: PCI Interrupt Link [APC4] (IRQs 19) *0
[    0.195679] ACPI: PCI Interrupt Link [APC5] (IRQs *16), disabled.
[    0.195888] ACPI: PCI Interrupt Link [APCF] (IRQs 20 21 22 23) *0
[    0.196100] ACPI: PCI Interrupt Link [APCG] (IRQs 20 21 22 23) *0, disabled.
[    0.196310] ACPI: PCI Interrupt Link [APCH] (IRQs 20 21 22 23) *0
[    0.196517] ACPI: PCI Interrupt Link [APCJ] (IRQs 20 21 22 23) *0
[    0.196726] ACPI: PCI Interrupt Link [APCK] (IRQs 20 21 22 23) *0, disabled.
[    0.196940] ACPI: PCI Interrupt Link [APCS] (IRQs 20 21 22 23) *0
[    0.197151] ACPI: PCI Interrupt Link [APCL] (IRQs 20 21 22 23) *0
[    0.197360] ACPI: PCI Interrupt Link [APCZ] (IRQs 20 21 22 23) *0, disabled.
[    0.197577] ACPI: PCI Interrupt Link [APSI] (IRQs 20 21 22 23) *0
[    0.197793] ACPI: PCI Interrupt Link [APSJ] (IRQs 20 21 22 23) *0
[    0.198013] ACPI: PCI Interrupt Link [APCP] (IRQs 20 21 22 23) *0, disabled.
[    0.198084] SCSI subsystem initialized
[    0.198084] libata version 3.00 loaded.
[    0.198084] usbcore: registered new interface driver usbfs
[    0.198084] usbcore: registered new interface driver hub
[    0.198972] usbcore: registered new device driver usb
[    0.199064] PCI: Using ACPI for IRQ routing
[    0.208062] PCI-DMA: Disabling AGP.
[    0.208164] PCI-DMA: aperture base @ 20000000 size 65536 KB
[    0.208164] PCI-DMA: using GART IOMMU.
[    0.208164] PCI-DMA: Reserving 64MB of IOMMU area in the AGP aperture
[    0.217012] pnp: PnP ACPI init
[    0.217030] ACPI: bus type pnp registered
[    0.222283] pnp: PnP ACPI: found 11 devices
[    0.222283] ACPI: ACPI bus type pnp unregistered
[    0.222283] system 00:01: ioport range 0x1000-0x107f has been reserved
[    0.222283] system 00:01: ioport range 0x1080-0x10ff has been reserved
[    0.222283] system 00:01: ioport range 0x1400-0x147f has been reserved
[    0.222283] system 00:01: ioport range 0x1480-0x14ff has been reserved
[    0.222283] system 00:01: ioport range 0x1800-0x187f has been reserved
[    0.222283] system 00:01: ioport range 0x1880-0x18ff has been reserved
[    0.222283] system 00:02: ioport range 0x4d0-0x4d1 has been reserved
[    0.222283] system 00:02: ioport range 0x200-0x27f has been reserved
[    0.222283] system 00:02: ioport range 0x290-0x30f has been reserved
[    0.222283] system 00:02: ioport range 0x290-0x297 has been reserved
[    0.222283] system 00:09: iomem range 0xe0000000-0xefffffff has been reserved
[    0.222283] system 00:0a: iomem range 0xce000-0xcffff has been reserved
[    0.222283] system 00:0a: iomem range 0xf0000-0xf7fff could not be reserved
[    0.222283] system 00:0a: iomem range 0xf8000-0xfbfff could not be reserved
[    0.222283] system 00:0a: iomem range 0xfc000-0xfffff could not be reserved
[    0.222283] system 00:0a: iomem range 0xbfee0000-0xbfefffff could not be reserved
[    0.222283] system 00:0a: iomem range 0xffff0000-0xffffffff has been reserved
[    0.222283] system 00:0a: iomem range 0x0-0x9ffff could not be reserved
[    0.222283] system 00:0a: iomem range 0x100000-0xbfedffff could not be reserved
[    0.222283] system 00:0a: iomem range 0xfec00000-0xfec00fff has been reserved
[    0.222283] system 00:0a: iomem range 0xfee00000-0xfeefffff has been reserved
[    0.222283] system 00:0a: iomem range 0xfefff000-0xfeffffff has been reserved
[    0.222283] system 00:0a: iomem range 0xfff80000-0xfff80fff has been reserved
[    0.222283] system 00:0a: iomem range 0xfff90000-0xfffbffff has been reserved
[    0.222283] system 00:0a: iomem range 0xfffed000-0xfffeffff has been reserved
[    0.227504] pci 0000:00:09.0: PCI bridge, secondary bus 0000:01
[    0.227514] pci 0000:00:09.0:   IO window: 0x9000-0xafff
[    0.227524] pci 0000:00:09.0:   MEM window: 0xfde00000-0xfdefffff
[    0.227534] pci 0000:00:09.0:   PREFETCH window: 0x000000fdf00000-0x000000fdffffff
[    0.227547] pci 0000:00:0b.0: PCI bridge, secondary bus 0000:02
[    0.227555] pci 0000:00:0b.0:   IO window: 0x8000-0x8fff
[    0.227564] pci 0000:00:0b.0:   MEM window: 0xfdd00000-0xfddfffff
[    0.227573] pci 0000:00:0b.0:   PREFETCH window: 0x000000fdc00000-0x000000fdcfffff
[    0.227586] pci 0000:00:0c.0: PCI bridge, secondary bus 0000:03
[    0.227595] pci 0000:00:0c.0:   IO window: 0x7000-0x7fff
[    0.227604] pci 0000:00:0c.0:   MEM window: 0xfdb00000-0xfdbfffff
[    0.227613] pci 0000:00:0c.0:   PREFETCH window: 0x000000fda00000-0x000000fdafffff
[    0.227627] pci 0000:00:0d.0: PCI bridge, secondary bus 0000:04
[    0.227635] pci 0000:00:0d.0:   IO window: 0x6000-0x6fff
[    0.227644] pci 0000:00:0d.0:   MEM window: 0xfa000000-0xfcffffff
[    0.227653] pci 0000:00:0d.0:   PREFETCH window: 0x000000d0000000-0x000000dfffffff
[    0.227667] pci 0000:00:0e.0: PCI bridge, secondary bus 0000:05
[    0.227675] pci 0000:00:0e.0:   IO window: 0x5000-0x5fff
[    0.227684] pci 0000:00:0e.0:   MEM window: 0xf7000000-0xf9ffffff
[    0.227693] pci 0000:00:0e.0:   PREFETCH window: 0x000000c0000000-0x000000cfffffff
[    0.227710] pci 0000:00:09.0: setting latency timer to 64
[    0.227716] pci 0000:00:0b.0: setting latency timer to 64
[    0.227720] pci 0000:00:0c.0: setting latency timer to 64
[    0.227725] pci 0000:00:0d.0: setting latency timer to 64
[    0.227730] pci 0000:00:0e.0: setting latency timer to 64
[    0.227734] pci_bus 0000:00: resource 0 io:  [0x00-0xffff]
[    0.227736] pci_bus 0000:00: resource 1 mem: [0x000000-0xffffffffffffffff]
[    0.227740] pci_bus 0000:01: resource 0 io:  [0x9000-0xafff]
[    0.227742] pci_bus 0000:01: resource 1 mem: [0xfde00000-0xfdefffff]
[    0.227745] pci_bus 0000:01: resource 2 pref mem [0xfdf00000-0xfdffffff]
[    0.227748] pci_bus 0000:01: resource 3 io:  [0x00-0xffff]
[    0.227750] pci_bus 0000:01: resource 4 mem: [0x000000-0xffffffffffffffff]
[    0.227753] pci_bus 0000:02: resource 0 io:  [0x8000-0x8fff]
[    0.227756] pci_bus 0000:02: resource 1 mem: [0xfdd00000-0xfddfffff]
[    0.227758] pci_bus 0000:02: resource 2 pref mem [0xfdc00000-0xfdcfffff]
[    0.227761] pci_bus 0000:03: resource 0 io:  [0x7000-0x7fff]
[    0.227764] pci_bus 0000:03: resource 1 mem: [0xfdb00000-0xfdbfffff]
[    0.227767] pci_bus 0000:03: resource 2 pref mem [0xfda00000-0xfdafffff]
[    0.227769] pci_bus 0000:04: resource 0 io:  [0x6000-0x6fff]
[    0.227772] pci_bus 0000:04: resource 1 mem: [0xfa000000-0xfcffffff]
[    0.227775] pci_bus 0000:04: resource 2 pref mem [0xd0000000-0xdfffffff]
[    0.227777] pci_bus 0000:05: resource 0 io:  [0x5000-0x5fff]
[    0.227780] pci_bus 0000:05: resource 1 mem: [0xf7000000-0xf9ffffff]
[    0.227783] pci_bus 0000:05: resource 2 pref mem [0xc0000000-0xcfffffff]
[    0.227821] NET: Registered protocol family 2
[    0.227979] Switched to high resolution mode on CPU 0
[    0.228123] Switched to high resolution mode on CPU 1
[    0.253086] IP route cache hash table entries: 131072 (order: 8, 1048576 bytes)
[    0.254214] TCP established hash table entries: 262144 (order: 10, 4194304 bytes)
[    0.256922] TCP bind hash table entries: 65536 (order: 8, 1048576 bytes)
[    0.257643] TCP: Hash tables configured (established 262144 bind 65536)
[    0.257656] TCP reno registered
[    0.269127] NET: Registered protocol family 1
[    0.269280] has_svm: svm not available
[    0.269287] kvm: no hardware support
[    0.271812] HugeTLB registered 2 MB page size, pre-allocated 0 pages
[    0.275350] VFS: Disk quotas dquot_6.5.2
[    0.275479] Dquot-cache hash table entries: 512 (order 0, 4096 bytes)
[    0.276226] squashfs: version 4.0 (2009/01/31) Phillip Lougher
[    0.277030] Installing knfsd (copyright (C) 1996 okir@monad.swb.de).
[    0.277420] NTFS driver 2.1.29 [Flags: R/W].
[    0.277699] fuse init (API version 7.11)
[    0.278098] SGI XFS with ACLs, security attributes, realtime, large block/inode numbers, no debug enabled
[    0.279068] SGI XFS Quota Management subsystem
[    0.279087] msgmni has been set to 7889
[    0.282496] alg: No test for stdrng (krng)
[    0.282558] alg: No test for stdrng (ansi_cprng)
[    0.282591] io scheduler noop registered
[    0.282607] io scheduler anticipatory registered
[    0.282614] io scheduler deadline registered
[    0.282668] io scheduler cfq registered (default)
[    0.295308] pci 0000:00:02.1: EHCI: BIOS handoff
[    1.395019] pci 0000:00:02.1: EHCI: BIOS handoff failed (BIOS bug?) 01010001
[    1.395076] pci 0000:00:00.0: Found enabled HT MSI Mapping
[    1.395087] pci 0000:00:0b.0: Found disabled HT MSI Mapping
[    1.395100] pci 0000:00:00.0: Found enabled HT MSI Mapping
[    1.395109] pci 0000:00:0b.0: Linking AER extended capability
[    1.395149] pci 0000:00:00.0: Found enabled HT MSI Mapping
[    1.395160] pci 0000:00:0c.0: Found disabled HT MSI Mapping
[    1.395172] pci 0000:00:00.0: Found enabled HT MSI Mapping
[    1.395181] pci 0000:00:0c.0: Linking AER extended capability
[    1.395223] pci 0000:00:00.0: Found enabled HT MSI Mapping
[    1.395234] pci 0000:00:0d.0: Found disabled HT MSI Mapping
[    1.395247] pci 0000:00:00.0: Found enabled HT MSI Mapping
[    1.395255] pci 0000:00:0d.0: Linking AER extended capability
[    1.395301] pci 0000:00:00.0: Found enabled HT MSI Mapping
[    1.395312] pci 0000:00:0e.0: Found disabled HT MSI Mapping
[    1.395324] pci 0000:00:00.0: Found enabled HT MSI Mapping
[    1.395333] pci 0000:00:0e.0: Linking AER extended capability
[    1.395361] pci 0000:04:00.0: Boot video device
[    1.395579] pcieport-driver 0000:00:0b.0: irq 24 for MSI/MSI-X
[    1.395587] pcieport-driver 0000:00:0b.0: setting latency timer to 64
[    1.395793] pcieport-driver 0000:00:0c.0: irq 25 for MSI/MSI-X
[    1.395799] pcieport-driver 0000:00:0c.0: setting latency timer to 64
[    1.396019] pcieport-driver 0000:00:0d.0: irq 26 for MSI/MSI-X
[    1.396025] pcieport-driver 0000:00:0d.0: setting latency timer to 64
[    1.396196] pcieport-driver 0000:00:0e.0: irq 27 for MSI/MSI-X
[    1.396203] pcieport-driver 0000:00:0e.0: setting latency timer to 64
[    1.401224] Non-volatile memory driver v1.3
[    1.401260] Linux agpgart interface v0.103
[    1.401844] vesafb: framebuffer at 0xd0000000, mapped to 0xffffc20010180000, using 10240k, total 262144k
[    1.401860] vesafb: mode is 1280x1024x32, linelength=5120, pages=0
[    1.401869] vesafb: scrolling: redraw
[    1.401877] vesafb: Truecolor: size=8:8:8:8, shift=24:16:8:0
[    1.408769] Console: switching to colour frame buffer device 160x64
[    1.414650] fb0: VESA VGA frame buffer device
[    1.414804] vga16fb: initializing
[    1.414808] vga16fb: mapped to 0xffff8800000a0000
[    1.414917] fb1: VGA16 VGA frame buffer device
[    1.415179] input: Power Button as /devices/LNXSYSTM:00/LNXPWRBN:00/input/input0
[    1.415243] ACPI: Power Button [PWRF]
[    1.415388] input: Power Button as /devices/LNXSYSTM:00/device:00/PNP0C0C:00/input/input1
[    1.415455] ACPI: Power Button [PWRB]
[    1.415644] fan PNP0C0B:00: registered as cooling_device0
[    1.415690] ACPI: Fan [FAN] (on)
[    1.415877] processor ACPI_CPU:00: registered as cooling_device1
[    1.416014] processor ACPI_CPU:01: registered as cooling_device2
[    1.420835] thermal LNXTHERM:01: registered as thermal_zone0
[    1.420890] ACPI: Thermal Zone [THRM] (40 C)
[    1.420975] Serial: 8250/16550 driver, 4 ports, IRQ sharing enabled
[    1.421173] serial8250: ttyS0 at I/O 0x3f8 (irq = 4) is a 16550A
[    1.421837] 00:07: ttyS0 at I/O 0x3f8 (irq = 4) is a 16550A
[    4.433023] floppy0: no floppy controllers found
[    4.435345] brd: module loaded
[    4.436641] loop: module loaded
[    4.436671] Compaq SMART2 Driver (v 2.6.0)
[    4.437059] nbd: registered device at major 43
[    4.439746] Uniform Multi-Platform E-IDE driver
[    4.439927] ide-gd driver 1.18
[    4.440028] ide-cd driver 5.00
[    4.440383] Loading iSCSI transport class v2.0-870.
[    4.440885] Driver 'sd' needs updating - please use bus_type methods
[    4.440992] Driver 'sr' needs updating - please use bus_type methods
[    4.441123] sata_nv 0000:00:07.0: version 3.5
[    4.441570] ACPI: PCI Interrupt Link [APSI] enabled at IRQ 23
[    4.441626] sata_nv 0000:00:07.0: PCI INT A -> Link[APSI] -> GSI 23 (level, low) -> IRQ 23
[    4.441749] sata_nv 0000:00:07.0: setting latency timer to 64
[    4.441839] scsi0 : sata_nv
[    4.442162] scsi1 : sata_nv
[    4.442556] ata1: SATA max UDMA/133 cmd 0x9f0 ctl 0xbf0 bmdma 0xd400 irq 23
[    4.442614] ata2: SATA max UDMA/133 cmd 0x970 ctl 0xb70 bmdma 0xd408 irq 23
[    4.443077] ACPI: PCI Interrupt Link [APSJ] enabled at IRQ 22
[    4.444304] sata_nv 0000:00:08.0: PCI INT A -> Link[APSJ] -> GSI 22 (level, low) -> IRQ 22
[    4.445729] sata_nv 0000:00:08.0: setting latency timer to 64
[    4.445820] scsi2 : sata_nv
[    4.447271] scsi3 : sata_nv
[    4.448816] ata3: SATA max UDMA/133 cmd 0x9e0 ctl 0xbe0 bmdma 0xc000 irq 22
[    4.450217] ata4: SATA max UDMA/133 cmd 0x960 ctl 0xb60 bmdma 0xc008 irq 22
[    4.451686] pata_amd 0000:00:06.0: version 0.4.1
[    4.451724] pata_amd 0000:00:06.0: setting latency timer to 64
[    4.451817] scsi4 : pata_amd
[    4.453410] scsi5 : pata_amd
[    4.455590] ata5: PATA max UDMA/133 cmd 0x1f0 ctl 0x3f6 bmdma 0xe800 irq 14
[    4.457062] ata6: PATA max UDMA/133 cmd 0x170 ctl 0x376 bmdma 0xe808 irq 15
[    4.459141] forcedeth: Reverse Engineered nForce ethernet driver. Version 0.64.
[    4.460960] ACPI: PCI Interrupt Link [APCH] enabled at IRQ 21
[    4.462490] forcedeth 0000:00:0a.0: PCI INT A -> Link[APCH] -> GSI 21 (level, low) -> IRQ 21
[    4.464091] forcedeth 0000:00:0a.0: setting latency timer to 64
[    4.464147] nv_probe: set workaround bit for reversed mac addr
[    4.623290] ata5.01: ATAPI: PIONEER DVD-RW  DVR-112D, 1.21, max UDMA/66
[    4.624956] ata5: nv_mode_filter: 0x1f39f&0x1f01f->0x1f01f, BIOS=0x1f000 (0xc50000) ACPI=0x1f01f (600:30:0x1c)
[    4.631233] ata5.01: configured for UDMA/66
[    4.976799] forcedeth 0000:00:0a.0: ifname eth0, PHY OUI 0x3f1 @ 1, addr 00:01:29:fc:c9:82
[    4.978526] forcedeth 0000:00:0a.0: highdma csum gbit lnktim desc-v3
[    4.980669] ehci_hcd: USB 2.0 'Enhanced' Host Controller (EHCI) Driver
[    4.982456] ehci_hcd: block sizes: qh 160 qtd 96 itd 192 sitd 96
[    4.982808] ACPI: PCI Interrupt Link [APCL] enabled at IRQ 20
[    4.984628] ehci_hcd 0000:00:02.1: PCI INT B -> Link[APCL] -> GSI 20 (level, low) -> IRQ 20
[    4.986518] ehci_hcd 0000:00:02.1: setting latency timer to 64
[    4.986521] ehci_hcd 0000:00:02.1: EHCI Host Controller
[    4.988487] drivers/usb/core/inode.c: creating file 'devices'
[    4.988492] drivers/usb/core/inode.c: creating file '001'
[    4.988561] ehci_hcd 0000:00:02.1: new USB bus registered, assigned bus number 1
[    4.990500] ehci_hcd 0000:00:02.1: reset hcs_params 0x10148a dbg=1 cc=1 pcc=4 !ppc ports=10
[    4.990509] ehci_hcd 0000:00:02.1: reset portroute 0 0 0 0 0 0 0 0 0 0 
[    4.990512] ehci_hcd 0000:00:02.1: reset hcc_params a082 caching frame 256/512/1024
[    4.990543] ehci_hcd 0000:00:02.1: reset command 080002 (park)=0 ithresh=8 period=1024 Reset HALT
[    4.990547] ehci_hcd 0000:00:02.1: bogus port configuration: cc=1 x pcc=4 < ports=10
[    4.990553] ehci_hcd 0000:00:02.1: debug port 1
[    4.992504] ehci_hcd 0000:00:02.1: cache line size of 64 is not supported
[    4.992507] ehci_hcd 0000:00:02.1: supports USB remote wakeup
[    4.992526] ehci_hcd 0000:00:02.1: irq 20, io mem 0xfeb00000
[    4.994493] ehci_hcd 0000:00:02.1: reset command 080002 (park)=0 ithresh=8 period=1024 Reset HALT
[    4.994499] ehci_hcd 0000:00:02.1: init command 010009 (park)=0 ithresh=1 period=256 RUN
[    5.000016] ehci_hcd 0000:00:02.1: USB 2.0 started, EHCI 1.00
[    5.001995] usb usb1: default language 0x0409
[    5.002017] usb usb1: New USB device found, idVendor=1d6b, idProduct=0002
[    5.003974] usb usb1: New USB device strings: Mfr=3, Product=2, SerialNumber=1
[    5.005936] usb usb1: Product: EHCI Host Controller
[    5.007892] usb usb1: Manufacturer: Linux 2.6.30-gentoo-r4 ehci_hcd
[    5.009846] usb usb1: SerialNumber: 0000:00:02.1
[    5.011809] usb usb1: uevent
[    5.011861] usb usb1: usb_probe_device
[    5.011864] usb usb1: configuration #1 chosen from 1 choice
[    5.013782] usb usb1: adding 1-0:1.0 (config #1, interface 0)
[    5.013801] usb 1-0:1.0: uevent
[    5.013852] hub 1-0:1.0: usb_probe_interface
[    5.013854] hub 1-0:1.0: usb_probe_interface - got id
[    5.013856] hub 1-0:1.0: USB hub found
[    5.015746] hub 1-0:1.0: 10 ports detected
[    5.017610] hub 1-0:1.0: standalone hub
[    5.017612] hub 1-0:1.0: no power switching (usb 1.0)
[    5.017614] hub 1-0:1.0: individual port over-current protection
[    5.017617] hub 1-0:1.0: power on to power good time: 20ms
[    5.017622] hub 1-0:1.0: local power source is good
[    5.017624] hub 1-0:1.0: trying to enable port power on non-switchable hub
[    5.017784] drivers/usb/core/inode.c: creating file '001'
[    5.017923] ohci_hcd: USB 1.1 'Open' Host Controller (OHCI) Driver
[    5.019811] ohci_hcd: block sizes: ed 80 td 96
[    5.020149] ACPI: PCI Interrupt Link [APCF] enabled at IRQ 23
[    5.022040] ohci_hcd 0000:00:02.0: PCI INT A -> Link[APCF] -> GSI 23 (level, low) -> IRQ 23
[    5.023997] ohci_hcd 0000:00:02.0: setting latency timer to 64
[    5.024000] ohci_hcd 0000:00:02.0: OHCI Host Controller
[    5.025985] drivers/usb/core/inode.c: creating file '002'
[    5.026066] ohci_hcd 0000:00:02.0: new USB bus registered, assigned bus number 2
[    5.028018] ohci_hcd 0000:00:02.0: created debug files
[    5.028020] ohci_hcd 0000:00:02.0: supports USB remote wakeup
[    5.028028] ohci_hcd 0000:00:02.0: irq 23, io mem 0xfe02f000
[    5.082023] ohci_hcd 0000:00:02.0: OHCI controller state
[    5.082026] ohci_hcd 0000:00:02.0: OHCI 1.0, NO legacy support registers
[    5.082030] ohci_hcd 0000:00:02.0: control 0x683 RWE RWC HCFS=operational CBSR=3
[    5.082033] ohci_hcd 0000:00:02.0: cmdstatus 0x00000 SOC=0
[    5.082037] ohci_hcd 0000:00:02.0: intrstatus 0x00000004 SF
[    5.082040] ohci_hcd 0000:00:02.0: intrenable 0x8000004a MIE RHSC RD WDH
[    5.082044] ohci_hcd 0000:00:02.0: hcca frame #0003
[    5.082048] ohci_hcd 0000:00:02.0: roothub.a 0100020a POTPGT=1 NPS NDP=10(10)
[    5.082051] ohci_hcd 0000:00:02.0: roothub.b 00000000 PPCM=0000 DR=0000
[    5.082055] ohci_hcd 0000:00:02.0: roothub.status 00008000 DRWE
[    5.082059] ohci_hcd 0000:00:02.0: roothub.portstatus [0] 0x00000100 PPS
[    5.082062] ohci_hcd 0000:00:02.0: roothub.portstatus [1] 0x00000100 PPS
[    5.082066] ohci_hcd 0000:00:02.0: roothub.portstatus [2] 0x00000100 PPS
[    5.082070] ohci_hcd 0000:00:02.0: roothub.portstatus [3] 0x00000100 PPS
[    5.082073] ohci_hcd 0000:00:02.0: roothub.portstatus [4] 0x00000100 PPS
[    5.082077] ohci_hcd 0000:00:02.0: roothub.portstatus [5] 0x00000100 PPS
[    5.082081] ohci_hcd 0000:00:02.0: roothub.portstatus [6] 0x00000100 PPS
[    5.082084] ohci_hcd 0000:00:02.0: roothub.portstatus [7] 0x00000100 PPS
[    5.082088] ohci_hcd 0000:00:02.0: roothub.portstatus [8] 0x00000100 PPS
[    5.082092] ohci_hcd 0000:00:02.0: roothub.portstatus [9] 0x00000100 PPS
[    5.082104] usb usb2: default language 0x0409
[    5.082111] usb usb2: New USB device found, idVendor=1d6b, idProduct=0001
[    5.084045] usb usb2: New USB device strings: Mfr=3, Product=2, SerialNumber=1
[    5.085976] usb usb2: Product: OHCI Host Controller
[    5.087894] usb usb2: Manufacturer: Linux 2.6.30-gentoo-r4 ohci_hcd
[    5.089828] usb usb2: SerialNumber: 0000:00:02.0
[    5.091802] usb usb2: uevent
[    5.091860] usb usb2: usb_probe_device
[    5.091863] usb usb2: configuration #1 chosen from 1 choice
[    5.093816] usb usb2: adding 2-0:1.0 (config #1, interface 0)
[    5.093831] usb 2-0:1.0: uevent
[    5.093889] hub 2-0:1.0: usb_probe_interface
[    5.093891] hub 2-0:1.0: usb_probe_interface - got id
[    5.093894] hub 2-0:1.0: USB hub found
[    5.095841] hub 2-0:1.0: 10 ports detected
[    5.097772] hub 2-0:1.0: standalone hub
[    5.097774] hub 2-0:1.0: no power switching (usb 1.0)
[    5.097776] hub 2-0:1.0: global over-current protection
[    5.097779] hub 2-0:1.0: power on to power good time: 2ms
[    5.097783] hub 2-0:1.0: local power source is good
[    5.097786] hub 2-0:1.0: no over-current condition exists
[    5.097788] hub 2-0:1.0: trying to enable port power on non-switchable hub
[    5.097875] drivers/usb/core/inode.c: creating file '001'
[    5.098085] usbcore: registered new interface driver usblp
[    5.100100] usbcore: registered new interface driver cdc_wdm
[    5.102055] Initializing USB Mass Storage driver...
[    5.104080] usbcore: registered new interface driver usb-storage
[    5.106042] USB Mass Storage support registered.
[    5.108085] usbcore: registered new interface driver libusual
[    5.110124] usbcore: registered new interface driver ums-karma
[    5.112130] usbcore: registered new interface driver ums-onetouch
[    5.114102] usbcore: registered new interface driver ums-sddr09
[    5.116075] usbcore: registered new interface driver ums-sddr55
[    5.117987] ehci_hcd 0000:00:02.1: GetStatus port 4 status 001803 POWER sig=j CSC CONNECT
[    5.117991] hub 1-0:1.0: port 4: status 0501 change 0001
[    5.118089] usbcore: registered new interface driver usbserial
[    5.120030] USB Serial support registered for generic
[    5.121959] usbcore: registered new interface driver usbserial_generic
[    5.123828] usbserial: USB Serial Driver core
[    5.125721] USB Serial support registered for hp4X
[    5.127642] usbcore: registered new interface driver hp4X
[    5.129504] hp4x: v1.00:HP4x (48/49) Generic Serial driver
[    5.131445] usbcore: registered new interface driver berry_charge
[    5.133391] usbcore: registered new interface driver usblcd
[    5.135332] usbcore: registered new interface driver usbled
[    5.137247] usbcore: registered new interface driver trancevibrator
[    5.139112] trancevibrator: v1.1:PlayStation 2 Trance Vibrator driver
[    5.141106] PNP: PS/2 Controller [PNP0f13:PS2M] at 0x60,0x64 irq 12
[    5.142959] PNP: PS/2 controller doesn't have KBD irq; using default 1
[    5.147232] serio: i8042 KBD port at 0x60,0x64 irq 1
[    5.149096] serio: i8042 AUX port at 0x60,0x64 irq 12
[    5.151313] mice: PS/2 mouse device common for all mice
[    5.165316] rtc_cmos 00:04: RTC can wake from S4
[    5.165489] gameport: EMU10K1 is pci0000:01:07.1/gameport0, io 0xa800, speed 1204kHz
[    5.168970] rtc_cmos: dev (254:0)
[    5.168985] rtc_cmos 00:04: rtc core: registered rtc_cmos as rtc0
[    5.170858] rtc0: alarms up to one year, y3k, 242 bytes nvram
[    5.172702] ata1: SATA link down (SStatus 0 SControl 300)
[    5.174610] i2c /dev entries driver
[    5.176690] i2c-adapter i2c-0: nForce2 SMBus adapter at 0x1c00
[    5.178641] i2c-adapter i2c-1: nForce2 SMBus adapter at 0x1c40
[    5.180741] usbcore: registered new interface driver i2c-tiny-usb
[    5.182576] Linux video capture interface: v2.00
[    5.186241] device-mapper: ioctl: 4.14.0-ioctl (2008-04-23) initialised: dm-devel@redhat.com
[    5.188425] cpuidle: using governor ladder
[    5.190215] cpuidle: using governor menu
[    5.192036] sdhci: Secure Digital Host Controller Interface driver
[    5.193823] sdhci: Copyright(c) Pierre Ossman
[    5.195934] No iBFT detected.
[    5.198050] hub 2-0:1.0: state 7 ports 10 chg 0000 evt 0000
[    5.199062] usbcore: registered new interface driver hiddev
[    5.200940] usbcore: registered new interface driver usbhid
[    5.202766] usbhid: v2.6:USB HID core driver
[    5.204674] Advanced Linux Sound Architecture Driver Version 1.0.20.
[    5.207311] ACPI: PCI Interrupt Link [APC4] enabled at IRQ 19
[    5.209078] EMU10K1_Audigy 0000:01:07.0: PCI INT A -> Link[APC4] -> GSI 19 (level, low) -> IRQ 19
[    5.213481] ALSA sound/pci/emu10k1/emufx.c:1546: Installing spdif_bug patch: SB Audigy 2 ZS [SB0350]
[    5.218024] hub 1-0:1.0: state 7 ports 10 chg 0010 evt 0000
[    5.218033] hub 1-0:1.0: port 4, status 0501, change 0000, 480 Mb/s
[    5.229944] No device for DAI AD73311
[    5.231777] No device for DAI AK4535
[    5.233612] Cirrus Logic CS4270 ALSA SoC Codec Driver
[    5.235508] No device for DAI PCM3008 HiFi
[    5.237339] No device for DAI SSM2602
[    5.239146] No device for DAI tlv320aic23
[    5.240947] No device for DAI tlv320aic3x
[    5.242718] No device for DAI UDA134X
[    5.244482] No device for DAI UDA1380
[    5.246221] No device for DAI UDA1380
[    5.247954] No device for DAI UDA1380
[    5.249659] No device for DAI WM8510 HiFi
[    5.251397] No device for DAI WM8728
[    5.253111] No device for DAI WM8750
[    5.254898] No device for DAI WM8971
[    5.256527] No device for DAI WM8990 ADC/DAC Primary
[    5.258170] ALSA device list:
[    5.259816]   #0: SB Audigy 2 ZS [SB0350] (rev.4, serial:0x20021102) at 0xac00, irq 19
[    5.261943] IPv4 over IPv4 tunneling driver
[    5.264052] GRE over IPv4 tunneling driver
[    5.266175] TCP cubic registered
[    5.267819] TCP highspeed registered
[    5.268255] ehci_hcd 0000:00:02.1: port 4 high speed
[    5.268260] ehci_hcd 0000:00:02.1: GetStatus port 4 status 001005 POWER sig=se0 PE CONNECT
[    5.269445] TCP scalable registered
[    5.271544] NET: Registered protocol family 10
[    5.275807] IPv6 over IPv4 tunneling driver
[    5.279708] NET: Registered protocol family 17
[    5.281662] RPC: Registered udp transport module.
[    5.283272] RPC: Registered tcp transport module.
[    5.284973] powernow-k8: Found 1 AMD Athlon(tm) 64 X2 Dual Core Processor 4200+ processors (2 cpu cores) (version 2.20.00)
[    5.286801] powernow-k8:    0 : fid 0xe (2200 MHz), vid 0x8
[    5.288545] powernow-k8:    1 : fid 0xc (2000 MHz), vid 0xa
[    5.290209] powernow-k8:    2 : fid 0xa (1800 MHz), vid 0xc
[    5.291855] powernow-k8:    3 : fid 0x2 (1000 MHz), vid 0x12
[    5.294029] rtc_cmos 00:04: setting system clock to 2009-12-21 23:41:35 UTC (1261438895)
[    5.295768] BIOS EDD facility v0.16 2004-Jun-25, 0 devices found
[    5.297506] EDD information not available.
[    5.315029] ata3: SATA link up 3.0 Gbps (SStatus 123 SControl 300)
[    5.319030] usb 1-4: new high speed USB device using ehci_hcd and address 2
[    5.336218] ata3.00: ATA-8: SAMSUNG HD203WI, 1AN10002, max UDMA/133
[    5.337992] ata3.00: 3907029168 sectors, multi 16: LBA48 NCQ (depth 0/32)
[    5.358213] ata3.00: configured for UDMA/133
[    5.371235] ehci_hcd 0000:00:02.1: port 4 high speed
[    5.371240] ehci_hcd 0000:00:02.1: GetStatus port 4 status 001005 POWER sig=se0 PE CONNECT
[    5.434898] usb 1-4: New USB device found, idVendor=0409, idProduct=005a
[    5.436661] usb 1-4: New USB device strings: Mfr=0, Product=0, SerialNumber=0
[    5.438505] usb 1-4: uevent
[    5.438575] usb 1-4: usb_probe_device
[    5.438578] usb 1-4: configuration #1 chosen from 1 choice
[    5.440648] usb 1-4: adding 1-4:1.0 (config #1, interface 0)
[    5.440665] usb 1-4:1.0: uevent
[    5.440724] hub 1-4:1.0: usb_probe_interface
[    5.440726] hub 1-4:1.0: usb_probe_interface - got id
[    5.440729] hub 1-4:1.0: USB hub found
[    5.442520] hub 1-4:1.0: 4 ports detected
[    5.444234] hub 1-4:1.0: standalone hub
[    5.444236] hub 1-4:1.0: individual port power switching
[    5.444238] hub 1-4:1.0: individual port over-current protection
[    5.444240] hub 1-4:1.0: Single TT
[    5.444243] hub 1-4:1.0: TT requires at most 16 FS bit times (1332 ns)
[    5.444245] hub 1-4:1.0: Port indicators are supported
[    5.444247] hub 1-4:1.0: power on to power good time: 100ms
[    5.444517] hub 1-4:1.0: local power source is good
[    5.444520] hub 1-4:1.0: enabling power on all ports
[    5.445115] drivers/usb/core/inode.c: creating file '002'
[    5.545518] hub 1-4:1.0: port 4: status 0101 change 0001
[    5.645024] usb 1-4: link qh256-0001/ffff88000009e140 start 255 [1/0 us]
[    5.645032] hub 1-4:1.0: state 7 ports 4 chg 0010 evt 0000
[    5.645146] hub 1-4:1.0: port 4, status 0101, change 0000, 12 Mb/s
[    5.656646] hub 1-4:1.0: port 4 not reset yet, waiting 10ms
[    5.718656] usb 1-4.4: new high speed USB device using ehci_hcd and address 3
[    5.731139] hub 1-4:1.0: port 4 not reset yet, waiting 10ms
[    5.807519] usb 1-4.4: default language 0x0409
[    5.807769] usb 1-4.4: New USB device found, idVendor=05e3, idProduct=0606
[    5.809524] usb 1-4.4: New USB device strings: Mfr=0, Product=1, SerialNumber=0
[    5.811272] usb 1-4.4: Product: USB2.0 Hub
[    5.813035] usb 1-4.4: uevent
[    5.813090] usb 1-4.4: usb_probe_device
[    5.813093] usb 1-4.4: configuration #1 chosen from 1 choice
[    5.815773] usb 1-4.4: adding 1-4.4:1.0 (config #1, interface 0)
[    5.815793] usb 1-4.4:1.0: uevent
[    5.815851] hub 1-4.4:1.0: usb_probe_interface
[    5.815853] hub 1-4.4:1.0: usb_probe_interface - got id
[    5.815855] hub 1-4.4:1.0: USB hub found
[    5.817896] hub 1-4.4:1.0: 4 ports detected
[    5.819633] hub 1-4.4:1.0: standalone hub
[    5.819635] hub 1-4.4:1.0: ganged power switching
[    5.819636] hub 1-4.4:1.0: global over-current protection
[    5.819638] hub 1-4.4:1.0: Single TT
[    5.819641] hub 1-4.4:1.0: TT requires at most 32 FS bit times (2664 ns)
[    5.819643] hub 1-4.4:1.0: Port indicators are supported
[    5.819645] hub 1-4.4:1.0: power on to power good time: 100ms
[    5.820029] hub 1-4.4:1.0: local power source is good
[    5.820032] hub 1-4.4:1.0: no over-current condition exists
[    5.820034] hub 1-4.4:1.0: enabling power on all ports
[    5.821223] drivers/usb/core/inode.c: creating file '003'
[    5.821311] hub 1-4:1.0: state 7 ports 4 chg 0000 evt 0010
[    5.921519] hub 1-4.4:1.0: port 2: status 0101 change 0001
[    5.922270] hub 1-4.4:1.0: port 4: status 0301 change 0001
[    6.022024] usb 1-4.4: link qh256-0001/ffff88000009e280 start 255 [1/0 us]
[    6.022029] hub 1-4.4:1.0: state 7 ports 4 chg 0014 evt 0000
[    6.022279] hub 1-4.4:1.0: port 2, status 0101, change 0000, 12 Mb/s
[    6.048028] ata2: SATA link up 3.0 Gbps (SStatus 123 SControl 300)
[    6.084779] usb 1-4.4.2: new full speed USB device using ehci_hcd and address 4
[    6.093932] ata2.00: ATA-7: ST3320620AS, 3.AAJ, max UDMA/133
[    6.095655] ata2.00: 625142448 sectors, multi 16: LBA48 NCQ (depth 0/32)
[    6.152261] ata2.00: configured for UDMA/133
[    6.154050] scsi 1:0:0:0: Direct-Access     ATA      ST3320620AS      3.AA PQ: 0 ANSI: 5
[    6.156167] sd 1:0:0:0: [sda] 625142448 512-byte hardware sectors: (320 GB/298 GiB)
[    6.156195] scsi 2:0:0:0: Direct-Access     ATA      SAMSUNG HD203WI  1AN1 PQ: 0 ANSI: 5
[    6.159650] sd 1:0:0:0: [sda] Write Protect is off
[    6.160299] sd 2:0:0:0: [sdb] 3907029168 512-byte hardware sectors: (2.00 TB/1.81 TiB)
[    6.160314] sd 2:0:0:0: [sdb] Write Protect is off
[    6.160317] sd 2:0:0:0: [sdb] Mode Sense: 00 3a 00 00
[    6.160338] sd 2:0:0:0: [sdb] Write cache: enabled, read cache: enabled, doesn't support DPO or FUA
[    6.160433]  sdb:<7>sd 1:0:0:0: [sda] Mode Sense: 00 3a 00 00
[    6.168651] sd 1:0:0:0: [sda] Write cache: enabled, read cache: enabled, doesn't support DPO or FUA
[    6.169019] usb 1-4.4.2: ep0 maxpacket = 8
[    6.170707]  sda:<7>usb 1-4.4.2: default language 0x0409
[    6.173514] usb 1-4.4.2: New USB device found, idVendor=0472, idProduct=0065
[    6.175533] usb 1-4.4.2: New USB device strings: Mfr=1, Product=2, SerialNumber=0
[    6.176390]  unknown partition table
[    6.179561] usb 1-4.4.2: Product: Generic USB Hub
[    6.179686] sd 2:0:0:0: [sdb] Attached SCSI disk
[    6.183780] usb 1-4.4.2: Manufacturer: Chicony 
[    6.185966] usb 1-4.4.2: uevent
[    6.186035] usb 1-4.4.2: usb_probe_device
[    6.186038] usb 1-4.4.2: configuration #1 chosen from 1 choice
[    6.188646] usb 1-4.4.2: adding 1-4.4.2:1.0 (config #1, interface 0)
[    6.188663] usb 1-4.4.2:1.0: uevent
[    6.188738] hub 1-4.4.2:1.0: usb_probe_interface
[    6.188740] hub 1-4.4.2:1.0: usb_probe_interface - got id
[    6.188743] hub 1-4.4.2:1.0: USB hub found
[    6.191142] hub 1-4.4.2:1.0: 3 ports detected
[    6.191905]  sda1 sda2 sda3
[    6.195278] hub 1-4.4.2:1.0: compound device; port removable status: FRR
[    6.195280] hub 1-4.4.2:1.0: individual port power switching
[    6.195282] hub 1-4.4.2:1.0: individual port over-current protection
[    6.195285] hub 1-4.4.2:1.0: power on to power good time: 100ms
[    6.195516] hub 1-4.4.2:1.0: hub controller current requirement: 90mA
[    6.195519] hub 1-4.4.2:1.0: 100mA bus power budget for each child
[    6.195764] hub 1-4.4.2:1.0: enabling power on all ports
[    6.196219] drivers/usb/core/inode.c: creating file '004'
[    6.196766] hub 1-4.4:1.0: port 4, status 0301, change 0000, 1.5 Mb/s
[    6.198654] sd 1:0:0:0: [sda] Attached SCSI disk
[    6.205019] ohci_hcd 0000:00:02.0: auto-stop root hub
[    6.259781] usb 1-4.4.4: new low speed USB device using ehci_hcd and address 5
[    6.274268] hub 1-4.4:1.0: port 4 not reset yet, waiting 10ms
[    6.295770] hub 1-4.4.2:1.0: port 1: status 0101 change 0001
[    6.352022] usb 1-4.4.4: skipped 1 descriptor after interface
[    6.352393] usb 1-4.4.4: default language 0x0409
[    6.355020] usb 1-4.4.4: New USB device found, idVendor=047d, idProduct=1020
[    6.357174] usb 1-4.4.4: New USB device strings: Mfr=1, Product=2, SerialNumber=0
[    6.359333] usb 1-4.4.4: Product: Kensington Expert Mouse
[    6.361494] usb 1-4.4.4: Manufacturer: Kensington     
[    6.363693] usb 1-4.4.4: uevent
[    6.363752] usb 1-4.4.4: usb_probe_device
[    6.363755] usb 1-4.4.4: configuration #1 chosen from 1 choice
[    6.366899] usb 1-4.4.4: adding 1-4.4.4:1.0 (config #1, interface 0)
[    6.366917] usb 1-4.4.4:1.0: uevent
[    6.366985] usbserial_generic 1-4.4.4:1.0: usb_probe_interface
[    6.366987] usbserial_generic 1-4.4.4:1.0: usb_probe_interface - got id
[    6.367001] usbhid 1-4.4.4:1.0: usb_probe_interface
[    6.367003] usbhid 1-4.4.4:1.0: usb_probe_interface - got id
[    6.369262] input: Kensington      Kensington Expert Mouse as /devices/pci0000:00/0000:00:02.1/usb1/1-4/1-4.4/1-4.4.4/1-4.4.4:1.0/input/input2
[    6.371759] generic-usb 0003:047D:1020.0001: input,hidraw0: USB HID v1.10 Mouse [Kensington      Kensington Expert Mouse] on usb-0000:00:02.1-4.4.4/input0
[    6.374165] drivers/usb/core/inode.c: creating file '005'
[    6.396036] usb 1-4.4.2: link qh128-0601/ffff88000009e460 start 127 [1/2 us]
[    6.396043] hub 1-4.4.2:1.0: state 7 ports 3 chg 0002 evt 0000
[    6.396775] hub 1-4.4.2:1.0: port 1, status 0101, change 0000, 12 Mb/s
[    6.407771] hub 1-4.4.2:1.0: port 1 not reset yet, waiting 10ms
[    6.469655] usb 1-4.4.2.1: new full speed USB device using ehci_hcd and address 6
[    6.483268] hub 1-4.4.2:1.0: port 1 not reset yet, waiting 10ms
[    6.558019] usb 1-4.4.2.1: ep0 maxpacket = 8
[    6.559895] usb 1-4.4.2.1: skipped 1 descriptor after interface
[    6.560145] usb 1-4.4.2.1: default language 0x0409
[    6.561145] usb 1-4.4.2.1: New USB device found, idVendor=0472, idProduct=0065
[    6.563465] usb 1-4.4.2.1: New USB device strings: Mfr=3, Product=4, SerialNumber=0
[    6.565805] usb 1-4.4.2.1: Product: PFU-65 USB Keyboard
[    6.568159] usb 1-4.4.2.1: Manufacturer: Chicony 
[    6.570516] usb 1-4.4.2.1: uevent
[    6.570572] usb 1-4.4.2.1: usb_probe_device
[    6.570575] usb 1-4.4.2.1: configuration #1 chosen from 1 choice
[    6.574271] usb 1-4.4.2.1: adding 1-4.4.2.1:1.0 (config #1, interface 0)
[    6.574288] usb 1-4.4.2.1:1.0: uevent
[    6.574353] usbserial_generic 1-4.4.2.1:1.0: usb_probe_interface
[    6.574355] usbserial_generic 1-4.4.2.1:1.0: usb_probe_interface - got id
[    6.574366] usbhid 1-4.4.2.1:1.0: usb_probe_interface
[    6.574368] usbhid 1-4.4.2.1:1.0: usb_probe_interface - got id
[    6.575755] input: Chicony  PFU-65 USB Keyboard as /devices/pci0000:00/0000:00:02.1/usb1/1-4/1-4.4/1-4.4.2/1-4.4.2.1/1-4.4.2.1:1.0/input/input3
[    6.578182] usb 1-4.4.2.1: link qh16-3008/ffff88000009e5a0 start 15 [1/2 us]
[    6.578335] generic-usb 0003:0472:0065.0002: input,hidraw1: USB HID v1.00 Keyboard [Chicony  PFU-65 USB Keyboard] on usb-0000:00:02.1-4.4.2.1/input0
[    6.580875] drivers/usb/core/inode.c: creating file '006'
[    6.580958] hub 1-4.4.2:1.0: 410mA power budget left
[    6.580962] hub 1-4.4.2:1.0: state 7 ports 3 chg 0000 evt 0002
[    6.887024] ata4: SATA link down (SStatus 0 SControl 300)
[    6.895419] scsi 4:0:1:0: CD-ROM            PIONEER  DVD-RW  DVR-112D 1.21 PQ: 0 ANSI: 5
[    6.916668] sr0: scsi3-mmc drive: 40x/40x writer cd/rw xa/form2 cdda tray
[    6.919163] Uniform CD-ROM driver Revision: 3.20
[    6.921831] sr 4:0:1:0: Attached scsi CD-ROM sr0
[    7.131159] UDF-fs: No partition found (1)
[    7.159026] async/2 used greatest stack depth: 5880 bytes left
[    7.167217] XFS mounting filesystem sda3
[    7.179020] async/1 used greatest stack depth: 5656 bytes left
[    7.315064] Ending clean XFS mount for filesystem: sda3
[    7.315145] VFS: Mounted root (xfs filesystem) readonly on device 8:3.
[    7.317665] Freeing unused kernel memory: 428k freed
[    7.320399] Write protecting the kernel read-only data: 7428k
[    7.701274] hub 2-0:1.0: hub_suspend
[    7.701283] usb usb2: bus auto-suspend
[    7.701287] ohci_hcd 0000:00:02.0: suspend root hub
[    7.921276] async/4 used greatest stack depth: 5080 bytes left
[    8.676207] loadkeys used greatest stack depth: 4968 bytes left
[    8.679038] init-early.sh used greatest stack depth: 4696 bytes left
[   11.820475] udev: starting version 149
[   11.873481] usb usb2: uevent
[   11.873504] usb 2-0:1.0: uevent
[   11.873611] usb usb1: uevent
[   11.873631] usb 1-0:1.0: uevent
[   11.873671] usb 1-4: uevent
[   11.873693] usb 1-4.4: uevent
[   11.873716] usb 1-4.4.2: uevent
[   11.873739] usb 1-4.4.2.1: uevent
[   11.873762] usb 1-4.4.2.1:1.0: uevent
[   11.873944] usb 1-4.4.2:1.0: uevent
[   11.874007] usb 1-4.4.4: uevent
[   11.874029] usb 1-4.4.4:1.0: uevent
[   11.874218] usb 1-4.4:1.0: uevent
[   11.874289] usb 1-4:1.0: uevent
[   11.945928] usb usb2: uevent
[   11.946041] usb usb1: uevent
[   12.124617] usb 1-4: uevent
[   12.132491] usb 1-4.4: uevent
[   12.141416] usb 1-4.4.2: uevent
[   12.141920] usb 1-4.4.4: uevent
[   12.176867] usb 1-4.4.2.1: uevent
[   12.197691] usb 1-4.4.4:1.0: uevent
[   12.197820] usb 1-4.4.4:1.0: uevent
[   12.197831] usb 1-4.4.4: uevent
[   12.197962] usb 1-4.4.4: uevent
[   12.199728] usb 1-4.4.4:1.0: uevent
[   12.205069] usb 1-4.4.4:1.0: uevent
[   12.208135] usb 1-4.4.2.1:1.0: uevent
[   12.208268] usb 1-4.4.2.1: uevent
[   12.210046] usb 1-4.4.2.1:1.0: uevent
[   13.281467] nvidia: module license 'NVIDIA' taints kernel.
[   13.281472] Disabling lock debugging due to kernel taint
[   13.356551] nvidiafb 0000:04:00.0: PCI INT A -> Link[APC4] -> GSI 19 (level, low) -> IRQ 19
[   13.356560] nvidiafb 0000:04:00.0: BAR 1: can't reserve mem region [0xd0000000-0xdfffffff]
[   13.356563] nvidiafb: cannot request PCI regions
[   13.356586] nvidiafb 0000:05:00.0: enabling device (0000 -> 0003)
[   13.356858] ACPI: PCI Interrupt Link [APC3] enabled at IRQ 18
[   13.356868] nvidiafb 0000:05:00.0: PCI INT A -> Link[APC3] -> GSI 18 (level, low) -> IRQ 18
[   13.357140] nvidiafb: Device ID: 10de0292 
[   13.361262] nvidiafb: CRTC0 analog found
[   13.365261] nvidiafb: CRTC1 analog found
[   13.442051] i2c-adapter i2c-2: unable to read EDID block.
[   13.561050] i2c-adapter i2c-2: unable to read EDID block.
[   13.565101] nvidia 0000:04:00.0: setting latency timer to 64
[   13.680051] i2c-adapter i2c-2: unable to read EDID block.
[   13.798818] i2c-adapter i2c-3: unable to read EDID block.
[   13.917803] i2c-adapter i2c-3: unable to read EDID block.
[   14.037050] i2c-adapter i2c-3: unable to read EDID block.
[   14.079270] nvidiafb: CRTC 0 appears to have a CRT attached
[   14.079274] nvidiafb: Using CRT on CRTC 0
[   14.079276] nvidiafb: cannot ioremap FB base
[   14.080059] nvidia 0000:05:00.0: setting latency timer to 64
[   14.080304] NVRM: loading NVIDIA UNIX x86_64 Kernel Module  185.18.36  Fri Aug 14 17:35:21 PDT 2009
[   15.355219] grep used greatest stack depth: 4032 bytes left
[   15.359888] runscript.sh used greatest stack depth: 3824 bytes left
[   15.478065] XFS mounting filesystem sda1
[   15.838947] Ending clean XFS mount for filesystem: sda1
[   16.997562] dmesg used greatest stack depth: 3664 bytes left
[   18.687900] Adding 2080408k swap on /dev/sda2.  Priority:-1 extents:1 across:2080408k 
[   19.694289] usb 1-4.4.4: link qh8-0601/ffff88000009e640 start 6 [1/2 us]
[   19.706271] usb 1-4.4.4: unlink qh8-0601/ffff88000009e640 start 6 [1/2 us]
[   21.162040] ehci_hcd 0000:00:02.1: reused qh ffff88000009e640 schedule
[   21.162046] usb 1-4.4.4: link qh8-0601/ffff88000009e640 start 6 [1/2 us]
[   22.350060] usb usb2: uevent
[   22.350166] usb 2-0:1.0: uevent
[   22.350822] usb usb1: uevent
[   22.350920] usb 1-0:1.0: uevent
[   22.351049] usb 1-4: uevent
[   22.351144] usb 1-4.4: uevent
[   22.351242] usb 1-4.4.2: uevent
[   22.351733] usb 1-4.4.2.1: uevent
[   22.351840] usb 1-4.4.2.1:1.0: uevent
[   22.352626] usb 1-4.4.2:1.0: uevent
[   22.352837] usb 1-4.4.4: uevent
[   22.352939] usb 1-4.4.4:1.0: uevent
[   22.353903] usb 1-4.4:1.0: uevent
[   22.354107] usb 1-4:1.0: uevent
[   28.765012] eth0: no IPv6 routers present
