Linux version 2.6.20-gentoo-r8 (root@Ryu) (gcc version 4.1.1 (Gentoo 4.1.1)) #5 SMP Mon May 28 07:04:23 PST 2007
Command line: video=vesafb:mtrr:3,ywrap vga=0x31B           root=/dev/sda3 doscsi
BIOS-provided physical RAM map:
 BIOS-e820: 0000000000000000 - 000000000009f800 (usable)
 BIOS-e820: 000000000009f800 - 00000000000a0000 (reserved)
 BIOS-e820: 00000000000f0000 - 0000000000100000 (reserved)
 BIOS-e820: 0000000000100000 - 000000007fff0000 (usable)
 BIOS-e820: 000000007fff0000 - 000000007fff3000 (ACPI NVS)
 BIOS-e820: 000000007fff3000 - 0000000080000000 (ACPI data)
 BIOS-e820: 00000000e0000000 - 00000000f0000000 (reserved)
 BIOS-e820: 00000000fec00000 - 00000000fec01000 (reserved)
 BIOS-e820: 00000000fee00000 - 00000000fef00000 (reserved)
 BIOS-e820: 00000000fefffc00 - 00000000ff000000 (reserved)
 BIOS-e820: 00000000ffff0000 - 0000000100000000 (reserved)
Entering add_active_range(0, 0, 159) 0 entries of 3200 used
Entering add_active_range(0, 256, 524272) 1 entries of 3200 used
end_pfn_map = 1048576
DMI 2.2 present.
ACPI: RSDP (v000 Nvidia                                ) @ 0x00000000000f7fa0
ACPI: RSDT (v001 Nvidia AWRDACPI 0x42302e31 AWRD 0x00000000) @ 0x000000007fff3040
ACPI: FADT (v001 Nvidia AWRDACPI 0x42302e31 AWRD 0x00000000) @ 0x000000007fff30c0
ACPI: MCFG (v001 Nvidia AWRDACPI 0x42302e31 AWRD 0x00000000) @ 0x000000007fff8f80
ACPI: MADT (v001 Nvidia AWRDACPI 0x42302e31 AWRD 0x00000000) @ 0x000000007fff8ec0
ACPI: DSDT (v001 NVIDIA AWRDACPI 0x00001000 MSFT 0x0100000e) @ 0x0000000000000000
Scanning NUMA topology in Northbridge 24
Number of nodes 1
Node 0 MemBase 0000000000000000 Limit 000000007fff0000
Entering add_active_range(0, 0, 159) 0 entries of 3200 used
Entering add_active_range(0, 256, 524272) 1 entries of 3200 used
NUMA: Using 63 for the hash shift.
Using node hash shift of 63
Bootmem setup node 0 0000000000000000-000000007fff0000
Zone PFN ranges:
  DMA             0 ->     4096
  DMA32        4096 ->  1048576
  Normal    1048576 ->  1048576
early_node_map[2] active PFN ranges
    0:        0 ->      159
    0:      256 ->   524272
On node 0 totalpages: 524175
  DMA zone: 56 pages used for memmap
  DMA zone: 1625 pages reserved
  DMA zone: 2318 pages, LIFO batch:0
  DMA32 zone: 7111 pages used for memmap
  DMA32 zone: 513065 pages, LIFO batch:31
  Normal zone: 0 pages used for memmap
Nvidia board detected. Ignoring ACPI timer override.
If you got timer trouble try acpi_use_timer_override
ACPI: PM-Timer IO Port: 0x1008
ACPI: Local APIC address 0xfee00000
ACPI: LAPIC (acpi_id[0x00] lapic_id[0x00] enabled)
Processor #0 (Bootup-CPU)
ACPI: LAPIC_NMI (acpi_id[0x00] high edge lint[0x1])
ACPI: IOAPIC (id[0x02] address[0xfec00000] gsi_base[0])
IOAPIC[0]: apic_id 2, address 0xfec00000, GSI 0-23
ACPI: INT_SRC_OVR (bus 0 bus_irq 0 global_irq 2 dfl dfl)
ACPI: BIOS IRQ0 pin2 override ignored.
ACPI: INT_SRC_OVR (bus 0 bus_irq 9 global_irq 9 high level)
ACPI: INT_SRC_OVR (bus 0 bus_irq 14 global_irq 14 high edge)
ACPI: INT_SRC_OVR (bus 0 bus_irq 15 global_irq 15 high edge)
ACPI: IRQ9 used by override.
ACPI: IRQ14 used by override.
ACPI: IRQ15 used by override.
Setting APIC routing to flat
Using ACPI (MADT) for SMP configuration information
Nosave address range: 000000000009f000 - 00000000000a0000
Nosave address range: 00000000000a0000 - 00000000000f0000
Nosave address range: 00000000000f0000 - 0000000000100000
Allocating PCI resources starting at 88000000 (gap: 80000000:60000000)
PERCPU: Allocating 36800 bytes of per cpu data
Built 1 zonelists.  Total pages: 515383
Kernel command line: video=vesafb:mtrr:3,ywrap vga=0x31B           root=/dev/sda3 doscsi
Initializing CPU#0
PID hash table entries: 4096 (order: 12, 32768 bytes)
Console: colour dummy device 80x25
Dentry cache hash table entries: 262144 (order: 9, 2097152 bytes)
Inode-cache hash table entries: 131072 (order: 8, 1048576 bytes)
Checking aperture...
CPU 0: aperture @ 8942000000 size 32 MB
Aperture too small (32 MB)
No AGP bridge found
Memory: 2058308k/2097088k available (3478k kernel code, 38392k reserved, 1758k data, 360k init)
Calibrating delay using timer specific routine.. 4423.28 BogoMIPS (lpj=7370061)
Mount-cache hash table entries: 256
CPU: L1 I Cache: 64K (64 bytes/line), D cache 64K (64 bytes/line)
CPU: L2 Cache: 512K (64 bytes/line)
CPU 0/0 -> Node 0
SMP alternatives: switching to UP code
Freeing SMP alternatives: 40k freed
ACPI: Core revision 20060707
Using local APIC timer interrupts.
result 12557947
Detected 12.557 MHz APIC timer.
Brought up 1 CPUs
testing NMI watchdog ... OK.
time.c: Using 3.579545 MHz WALL PM GTOD PIT/TSC timer.
time.c: Detected 2210.195 MHz processor.
NET: Registered protocol family 16
ACPI: bus type pci registered
PCI: Using MMCONFIG at e0000000
PCI: No mmconfig possible on device 00:18
ACPI: Interpreter enabled
ACPI: Using IOAPIC for interrupt routing
ACPI: PCI Root Bridge [PCI0] (0000:00)
PCI: Probing PCI hardware (bus 00)
PCI: Transparent bridge - 0000:00:09.0
Boot video device is 0000:04:00.0
ACPI: PCI Interrupt Routing Table [\_SB_.PCI0._PRT]
ACPI: PCI Interrupt Routing Table [\_SB_.PCI0.HUB0._PRT]
ACPI: PCI Interrupt Link [LNK1] (IRQs 3 4 5 7 9 10 11 12 14 15) *0, disabled.
ACPI: PCI Interrupt Link [LNK2] (IRQs 3 4 5 7 9 10 11 12 14 15) *0, disabled.
ACPI: PCI Interrupt Link [LNK3] (IRQs 3 4 5 7 9 10 11 *12 14 15)
ACPI: PCI Interrupt Link [LNK4] (IRQs 3 4 *5 7 9 10 11 12 14 15)
ACPI: PCI Interrupt Link [LNK5] (IRQs 3 4 5 7 9 10 11 12 14 15) *0, disabled.
ACPI: PCI Interrupt Link [LUBA] (IRQs 3 *4 5 7 9 10 11 12 14 15)
ACPI: PCI Interrupt Link [LUBB] (IRQs 3 4 5 7 9 10 11 12 14 15) *0, disabled.
ACPI: PCI Interrupt Link [LMAC] (IRQs 3 4 5 *7 9 10 11 12 14 15)
ACPI: PCI Interrupt Link [LACI] (IRQs 3 4 5 7 9 10 11 12 14 15) *0, disabled.
ACPI: PCI Interrupt Link [LMCI] (IRQs 3 4 5 7 9 10 11 12 14 15) *0, disabled.
ACPI: PCI Interrupt Link [LSMB] (IRQs 3 4 5 7 9 10 *11 12 14 15)
ACPI: PCI Interrupt Link [LUB2] (IRQs *3 4 5 7 9 10 11 12 14 15)
ACPI: PCI Interrupt Link [LIDE] (IRQs 3 4 5 7 9 10 11 12 14 15) *0, disabled.
ACPI: PCI Interrupt Link [LSID] (IRQs 3 4 5 7 9 *10 11 12 14 15)
ACPI: PCI Interrupt Link [LFID] (IRQs 3 4 5 7 9 10 *11 12 14 15)
ACPI: PCI Interrupt Link [LPCA] (IRQs 3 4 5 7 9 10 11 12 14 15) *0, disabled.
ACPI: PCI Interrupt Link [APC1] (IRQs 16) *0, disabled.
ACPI: PCI Interrupt Link [APC2] (IRQs 17) *0, disabled.
ACPI: PCI Interrupt Link [APC3] (IRQs 18) *0, disabled.
ACPI: PCI Interrupt Link [APC4] (IRQs 19) *0, disabled.
ACPI: PCI Interrupt Link [APC5] (IRQs *16), disabled.
ACPI: PCI Interrupt Link [APCF] (IRQs 20 21 22 23) *0, disabled.
ACPI: PCI Interrupt Link [APCG] (IRQs 20 21 22 23) *0, disabled.
ACPI: PCI Interrupt Link [APCH] (IRQs 20 21 22 23) *0, disabled.
ACPI: PCI Interrupt Link [APCJ] (IRQs 20 21 22 23) *0, disabled.
ACPI: PCI Interrupt Link [APCK] (IRQs 20 21 22 23) *0, disabled.
ACPI: PCI Interrupt Link [APCS] (IRQs 20 21 22 23) *0, disabled.
ACPI: PCI Interrupt Link [APCL] (IRQs 20 21 22 23) *0, disabled.
ACPI: PCI Interrupt Link [APCZ] (IRQs 20 21 22 23) *0, disabled.
ACPI: PCI Interrupt Link [APSI] (IRQs 20 21 22 23) *0, disabled.
ACPI: PCI Interrupt Link [APSJ] (IRQs 20 21 22 23) *0, disabled.
ACPI: PCI Interrupt Link [APCP] (IRQs 20 21 22 23) *0, disabled.
Linux Plug and Play Support v0.97 (c) Adam Belay
pnp: PnP ACPI init
pnp: ACPI device : hid PNP0C02
pnp: ACPI device : hid PNP0A08
pnp: ACPI device : hid PNP0C02
pnp: ACPI device : hid PNP0200
pnp: ACPI device : hid PNP0B00
pnp: ACPI device : hid PNP0800
pnp: ACPI device : hid PNP0C04
pnp: ACPI device : hid PNP0303
pnp: ACPI device : hid PNP0C02
pnp: ACPI device : hid PNP0C01
pnp: PnP ACPI: found 10 devices
SCSI subsystem initialized
libata version 2.00 loaded.
usbcore: registered new interface driver usbfs
usbcore: registered new interface driver hub
usbcore: registered new device driver usb
PCI: Using ACPI for IRQ routing
PCI: If a device doesn't work, try "pci=routeirq".  If it helps, post a report
PCI: Cannot allocate resource region 3 of device 0000:04:00.0
PCI: Cannot allocate resource region 3 of device 0000:05:00.0
pnp: the driver 'system' has been registered
pnp: match found with the PnP device '00:00' and the driver 'system'
pnp: 00:00: ioport range 0x1000-0x107f could not be reserved
pnp: 00:00: ioport range 0x1080-0x10ff has been reserved
pnp: 00:00: ioport range 0x1400-0x147f has been reserved
pnp: 00:00: ioport range 0x1480-0x14ff could not be reserved
pnp: 00:00: ioport range 0x1800-0x187f has been reserved
pnp: 00:00: ioport range 0x1880-0x18ff has been reserved
pnp: match found with the PnP device '00:02' and the driver 'system'
pnp: match found with the PnP device '00:08' and the driver 'system'
pnp: match found with the PnP device '00:09' and the driver 'system'
PCI: Bridge: 0000:00:09.0
  IO window: a000-afff
  MEM window: fe900000-fe9fffff
  PREFETCH window: fea00000-feafffff
PCI: Bridge: 0000:00:0b.0
  IO window: 9000-9fff
  MEM window: fe800000-fe8fffff
  PREFETCH window: fe700000-fe7fffff
PCI: Bridge: 0000:00:0c.0
  IO window: 8000-8fff
  MEM window: fe600000-fe6fffff
  PREFETCH window: fe500000-fe5fffff
PCI: Bridge: 0000:00:0d.0
  IO window: 7000-7fff
  MEM window: fc000000-fdffffff
  PREFETCH window: b0000000-cfffffff
PCI: Bridge: 0000:00:0e.0
  IO window: 6000-6fff
  MEM window: fa000000-fbffffff
  PREFETCH window: 90000000-afffffff
PCI: Setting latency timer of device 0000:00:09.0 to 64
PCI: Setting latency timer of device 0000:00:0b.0 to 64
PCI: Setting latency timer of device 0000:00:0c.0 to 64
PCI: Setting latency timer of device 0000:00:0d.0 to 64
PCI: Setting latency timer of device 0000:00:0e.0 to 64
NET: Registered protocol family 2
IP route cache hash table entries: 65536 (order: 7, 524288 bytes)
TCP established hash table entries: 262144 (order: 10, 4194304 bytes)
TCP bind hash table entries: 65536 (order: 8, 1048576 bytes)
TCP: Hash tables configured (established 262144 bind 65536)
TCP reno registered
Total HugeTLB memory allocated, 0
Installing knfsd (copyright (C) 1996 okir@monad.swb.de).
NTFS driver 2.1.28 [Flags: R/W DEBUG].
SGI XFS with ACLs, security attributes, realtime, large block/inode numbers, no debug enabled
SGI XFS Quota Management subsystem
io scheduler noop registered
io scheduler deadline registered
io scheduler cfq registered (default)
PCI: Linking AER extended capability on 0000:00:0b.0
PCI: Found disabled HT MSI Mapping on 0000:00:0b.0
PCI: Found enabled HT MSI Mapping on 0000:00:00.0
PCI: Linking AER extended capability on 0000:00:0c.0
PCI: Found disabled HT MSI Mapping on 0000:00:0c.0
PCI: Found enabled HT MSI Mapping on 0000:00:00.0
PCI: Linking AER extended capability on 0000:00:0d.0
PCI: Found disabled HT MSI Mapping on 0000:00:0d.0
PCI: Found enabled HT MSI Mapping on 0000:00:00.0
PCI: Linking AER extended capability on 0000:00:0e.0
PCI: Found disabled HT MSI Mapping on 0000:00:0e.0
PCI: Found enabled HT MSI Mapping on 0000:00:00.0
PCI: Setting latency timer of device 0000:00:0b.0 to 64
assign_interrupt_mode Found MSI capability
Allocate Port Service[0000:00:0b.0:pcie00]
Allocate Port Service[0000:00:0b.0:pcie03]
PCI: Setting latency timer of device 0000:00:0c.0 to 64
assign_interrupt_mode Found MSI capability
Allocate Port Service[0000:00:0c.0:pcie00]
Allocate Port Service[0000:00:0c.0:pcie03]
PCI: Setting latency timer of device 0000:00:0d.0 to 64
assign_interrupt_mode Found MSI capability
Allocate Port Service[0000:00:0d.0:pcie00]
Allocate Port Service[0000:00:0d.0:pcie03]
PCI: Setting latency timer of device 0000:00:0e.0 to 64
assign_interrupt_mode Found MSI capability
Allocate Port Service[0000:00:0e.0:pcie00]
Allocate Port Service[0000:00:0e.0:pcie03]
Real Time Clock Driver v1.12ac
Linux agpgart interface v0.101 (c) Dave Jones
vesafb: framebuffer at 0xb0000000, mapped to 0xffffc20010100000, using 10240k, total 262144k
vesafb: mode is 1280x1024x32, linelength=5120, pages=0
vesafb: scrolling: redraw
vesafb: Truecolor: size=8:8:8:8, shift=24:16:8:0
Console: switching to colour frame buffer device 160x64
fb0: VESA VGA frame buffer device
vga16fb: initializing
vga16fb: mapped to 0xffff8100000a0000
fb1: VGA16 VGA frame buffer device
input: Power Button (FF) as /class/input/input0
ACPI: Power Button (FF) [PWRF]
input: Power Button (CM) as /class/input/input1
ACPI: Power Button (CM) [PWRB]
ACPI: Fan [FAN] (on)
ACPI: Processor [CPU0] (supports 8 throttling states)
ACPI: Thermal Zone [THRM] (43 C)
Serial: 8250/16550 driver $Revision: 1.90 $ 4 ports, IRQ sharing disabled
pnp: the driver 'serial' has been registered
RAMDISK driver initialized: 16 RAM disks of 4096K size 1024 blocksize
loop: loaded (max 8 devices)
forcedeth.c: Reverse Engineered nForce ethernet driver. Version 0.59.
ACPI: PCI Interrupt Link [APCH] enabled at IRQ 23
ACPI: PCI Interrupt 0000:00:0a.0[A] -> Link [APCH] -> GSI 23 (level, low) -> IRQ 23
PCI: Setting latency timer of device 0000:00:0a.0 to 64
forcedeth: using HIGHDMA
eth0: forcedeth.c: subsystem: 010de:cb84 bound to 0000:00:0a.0
tun: Universal TUN/TAP device driver, 1.6
tun: (C) 1999-2004 Max Krasnyansky <maxk@qualcomm.com>
netconsole: not configured, aborting
Uniform Multi-Platform E-IDE driver Revision: 7.00alpha2
ide: Assuming 33MHz system bus speed for PIO modes; override with idebus=xx
NFORCE-CK804: IDE controller at PCI slot 0000:00:06.0
NFORCE-CK804: chipset revision 162
NFORCE-CK804: not 100% native mode: will probe irqs later
NFORCE-CK804: 0000:00:06.0 (rev a2) UDMA133 controller
    ide0: BM-DMA at 0xe000-0xe007, BIOS settings: hda:DMA, hdb:DMA
Probing IDE interface ide0...
hdb: PIONEER DVD-RW DVR-112D, ATAPI CD/DVD-ROM drive
ide0 at 0x1f0-0x1f7,0x3f6 on irq 14
Probing IDE interface ide1...
hdb: ATAPI 40X DVD-ROM DVD-R CD-R/RW drive, 2000kB Cache<6>hdb: hw_config=6d00
, UDMA(66)
Uniform CD-ROM driver Revision: 3.20
sata_nv 0000:00:07.0: version 3.2
ACPI: PCI Interrupt Link [APSI] enabled at IRQ 22
ACPI: PCI Interrupt 0000:00:07.0[A] -> Link [APSI] -> GSI 22 (level, low) -> IRQ 22
sata_nv 0000:00:07.0: Using ADMA mode
PCI: Setting latency timer of device 0000:00:07.0 to 64
ata1: SATA max UDMA/133 cmd 0xFFFFC20000006480 ctl 0xFFFFC200000064A0 bmdma 0xCC00 irq 22
ata2: SATA max UDMA/133 cmd 0xFFFFC20000006580 ctl 0xFFFFC200000065A0 bmdma 0xCC08 irq 22
scsi0 : sata_nv
ata1: SATA link down (SStatus 0 SControl 300)
scsi1 : sata_nv
ata2: SATA link up 3.0 Gbps (SStatus 123 SControl 300)
ata2.00: ATA-7, max UDMA/133, 625142448 sectors: LBA48 NCQ (depth 31/32)
ata2.00: ata2: dev 0 multi count 16
ata2.00: configured for UDMA/133
scsi 1:0:0:0: Direct-Access     ATA      ST3320620NS      3.AE PQ: 0 ANSI: 5
ata2: bounce limit 0xFFFFFFFFFFFFFFFF, segment boundary 0xFFFFFFFF, hw segs 61
SCSI device sda: 625142448 512-byte hdwr sectors (320073 MB)
sda: Write Protect is off
sda: Mode Sense: 00 3a 00 00
SCSI device sda: write cache: enabled, read cache: enabled, doesn't support DPO or FUA
SCSI device sda: 625142448 512-byte hdwr sectors (320073 MB)
sda: Write Protect is off
sda: Mode Sense: 00 3a 00 00
SCSI device sda: write cache: enabled, read cache: enabled, doesn't support DPO or FUA
 sda: sda1 sda2 sda3
sd 1:0:0:0: Attached scsi disk sda
sd 1:0:0:0: Attached scsi generic sg0 type 0
ACPI: PCI Interrupt Link [APSJ] enabled at IRQ 21
ACPI: PCI Interrupt 0000:00:08.0[A] -> Link [APSJ] -> GSI 21 (level, low) -> IRQ 21
sata_nv 0000:00:08.0: Using ADMA mode
PCI: Setting latency timer of device 0000:00:08.0 to 64
ata3: SATA max UDMA/133 cmd 0xFFFFC20000010480 ctl 0xFFFFC200000104A0 bmdma 0xB800 irq 21
ata4: SATA max UDMA/133 cmd 0xFFFFC20000010580 ctl 0xFFFFC200000105A0 bmdma 0xB808 irq 21
scsi2 : sata_nv
ata3: SATA link down (SStatus 0 SControl 300)
scsi3 : sata_nv
ata4: SATA link up 1.5 Gbps (SStatus 113 SControl 300)
ata4.00: ATAPI, max UDMA/100
ata4.00: configured for UDMA/100
scsi 3:0:0:0: CD-ROM            LITE-ON  DVDRW LH-20A1L   BL02 PQ: 0 ANSI: 5
ata4: bounce limit 0xFFFFFFFF, segment boundary 0xFFFF, hw segs 127
sr0: scsi3-mmc drive: 48x/48x writer dvd-ram cd/rw xa/form2 cdda tray
sr 3:0:0:0: Attached scsi CD-ROM sr0
sr 3:0:0:0: Attached scsi generic sg1 type 5
ieee1394: raw1394: /dev/raw1394 device initialized
ehci_hcd: block sizes: qh 160 qtd 96 itd 192 sitd 96
ACPI: PCI Interrupt Link [APCL] enabled at IRQ 20
ACPI: PCI Interrupt 0000:00:02.1[B] -> Link [APCL] -> GSI 20 (level, low) -> IRQ 20
PCI: Setting latency timer of device 0000:00:02.1 to 64
ehci_hcd 0000:00:02.1: EHCI Host Controller
drivers/usb/core/inode.c: creating file 'devices'
drivers/usb/core/inode.c: creating file '001'
ehci_hcd 0000:00:02.1: new USB bus registered, assigned bus number 1
ehci_hcd 0000:00:02.1: reset hcs_params 0x10148a dbg=1 cc=1 pcc=4 !ppc ports=10
ehci_hcd 0000:00:02.1: reset portroute 0 0 0 0 0 0 0 0 0 0 
ehci_hcd 0000:00:02.1: reset hcc_params a082 caching frame 256/512/1024
ehci_hcd 0000:00:02.1: bogus port configuration: cc=1 x pcc=4 < ports=10
ehci_hcd 0000:00:02.1: debug port 1
PCI: cache line size of 64 is not supported by device 0000:00:02.1
ehci_hcd 0000:00:02.1: supports USB remote wakeup
ehci_hcd 0000:00:02.1: irq 20, io mem 0xfebfe000
ehci_hcd 0000:00:02.1: reset command 080002 (park)=0 ithresh=8 period=1024 Reset HALT
ehci_hcd 0000:00:02.1: init command 010009 (park)=0 ithresh=1 period=256 RUN
ehci_hcd 0000:00:02.1: USB 2.0 started, EHCI 1.00, driver 10 Dec 2004
usb usb1: default language 0x0409
usb usb1: new device strings: Mfr=3, Product=2, SerialNumber=1
usb usb1: Product: EHCI Host Controller
usb usb1: Manufacturer: Linux 2.6.20-gentoo-r8 ehci_hcd
usb usb1: SerialNumber: 0000:00:02.1
usb usb1: uevent
usb usb1: usb_probe_device
usb usb1: configuration #1 chosen from 1 choice
usb usb1: adding 1-0:1.0 (config #1, interface 0)
usb 1-0:1.0: uevent
hub 1-0:1.0: usb_probe_interface
hub 1-0:1.0: usb_probe_interface - got id
hub 1-0:1.0: USB hub found
hub 1-0:1.0: 10 ports detected
hub 1-0:1.0: standalone hub
hub 1-0:1.0: no power switching (usb 1.0)
hub 1-0:1.0: individual port over-current protection
hub 1-0:1.0: Single TT
hub 1-0:1.0: TT requires at most 8 FS bit times (666 ns)
hub 1-0:1.0: power on to power good time: 20ms
hub 1-0:1.0: local power source is good
hub 1-0:1.0: trying to enable port power on non-switchable hub
hub 1-0:1.0: state 7 ports 10 chg 0000 evt 0000
drivers/usb/core/inode.c: creating file '001'
ohci_hcd: 2006 August 04 USB 1.1 'Open' Host Controller (OHCI) Driver (PCI)
ohci_hcd: block sizes: ed 80 td 96
ehci_hcd 0000:00:02.1: GetStatus port 3 status 001803 POWER sig=j CSC CONNECT
hub 1-0:1.0: port 3, status 0501, change 0001, 480 Mb/s
ACPI: PCI Interrupt Link [APCF] enabled at IRQ 23
ACPI: PCI Interrupt 0000:00:02.0[A] -> Link [APCF] -> GSI 23 (level, low) -> IRQ 23
PCI: Setting latency timer of device 0000:00:02.0 to 64
ohci_hcd 0000:00:02.0: OHCI Host Controller
drivers/usb/core/inode.c: creating file '002'
ohci_hcd 0000:00:02.0: new USB bus registered, assigned bus number 2
ohci_hcd 0000:00:02.0: created debug files
ohci_hcd 0000:00:02.0: irq 23, io mem 0xfebff000
ohci_hcd 0000:00:02.0: resetting from state 'reset', control = 0x600
ohci_hcd 0000:00:02.0: OHCI controller state
ohci_hcd 0000:00:02.0: OHCI 1.0, NO legacy support registers
ohci_hcd 0000:00:02.0: control 0x683 RWE RWC HCFS=operational CBSR=3
ohci_hcd 0000:00:02.0: cmdstatus 0x00000 SOC=0
ohci_hcd 0000:00:02.0: intrstatus 0x00000004 SF
ohci_hcd 0000:00:02.0: intrenable 0x8000004a MIE RHSC RD WDH
ohci_hcd 0000:00:02.0: hcca frame #0003
ohci_hcd 0000:00:02.0: roothub.a 0100020a POTPGT=1 NPS NDP=10(10)
ohci_hcd 0000:00:02.0: roothub.b 00000000 PPCM=0000 DR=0000
ohci_hcd 0000:00:02.0: roothub.status 00008000 DRWE
ohci_hcd 0000:00:02.0: roothub.portstatus [0] 0x00000100 PPS
ohci_hcd 0000:00:02.0: roothub.portstatus [1] 0x00000100 PPS
ohci_hcd 0000:00:02.0: roothub.portstatus [2] 0x00000100 PPS
ohci_hcd 0000:00:02.0: roothub.portstatus [3] 0x00000100 PPS
ohci_hcd 0000:00:02.0: roothub.portstatus [4] 0x00000100 PPS
ohci_hcd 0000:00:02.0: roothub.portstatus [5] 0x00000100 PPS
ohci_hcd 0000:00:02.0: roothub.portstatus [6] 0x00000100 PPS
ohci_hcd 0000:00:02.0: roothub.portstatus [7] 0x00000100 PPS
ohci_hcd 0000:00:02.0: roothub.portstatus [8] 0x00000100 PPS
ohci_hcd 0000:00:02.0: roothub.portstatus [9] 0x00000100 PPS
usb usb2: default language 0x0409
usb usb2: new device strings: Mfr=3, Product=2, SerialNumber=1
usb usb2: Product: OHCI Host Controller
usb usb2: Manufacturer: Linux 2.6.20-gentoo-r8 ohci_hcd
usb usb2: SerialNumber: 0000:00:02.0
usb usb2: uevent
usb usb2: usb_probe_device
usb usb2: configuration #1 chosen from 1 choice
usb usb2: adding 2-0:1.0 (config #1, interface 0)
usb 2-0:1.0: uevent
hub 2-0:1.0: usb_probe_interface
hub 2-0:1.0: usb_probe_interface - got id
hub 2-0:1.0: USB hub found
hub 2-0:1.0: 10 ports detected
hub 2-0:1.0: standalone hub
hub 2-0:1.0: no power switching (usb 1.0)
hub 2-0:1.0: global over-current protection
hub 2-0:1.0: power on to power good time: 2ms
hub 2-0:1.0: local power source is good
hub 2-0:1.0: no over-current condition exists
hub 2-0:1.0: trying to enable port power on non-switchable hub
hub 1-0:1.0: debounce: port 3: total 100ms stable 100ms status 0x501
ehci_hcd 0000:00:02.1: port 3 high speed
ehci_hcd 0000:00:02.1: GetStatus port 3 status 001005 POWER sig=se0 PE CONNECT
drivers/usb/core/inode.c: creating file '001'
USB Universal Host Controller Interface driver v3.0
usb 1-3: new high speed USB device using ehci_hcd and address 2
ehci_hcd 0000:00:02.1: port 3 high speed
ehci_hcd 0000:00:02.1: GetStatus port 3 status 001005 POWER sig=se0 PE CONNECT
usb 1-3: new device strings: Mfr=0, Product=0, SerialNumber=0
usb 1-3: uevent
usb 1-3: usb_probe_device
usb 1-3: configuration #1 chosen from 1 choice
usb 1-3: adding 1-3:1.0 (config #1, interface 0)
usb 1-3:1.0: uevent
hub 1-3:1.0: usb_probe_interface
hub 1-3:1.0: usb_probe_interface - got id
hub 1-3:1.0: USB hub found
hub 1-3:1.0: 4 ports detected
hub 1-3:1.0: standalone hub
hub 1-3:1.0: individual port power switching
hub 1-3:1.0: individual port over-current protection
hub 1-3:1.0: Single TT
hub 1-3:1.0: TT requires at most 16 FS bit times (1332 ns)
hub 1-3:1.0: Port indicators are supported
hub 1-3:1.0: power on to power good time: 100ms
hub 1-3:1.0: local power source is good
hub 1-3:1.0: enabling power on all ports
usb 1-3: link qh256-0001/ffff81007d9a7140 start 255 [1/0 us]
drivers/usb/core/inode.c: creating file '002'
hub 2-0:1.0: state 7 ports 10 chg 0000 evt 0000
hub 1-3:1.0: state 7 ports 4 chg 0000 evt 0000
hub 1-3:1.0: port 4, status 0101, change 0001, 12 Mb/s
hub 1-3:1.0: debounce: port 4: total 100ms stable 100ms status 0x101
hub 1-3:1.0: port 4 not reset yet, waiting 10ms
usb 1-3.4: new full speed USB device using ehci_hcd and address 3
hub 1-3:1.0: port 4 not reset yet, waiting 10ms
usb 1-3.4: ep0 maxpacket = 8
usb 1-3.4: default language 0x0409
usb 1-3.4: new device strings: Mfr=1, Product=2, SerialNumber=0
usb 1-3.4: Product: Generic USB Hub
usb 1-3.4: Manufacturer: Chicony 
usb 1-3.4: uevent
usb 1-3.4: usb_probe_device
usb 1-3.4: configuration #1 chosen from 1 choice
usb 1-3.4: adding 1-3.4:1.0 (config #1, interface 0)
usb 1-3.4:1.0: uevent
hub 1-3.4:1.0: usb_probe_interface
hub 1-3.4:1.0: usb_probe_interface - got id
hub 1-3.4:1.0: USB hub found
hub 1-3.4:1.0: 3 ports detected
hub 1-3.4:1.0: compound device; port removable status: FRR
hub 1-3.4:1.0: individual port power switching
hub 1-3.4:1.0: individual port over-current protection
hub 1-3.4:1.0: power on to power good time: 100ms
hub 1-3.4:1.0: hub controller current requirement: 90mA
hub 1-3.4:1.0: 100mA bus power budget for each child
hub 1-3.4:1.0: enabling power on all ports
usb 1-3.4: link qh128-0601/ffff81007d9a7280 start 127 [1/2 us]
drivers/usb/core/inode.c: creating file '003'
hub 1-3:1.0: state 7 ports 4 chg 0000 evt 0010
hub 1-3.4:1.0: state 7 ports 3 chg 0000 evt 0000
hub 1-3.4:1.0: port 1, status 0101, change 0001, 12 Mb/s
hub 1-3.4:1.0: debounce: port 1: total 100ms stable 100ms status 0x101
usb 1-3.4.1: new full speed USB device using ehci_hcd and address 4
hub 1-3.4:1.0: port 1 not reset yet, waiting 10ms
usb 1-3.4.1: ep0 maxpacket = 8
usb 1-3.4.1: skipped 1 descriptor after interface
usb 1-3.4.1: default language 0x0409
usb 1-3.4.1: new device strings: Mfr=3, Product=4, SerialNumber=0
usb 1-3.4.1: Product: PFU-65 USB Keyboard
usb 1-3.4.1: Manufacturer: Chicony 
usb 1-3.4.1: uevent
usb 1-3.4.1: usb_probe_device
usb 1-3.4.1: configuration #1 chosen from 1 choice
usb 1-3.4.1: adding 1-3.4.1:1.0 (config #1, interface 0)
usb 1-3.4.1:1.0: uevent
drivers/usb/core/inode.c: creating file '004'
hub 1-3.4:1.0: 410mA power budget left
hub 1-3.4:1.0: port 2, status 0301, change 0001, 1.5 Mb/s
ohci_hcd 0000:00:02.0: auto-stop root hub
hub 1-3.4:1.0: debounce: port 2: total 100ms stable 100ms status 0x301
usb 1-3.4.2: new low speed USB device using ehci_hcd and address 5
usb 1-3.4.2: skipped 1 descriptor after interface
usb 1-3.4.2: default language 0x0409
usb 1-3.4.2: new device strings: Mfr=1, Product=2, SerialNumber=0
usb 1-3.4.2: Product: Kensington Expert Mouse
usb 1-3.4.2: Manufacturer: Kensington     
usb 1-3.4.2: uevent
usb 1-3.4.2: usb_probe_device
usb 1-3.4.2: configuration #1 chosen from 1 choice
usb 1-3.4.2: adding 1-3.4.2:1.0 (config #1, interface 0)
usb 1-3.4.2:1.0: uevent
drivers/usb/core/inode.c: creating file '005'
hub 1-3.4:1.0: 310mA power budget left
hub 1-3.4:1.0: state 7 ports 3 chg 0000 evt 0004
usbcore: registered new interface driver usblp
drivers/usb/class/usblp.c: v0.13: USB Printer Device Class driver
Initializing USB Mass Storage driver...
usbcore: registered new interface driver usb-storage
USB Mass Storage support registered.
usbhid 1-3.4.1:1.0: usb_probe_interface
usbhid 1-3.4.1:1.0: usb_probe_interface - got id
input: Chicony  PFU-65 USB Keyboard as /class/input/input2
usb 1-3.4.1: link qh16-3008/ffff81007d9a7460 start 15 [1/2 us]
input: USB HID v1.00 Keyboard [Chicony  PFU-65 USB Keyboard] on usb-0000:00:02.1-3.4.1
usbhid 1-3.4.2:1.0: usb_probe_interface
usbhid 1-3.4.2:1.0: usb_probe_interface - got id
input: Kensington      Kensington Expert Mouse as /class/input/input3
input: USB HID v1.10 Mouse [Kensington      Kensington Expert Mouse] on usb-0000:00:02.1-3.4.2
usbcore: registered new interface driver usbhid
drivers/usb/input/hid-core.c: v2.6:USB HID core driver
usbcore: registered new interface driver xpad
drivers/usb/input/xpad.c: X-Box pad driver:v0.0.6
usbcore: registered new interface driver trancevibrator
drivers/usb/misc/trancevibrator.c: v1.1:PlayStation 2 Trance Vibrator driver
pnp: the driver 'i8042 kbd' has been registered
pnp: match found with the PnP device '00:07' and the driver 'i8042 kbd'
pnp: the driver 'i8042 aux' has been registered
PNP: PS/2 Controller [PNP0303:PS2K] at 0x60,0x64 irq 1
PNP: PS/2 controller doesn't have AUX irq; using default 12
serio: i8042 KBD port at 0x60,0x64 irq 1
pnp: the driver 'ns558' has been registered
mice: PS/2 mouse device common for all mice
evbug.c: Connected device: "Power Button (FF)", ACPI_FPB/button/input0
evbug.c: Connected device: "Power Button (CM)", PNP0C0C/button/input0
evbug.c: Connected device: "Chicony  PFU-65 USB Keyboard", usb-0000:00:02.1-3.4.1/input0
usb 1-3.4.2: link qh8-0601/ffff81007d9a7500 start 6 [1/2 us]
evbug.c: Connected device: "Kensington      Kensington Expert Mouse", usb-0000:00:02.1-3.4.2/input0
input: AT Translated Set 2 keyboard as /class/input/input4
evbug.c: Connected device: "AT Translated Set 2 keyboard", isa0060/serio0/input0
device-mapper: ioctl: 4.11.0-ioctl (2006-10-12) initialised: dm-devel@redhat.com
Advanced Linux Sound Architecture Driver Version 1.0.14rc1 (Tue Jan 09 09:56:17 2007 UTC).
ALSA device list:
  No soundcards found.
oprofile: using NMI interrupt.
TCP cubic registered
NET: Registered protocol family 1
NET: Registered protocol family 10
IPv6 over IPv4 tunneling driver
NET: Registered protocol family 17
powernow-k8: Found 1 AMD Hammer Family processor - Model Unknown processors (version 2.00.00)
ACPI Exception (acpi_processor-0235): AE_NOT_FOUND, Evaluating _PSS [20060707]
powernow-k8: BIOS error - no PSB or ACPI _PSS objects
ACPI Exception (acpi_processor-0235): AE_NOT_FOUND, Evaluating _PSS [20060707]
drivers/rtc/hctosys.c: unable to open rtc device (rtc0)
XFS mounting filesystem sda3
Ending clean XFS mount for filesystem: sda3
VFS: Mounted root (xfs filesystem) readonly.
Freeing unused kernel memory: 360k freed
nvidia: module license 'NVIDIA' taints kernel.
ACPI: PCI Interrupt Link [APC4] enabled at IRQ 19
ACPI: PCI Interrupt 0000:04:00.0[A] -> Link [APC4] -> GSI 19 (level, low) -> IRQ 19
PCI: Setting latency timer of device 0000:04:00.0 to 64
PCI: Enabling device 0000:05:00.0 (0000 -> 0003)
ACPI: PCI Interrupt Link [APC3] enabled at IRQ 18
ACPI: PCI Interrupt 0000:05:00.0[A] -> Link [APC3] -> GSI 18 (level, low) -> IRQ 18
PCI: Setting latency timer of device 0000:05:00.0 to 64
NVRM: loading NVIDIA Linux x86_64 Kernel Module  1.0-8776  Mon Oct 16 21:53:43 PDT 2006
XFS mounting filesystem sda1
Ending clean XFS mount for filesystem: sda1
Adding 2080408k swap on /dev/sda2.  Priority:-1 extents:1 across:2080408k
eth0: no link during initialization.
ADDRCONF(NETDEV_UP): eth0: link is not ready
evbug.c: Event. Dev: usb-0000:00:02.1-3.4.1/input0, Type: 1, Code: 56, Value: 1
evbug.c: Event. Dev: usb-0000:00:02.1-3.4.1/input0, Type: 0, Code: 0, Value: 0
evbug.c: Event. Dev: usb-0000:00:02.1-3.4.1/input0, Type: 1, Code: 106, Value: 1
evbug.c: Event. Dev: usb-0000:00:02.1-3.4.1/input0, Type: 0, Code: 0, Value: 0
evbug.c: Event. Dev: usb-0000:00:02.1-3.4.1/input0, Type: 1, Code: 106, Value: 0
evbug.c: Event. Dev: usb-0000:00:02.1-3.4.1/input0, Type: 0, Code: 0, Value: 0
evbug.c: Event. Dev: usb-0000:00:02.1-3.4.1/input0, Type: 1, Code: 56, Value: 0
evbug.c: Event. Dev: usb-0000:00:02.1-3.4.1/input0, Type: 0, Code: 0, Value: 0
evbug.c: Event. Dev: usb-0000:00:02.1-3.4.1/input0, Type: 1, Code: 25, Value: 1
evbug.c: Event. Dev: usb-0000:00:02.1-3.4.1/input0, Type: 0, Code: 0, Value: 0
evbug.c: Event. Dev: usb-0000:00:02.1-3.4.1/input0, Type: 1, Code: 25, Value: 0
evbug.c: Event. Dev: usb-0000:00:02.1-3.4.1/input0, Type: 0, Code: 0, Value: 0
evbug.c: Event. Dev: usb-0000:00:02.1-3.4.1/input0, Type: 1, Code: 23, Value: 1
evbug.c: Event. Dev: usb-0000:00:02.1-3.4.1/input0, Type: 0, Code: 0, Value: 0
evbug.c: Event. Dev: usb-0000:00:02.1-3.4.1/input0, Type: 1, Code: 23, Value: 0
evbug.c: Event. Dev: usb-0000:00:02.1-3.4.1/input0, Type: 0, Code: 0, Value: 0
evbug.c: Event. Dev: usb-0000:00:02.1-3.4.1/input0, Type: 1, Code: 25, Value: 1
evbug.c: Event. Dev: usb-0000:00:02.1-3.4.1/input0, Type: 0, Code: 0, Value: 0
evbug.c: Event. Dev: usb-0000:00:02.1-3.4.1/input0, Type: 1, Code: 25, Value: 0
evbug.c: Event. Dev: usb-0000:00:02.1-3.4.1/input0, Type: 0, Code: 0, Value: 0
evbug.c: Event. Dev: usb-0000:00:02.1-3.4.1/input0, Type: 1, Code: 28, Value: 1
evbug.c: Event. Dev: usb-0000:00:02.1-3.4.1/input0, Type: 0, Code: 0, Value: 0
evbug.c: Event. Dev: usb-0000:00:02.1-3.4.1/input0, Type: 1, Code: 28, Value: 0
evbug.c: Event. Dev: usb-0000:00:02.1-3.4.1/input0, Type: 0, Code: 0, Value: 0
evbug.c: Event. Dev: usb-0000:00:02.1-3.4.1/input0, Type: 1, Code: 42, Value: 1
evbug.c: Event. Dev: usb-0000:00:02.1-3.4.1/input0, Type: 0, Code: 0, Value: 0
evbug.c: Event. Dev: usb-0000:00:02.1-3.4.1/input0, Type: 1, Code: 50, Value: 1
evbug.c: Event. Dev: usb-0000:00:02.1-3.4.1/input0, Type: 0, Code: 0, Value: 0
evbug.c: Event. Dev: usb-0000:00:02.1-3.4.1/input0, Type: 1, Code: 50, Value: 0
evbug.c: Event. Dev: usb-0000:00:02.1-3.4.1/input0, Type: 0, Code: 0, Value: 0
evbug.c: Event. Dev: usb-0000:00:02.1-3.4.1/input0, Type: 1, Code: 42, Value: 0
evbug.c: Event. Dev: usb-0000:00:02.1-3.4.1/input0, Type: 0, Code: 0, Value: 0
evbug.c: Event. Dev: usb-0000:00:02.1-3.4.1/input0, Type: 1, Code: 30, Value: 1
evbug.c: Event. Dev: usb-0000:00:02.1-3.4.1/input0, Type: 0, Code: 0, Value: 0
evbug.c: Event. Dev: usb-0000:00:02.1-3.4.1/input0, Type: 1, Code: 38, Value: 1
evbug.c: Event. Dev: usb-0000:00:02.1-3.4.1/input0, Type: 0, Code: 0, Value: 0
evbug.c: Event. Dev: usb-0000:00:02.1-3.4.1/input0, Type: 1, Code: 30, Value: 0
evbug.c: Event. Dev: usb-0000:00:02.1-3.4.1/input0, Type: 0, Code: 0, Value: 0
evbug.c: Event. Dev: usb-0000:00:02.1-3.4.1/input0, Type: 1, Code: 38, Value: 0
evbug.c: Event. Dev: usb-0000:00:02.1-3.4.1/input0, Type: 0, Code: 0, Value: 0
evbug.c: Event. Dev: usb-0000:00:02.1-3.4.1/input0, Type: 1, Code: 24, Value: 1
evbug.c: Event. Dev: usb-0000:00:02.1-3.4.1/input0, Type: 0, Code: 0, Value: 0
evbug.c: Event. Dev: usb-0000:00:02.1-3.4.1/input0, Type: 1, Code: 24, Value: 0
evbug.c: Event. Dev: usb-0000:00:02.1-3.4.1/input0, Type: 0, Code: 0, Value: 0
evbug.c: Event. Dev: usb-0000:00:02.1-3.4.1/input0, Type: 1, Code: 24, Value: 1
evbug.c: Event. Dev: usb-0000:00:02.1-3.4.1/input0, Type: 0, Code: 0, Value: 0
evbug.c: Event. Dev: usb-0000:00:02.1-3.4.1/input0, Type: 1, Code: 24, Value: 0
evbug.c: Event. Dev: usb-0000:00:02.1-3.4.1/input0, Type: 0, Code: 0, Value: 0
evbug.c: Event. Dev: usb-0000:00:02.1-3.4.1/input0, Type: 1, Code: 34, Value: 1
evbug.c: Event. Dev: usb-0000:00:02.1-3.4.1/input0, Type: 0, Code: 0, Value: 0
evbug.c: Event. Dev: usb-0000:00:02.1-3.4.1/input0, Type: 1, Code: 30, Value: 1
evbug.c: Event. Dev: usb-0000:00:02.1-3.4.1/input0, Type: 0, Code: 0, Value: 0
evbug.c: Event. Dev: usb-0000:00:02.1-3.4.1/input0, Type: 1, Code: 34, Value: 0
evbug.c: Event. Dev: usb-0000:00:02.1-3.4.1/input0, Type: 0, Code: 0, Value: 0
evbug.c: Event. Dev: usb-0000:00:02.1-3.4.1/input0, Type: 1, Code: 30, Value: 0
evbug.c: Event. Dev: usb-0000:00:02.1-3.4.1/input0, Type: 0, Code: 0, Value: 0
evbug.c: Event. Dev: usb-0000:00:02.1-3.4.1/input0, Type: 1, Code: 28, Value: 1
evbug.c: Event. Dev: usb-0000:00:02.1-3.4.1/input0, Type: 0, Code: 0, Value: 0
evbug.c: Event. Dev: usb-0000:00:02.1-3.4.1/input0, Type: 1, Code: 28, Value: 0
evbug.c: Event. Dev: usb-0000:00:02.1-3.4.1/input0, Type: 0, Code: 0, Value: 0
evbug.c: Event. Dev: usb-0000:00:02.1-3.4.1/input0, Type: 1, Code: 31, Value: 1
evbug.c: Event. Dev: usb-0000:00:02.1-3.4.1/input0, Type: 0, Code: 0, Value: 0
evbug.c: Event. Dev: usb-0000:00:02.1-3.4.1/input0, Type: 1, Code: 31, Value: 0
evbug.c: Event. Dev: usb-0000:00:02.1-3.4.1/input0, Type: 0, Code: 0, Value: 0
evbug.c: Event. Dev: usb-0000:00:02.1-3.4.1/input0, Type: 1, Code: 44, Value: 1
evbug.c: Event. Dev: usb-0000:00:02.1-3.4.1/input0, Type: 0, Code: 0, Value: 0
evbug.c: Event. Dev: usb-0000:00:02.1-3.4.1/input0, Type: 1, Code: 44, Value: 0
evbug.c: Event. Dev: usb-0000:00:02.1-3.4.1/input0, Type: 0, Code: 0, Value: 0
evbug.c: Event. Dev: usb-0000:00:02.1-3.4.1/input0, Type: 1, Code: 28, Value: 1
evbug.c: Event. Dev: usb-0000:00:02.1-3.4.1/input0, Type: 0, Code: 0, Value: 0
evbug.c: Event. Dev: usb-0000:00:02.1-3.4.1/input0, Type: 1, Code: 28, Value: 0
evbug.c: Event. Dev: usb-0000:00:02.1-3.4.1/input0, Type: 0, Code: 0, Value: 0
evbug.c: Event. Dev: usb-0000:00:02.1-3.4.1/input0, Type: 1, Code: 42, Value: 1
evbug.c: Event. Dev: usb-0000:00:02.1-3.4.1/input0, Type: 0, Code: 0, Value: 0
evbug.c: Event. Dev: usb-0000:00:02.1-3.4.1/input0, Type: 1, Code: 42, Value: 2
evbug.c: Event. Dev: usb-0000:00:02.1-3.4.1/input0, Type: 0, Code: 0, Value: 0
evbug.c: Event. Dev: usb-0000:00:02.1-3.4.1/input0, Type: 1, Code: 42, Value: 2
evbug.c: Event. Dev: usb-0000:00:02.1-3.4.1/input0, Type: 0, Code: 0, Value: 0
evbug.c: Event. Dev: usb-0000:00:02.1-3.4.1/input0, Type: 1, Code: 42, Value: 2
evbug.c: Event. Dev: usb-0000:00:02.1-3.4.1/input0, Type: 0, Code: 0, Value: 0
evbug.c: Event. Dev: usb-0000:00:02.1-3.4.1/input0, Type: 1, Code: 42, Value: 2
evbug.c: Event. Dev: usb-0000:00:02.1-3.4.1/input0, Type: 0, Code: 0, Value: 0
evbug.c: Event. Dev: usb-0000:00:02.1-3.4.1/input0, Type: 1, Code: 42, Value: 2
evbug.c: Event. Dev: usb-0000:00:02.1-3.4.1/input0, Type: 0, Code: 0, Value: 0
evbug.c: Event. Dev: usb-0000:00:02.1-3.4.1/input0, Type: 1, Code: 42, Value: 2
evbug.c: Event. Dev: usb-0000:00:02.1-3.4.1/input0, Type: 0, Code: 0, Value: 0
evbug.c: Event. Dev: usb-0000:00:02.1-3.4.1/input0, Type: 1, Code: 42, Value: 2
evbug.c: Event. Dev: usb-0000:00:02.1-3.4.1/input0, Type: 0, Code: 0, Value: 0
evbug.c: Event. Dev: usb-0000:00:02.1-3.4.1/input0, Type: 1, Code: 42, Value: 2
evbug.c: Event. Dev: usb-0000:00:02.1-3.4.1/input0, Type: 0, Code: 0, Value: 0
evbug.c: Event. Dev: usb-0000:00:02.1-3.4.1/input0, Type: 1, Code: 42, Value: 2
evbug.c: Event. Dev: usb-0000:00:02.1-3.4.1/input0, Type: 0, Code: 0, Value: 0
evbug.c: Event. Dev: usb-0000:00:02.1-3.4.1/input0, Type: 1, Code: 50, Value: 1
evbug.c: Event. Dev: usb-0000:00:02.1-3.4.1/input0, Type: 0, Code: 0, Value: 0
evbug.c: Event. Dev: usb-0000:00:02.1-3.4.1/input0, Type: 1, Code: 50, Value: 0
evbug.c: Event. Dev: usb-0000:00:02.1-3.4.1/input0, Type: 0, Code: 0, Value: 0
evbug.c: Event. Dev: usb-0000:00:02.1-3.4.1/input0, Type: 1, Code: 42, Value: 0
evbug.c: Event. Dev: usb-0000:00:02.1-3.4.1/input0, Type: 0, Code: 0, Value: 0
evbug.c: Event. Dev: usb-0000:00:02.1-3.4.1/input0, Type: 1, Code: 30, Value: 1
evbug.c: Event. Dev: usb-0000:00:02.1-3.4.1/input0, Type: 0, Code: 0, Value: 0
evbug.c: Event. Dev: usb-0000:00:02.1-3.4.1/input0, Type: 1, Code: 30, Value: 0
evbug.c: Event. Dev: usb-0000:00:02.1-3.4.1/input0, Type: 1, Code: 38, Value: 1
evbug.c: Event. Dev: usb-0000:00:02.1-3.4.1/input0, Type: 0, Code: 0, Value: 0
evbug.c: Event. Dev: usb-0000:00:02.1-3.4.1/input0, Type: 1, Code: 38, Value: 0
evbug.c: Event. Dev: usb-0000:00:02.1-3.4.1/input0, Type: 0, Code: 0, Value: 0
evbug.c: Event. Dev: usb-0000:00:02.1-3.4.1/input0, Type: 1, Code: 24, Value: 1
evbug.c: Event. Dev: usb-0000:00:02.1-3.4.1/input0, Type: 0, Code: 0, Value: 0
evbug.c: Event. Dev: usb-0000:00:02.1-3.4.1/input0, Type: 1, Code: 24, Value: 0
evbug.c: Event. Dev: usb-0000:00:02.1-3.4.1/input0, Type: 0, Code: 0, Value: 0
evbug.c: Event. Dev: usb-0000:00:02.1-3.4.1/input0, Type: 1, Code: 24, Value: 1
evbug.c: Event. Dev: usb-0000:00:02.1-3.4.1/input0, Type: 0, Code: 0, Value: 0
evbug.c: Event. Dev: usb-0000:00:02.1-3.4.1/input0, Type: 1, Code: 24, Value: 0
evbug.c: Event. Dev: usb-0000:00:02.1-3.4.1/input0, Type: 0, Code: 0, Value: 0
evbug.c: Event. Dev: usb-0000:00:02.1-3.4.1/input0, Type: 1, Code: 34, Value: 1
evbug.c: Event. Dev: usb-0000:00:02.1-3.4.1/input0, Type: 0, Code: 0, Value: 0
evbug.c: Event. Dev: usb-0000:00:02.1-3.4.1/input0, Type: 1, Code: 30, Value: 1
evbug.c: Event. Dev: usb-0000:00:02.1-3.4.1/input0, Type: 0, Code: 0, Value: 0
evbug.c: Event. Dev: usb-0000:00:02.1-3.4.1/input0, Type: 1, Code: 34, Value: 0
evbug.c: Event. Dev: usb-0000:00:02.1-3.4.1/input0, Type: 0, Code: 0, Value: 0
evbug.c: Event. Dev: usb-0000:00:02.1-3.4.1/input0, Type: 1, Code: 30, Value: 0
evbug.c: Event. Dev: usb-0000:00:02.1-3.4.1/input0, Type: 0, Code: 0, Value: 0
evbug.c: Event. Dev: usb-0000:00:02.1-3.4.1/input0, Type: 1, Code: 28, Value: 1
evbug.c: Event. Dev: usb-0000:00:02.1-3.4.1/input0, Type: 0, Code: 0, Value: 0
evbug.c: Event. Dev: usb-0000:00:02.1-3.4.1/input0, Type: 1, Code: 28, Value: 0
evbug.c: Event. Dev: usb-0000:00:02.1-3.4.1/input0, Type: 0, Code: 0, Value: 0
evbug.c: Event. Dev: usb-0000:00:02.1-3.4.1/input0, Type: 1, Code: 25, Value: 1
evbug.c: Event. Dev: usb-0000:00:02.1-3.4.1/input0, Type: 0, Code: 0, Value: 0
evbug.c: Event. Dev: usb-0000:00:02.1-3.4.1/input0, Type: 1, Code: 25, Value: 0
evbug.c: Event. Dev: usb-0000:00:02.1-3.4.1/input0, Type: 0, Code: 0, Value: 0
evbug.c: Event. Dev: usb-0000:00:02.1-3.4.1/input0, Type: 1, Code: 20, Value: 1
evbug.c: Event. Dev: usb-0000:00:02.1-3.4.1/input0, Type: 0, Code: 0, Value: 0
evbug.c: Event. Dev: usb-0000:00:02.1-3.4.1/input0, Type: 1, Code: 20, Value: 0
evbug.c: Event. Dev: usb-0000:00:02.1-3.4.1/input0, Type: 0, Code: 0, Value: 0
evbug.c: Event. Dev: usb-0000:00:02.1-3.4.1/input0, Type: 1, Code: 57, Value: 1
evbug.c: Event. Dev: usb-0000:00:02.1-3.4.1/input0, Type: 0, Code: 0, Value: 0
evbug.c: Event. Dev: usb-0000:00:02.1-3.4.1/input0, Type: 1, Code: 57, Value: 0
evbug.c: Event. Dev: usb-0000:00:02.1-3.4.1/input0, Type: 0, Code: 0, Value: 0
evbug.c: Event. Dev: usb-0000:00:02.1-3.4.1/input0, Type: 1, Code: 25, Value: 1
evbug.c: Event. Dev: usb-0000:00:02.1-3.4.1/input0, Type: 0, Code: 0, Value: 0
evbug.c: Event. Dev: usb-0000:00:02.1-3.4.1/input0, Type: 1, Code: 25, Value: 0
evbug.c: Event. Dev: usb-0000:00:02.1-3.4.1/input0, Type: 0, Code: 0, Value: 0
evbug.c: Event. Dev: usb-0000:00:02.1-3.4.1/input0, Type: 1, Code: 20, Value: 1
evbug.c: Event. Dev: usb-0000:00:02.1-3.4.1/input0, Type: 0, Code: 0, Value: 0
evbug.c: Event. Dev: usb-0000:00:02.1-3.4.1/input0, Type: 1, Code: 20, Value: 0
evbug.c: Event. Dev: usb-0000:00:02.1-3.4.1/input0, Type: 0, Code: 0, Value: 0
evbug.c: Event. Dev: usb-0000:00:02.1-3.4.1/input0, Type: 1, Code: 28, Value: 1
evbug.c: Event. Dev: usb-0000:00:02.1-3.4.1/input0, Type: 0, Code: 0, Value: 0
evbug.c: Event. Dev: usb-0000:00:02.1-3.4.1/input0, Type: 1, Code: 28, Value: 0
evbug.c: Event. Dev: usb-0000:00:02.1-3.4.1/input0, Type: 0, Code: 0, Value: 0
evbug.c: Event. Dev: usb-0000:00:02.1-3.4.1/input0, Type: 1, Code: 32, Value: 1
evbug.c: Event. Dev: usb-0000:00:02.1-3.4.1/input0, Type: 0, Code: 0, Value: 0
evbug.c: Event. Dev: usb-0000:00:02.1-3.4.1/input0, Type: 1, Code: 50, Value: 1
evbug.c: Event. Dev: usb-0000:00:02.1-3.4.1/input0, Type: 0, Code: 0, Value: 0
evbug.c: Event. Dev: usb-0000:00:02.1-3.4.1/input0, Type: 1, Code: 32, Value: 0
evbug.c: Event. Dev: usb-0000:00:02.1-3.4.1/input0, Type: 0, Code: 0, Value: 0
evbug.c: Event. Dev: usb-0000:00:02.1-3.4.1/input0, Type: 1, Code: 50, Value: 0
evbug.c: Event. Dev: usb-0000:00:02.1-3.4.1/input0, Type: 0, Code: 0, Value: 0
evbug.c: Event. Dev: usb-0000:00:02.1-3.4.1/input0, Type: 1, Code: 31, Value: 1
evbug.c: Event. Dev: usb-0000:00:02.1-3.4.1/input0, Type: 0, Code: 0, Value: 0
evbug.c: Event. Dev: usb-0000:00:02.1-3.4.1/input0, Type: 1, Code: 31, Value: 0
evbug.c: Event. Dev: usb-0000:00:02.1-3.4.1/input0, Type: 0, Code: 0, Value: 0
evbug.c: Event. Dev: usb-0000:00:02.1-3.4.1/input0, Type: 1, Code: 14, Value: 1
evbug.c: Event. Dev: usb-0000:00:02.1-3.4.1/input0, Type: 0, Code: 0, Value: 0
evbug.c: Event. Dev: usb-0000:00:02.1-3.4.1/input0, Type: 1, Code: 14, Value: 0
evbug.c: Event. Dev: usb-0000:00:02.1-3.4.1/input0, Type: 0, Code: 0, Value: 0
evbug.c: Event. Dev: usb-0000:00:02.1-3.4.1/input0, Type: 1, Code: 18, Value: 1
evbug.c: Event. Dev: usb-0000:00:02.1-3.4.1/input0, Type: 0, Code: 0, Value: 0
evbug.c: Event. Dev: usb-0000:00:02.1-3.4.1/input0, Type: 1, Code: 18, Value: 0
evbug.c: Event. Dev: usb-0000:00:02.1-3.4.1/input0, Type: 0, Code: 0, Value: 0
evbug.c: Event. Dev: usb-0000:00:02.1-3.4.1/input0, Type: 1, Code: 31, Value: 1
evbug.c: Event. Dev: usb-0000:00:02.1-3.4.1/input0, Type: 0, Code: 0, Value: 0
evbug.c: Event. Dev: usb-0000:00:02.1-3.4.1/input0, Type: 1, Code: 34, Value: 1
evbug.c: Event. Dev: usb-0000:00:02.1-3.4.1/input0, Type: 0, Code: 0, Value: 0
evbug.c: Event. Dev: usb-0000:00:02.1-3.4.1/input0, Type: 1, Code: 31, Value: 0
evbug.c: Event. Dev: usb-0000:00:02.1-3.4.1/input0, Type: 0, Code: 0, Value: 0
evbug.c: Event. Dev: usb-0000:00:02.1-3.4.1/input0, Type: 1, Code: 34, Value: 0
evbug.c: Event. Dev: usb-0000:00:02.1-3.4.1/input0, Type: 0, Code: 0, Value: 0
evbug.c: Event. Dev: usb-0000:00:02.1-3.4.1/input0, Type: 1, Code: 57, Value: 1
evbug.c: Event. Dev: usb-0000:00:02.1-3.4.1/input0, Type: 0, Code: 0, Value: 0
evbug.c: Event. Dev: usb-0000:00:02.1-3.4.1/input0, Type: 1, Code: 57, Value: 0
evbug.c: Event. Dev: usb-0000:00:02.1-3.4.1/input0, Type: 0, Code: 0, Value: 0
evbug.c: Event. Dev: usb-0000:00:02.1-3.4.1/input0, Type: 1, Code: 42, Value: 1
evbug.c: Event. Dev: usb-0000:00:02.1-3.4.1/input0, Type: 0, Code: 0, Value: 0
evbug.c: Event. Dev: usb-0000:00:02.1-3.4.1/input0, Type: 1, Code: 42, Value: 2
evbug.c: Event. Dev: usb-0000:00:02.1-3.4.1/input0, Type: 0, Code: 0, Value: 0
evbug.c: Event. Dev: usb-0000:00:02.1-3.4.1/input0, Type: 1, Code: 42, Value: 2
evbug.c: Event. Dev: usb-0000:00:02.1-3.4.1/input0, Type: 0, Code: 0, Value: 0
evbug.c: Event. Dev: usb-0000:00:02.1-3.4.1/input0, Type: 1, Code: 42, Value: 2
evbug.c: Event. Dev: usb-0000:00:02.1-3.4.1/input0, Type: 0, Code: 0, Value: 0
evbug.c: Event. Dev: usb-0000:00:02.1-3.4.1/input0, Type: 1, Code: 42, Value: 2
evbug.c: Event. Dev: usb-0000:00:02.1-3.4.1/input0, Type: 0, Code: 0, Value: 0
evbug.c: Event. Dev: usb-0000:00:02.1-3.4.1/input0, Type: 1, Code: 42, Value: 2
evbug.c: Event. Dev: usb-0000:00:02.1-3.4.1/input0, Type: 0, Code: 0, Value: 0
evbug.c: Event. Dev: usb-0000:00:02.1-3.4.1/input0, Type: 1, Code: 42, Value: 2
evbug.c: Event. Dev: usb-0000:00:02.1-3.4.1/input0, Type: 0, Code: 0, Value: 0
evbug.c: Event. Dev: usb-0000:00:02.1-3.4.1/input0, Type: 1, Code: 42, Value: 0
evbug.c: Event. Dev: usb-0000:00:02.1-3.4.1/input0, Type: 0, Code: 0, Value: 0
evbug.c: Event. Dev: usb-0000:00:02.1-3.4.1/input0, Type: 1, Code: 42, Value: 1
evbug.c: Event. Dev: usb-0000:00:02.1-3.4.1/input0, Type: 0, Code: 0, Value: 0
evbug.c: Event. Dev: usb-0000:00:02.1-3.4.1/input0, Type: 1, Code: 52, Value: 1
evbug.c: Event. Dev: usb-0000:00:02.1-3.4.1/input0, Type: 0, Code: 0, Value: 0
evbug.c: Event. Dev: usb-0000:00:02.1-3.4.1/input0, Type: 1, Code: 52, Value: 0
evbug.c: Event. Dev: usb-0000:00:02.1-3.4.1/input0, Type: 0, Code: 0, Value: 0
evbug.c: Event. Dev: usb-0000:00:02.1-3.4.1/input0, Type: 1, Code: 42, Value: 0
evbug.c: Event. Dev: usb-0000:00:02.1-3.4.1/input0, Type: 0, Code: 0, Value: 0
evbug.c: Event. Dev: usb-0000:00:02.1-3.4.1/input0, Type: 1, Code: 57, Value: 1
evbug.c: Event. Dev: usb-0000:00:02.1-3.4.1/input0, Type: 0, Code: 0, Value: 0
evbug.c: Event. Dev: usb-0000:00:02.1-3.4.1/input0, Type: 1, Code: 57, Value: 0
evbug.c: Event. Dev: usb-0000:00:02.1-3.4.1/input0, Type: 0, Code: 0, Value: 0
evbug.c: Event. Dev: usb-0000:00:02.1-3.4.1/input0, Type: 1, Code: 32, Value: 1
evbug.c: Event. Dev: usb-0000:00:02.1-3.4.1/input0, Type: 0, Code: 0, Value: 0
evbug.c: Event. Dev: usb-0000:00:02.1-3.4.1/input0, Type: 1, Code: 32, Value: 0
evbug.c: Event. Dev: usb-0000:00:02.1-3.4.1/input0, Type: 0, Code: 0, Value: 0
evbug.c: Event. Dev: usb-0000:00:02.1-3.4.1/input0, Type: 1, Code: 24, Value: 1
evbug.c: Event. Dev: usb-0000:00:02.1-3.4.1/input0, Type: 0, Code: 0, Value: 0
evbug.c: Event. Dev: usb-0000:00:02.1-3.4.1/input0, Type: 1, Code: 24, Value: 0
evbug.c: Event. Dev: usb-0000:00:02.1-3.4.1/input0, Type: 0, Code: 0, Value: 0
evbug.c: Event. Dev: usb-0000:00:02.1-3.4.1/input0, Type: 1, Code: 45, Value: 1
evbug.c: Event. Dev: usb-0000:00:02.1-3.4.1/input0, Type: 0, Code: 0, Value: 0
evbug.c: Event. Dev: usb-0000:00:02.1-3.4.1/input0, Type: 1, Code: 53, Value: 1
evbug.c: Event. Dev: usb-0000:00:02.1-3.4.1/input0, Type: 0, Code: 0, Value: 0
evbug.c: Event. Dev: usb-0000:00:02.1-3.4.1/input0, Type: 1, Code: 45, Value: 0
evbug.c: Event. Dev: usb-0000:00:02.1-3.4.1/input0, Type: 0, Code: 0, Value: 0
evbug.c: Event. Dev: usb-0000:00:02.1-3.4.1/input0, Type: 1, Code: 53, Value: 0
evbug.c: Event. Dev: usb-0000:00:02.1-3.4.1/input0, Type: 0, Code: 0, Value: 0
evbug.c: Event. Dev: usb-0000:00:02.1-3.4.1/input0, Type: 1, Code: 25, Value: 1
evbug.c: Event. Dev: usb-0000:00:02.1-3.4.1/input0, Type: 0, Code: 0, Value: 0
evbug.c: Event. Dev: usb-0000:00:02.1-3.4.1/input0, Type: 1, Code: 25, Value: 0
evbug.c: Event. Dev: usb-0000:00:02.1-3.4.1/input0, Type: 0, Code: 0, Value: 0
evbug.c: Event. Dev: usb-0000:00:02.1-3.4.1/input0, Type: 1, Code: 22, Value: 1
evbug.c: Event. Dev: usb-0000:00:02.1-3.4.1/input0, Type: 0, Code: 0, Value: 0
evbug.c: Event. Dev: usb-0000:00:02.1-3.4.1/input0, Type: 1, Code: 22, Value: 0
evbug.c: Event. Dev: usb-0000:00:02.1-3.4.1/input0, Type: 0, Code: 0, Value: 0
evbug.c: Event. Dev: usb-0000:00:02.1-3.4.1/input0, Type: 1, Code: 19, Value: 1
evbug.c: Event. Dev: usb-0000:00:02.1-3.4.1/input0, Type: 0, Code: 0, Value: 0
evbug.c: Event. Dev: usb-0000:00:02.1-3.4.1/input0, Type: 1, Code: 19, Value: 0
evbug.c: Event. Dev: usb-0000:00:02.1-3.4.1/input0, Type: 0, Code: 0, Value: 0
evbug.c: Event. Dev: usb-0000:00:02.1-3.4.1/input0, Type: 1, Code: 14, Value: 1
evbug.c: Event. Dev: usb-0000:00:02.1-3.4.1/input0, Type: 0, Code: 0, Value: 0
evbug.c: Event. Dev: usb-0000:00:02.1-3.4.1/input0, Type: 1, Code: 14, Value: 0
evbug.c: Event. Dev: usb-0000:00:02.1-3.4.1/input0, Type: 0, Code: 0, Value: 0
evbug.c: Event. Dev: usb-0000:00:02.1-3.4.1/input0, Type: 1, Code: 20, Value: 1
evbug.c: Event. Dev: usb-0000:00:02.1-3.4.1/input0, Type: 0, Code: 0, Value: 0
evbug.c: Event. Dev: usb-0000:00:02.1-3.4.1/input0, Type: 1, Code: 20, Value: 0
evbug.c: Event. Dev: usb-0000:00:02.1-3.4.1/input0, Type: 0, Code: 0, Value: 0
evbug.c: Event. Dev: usb-0000:00:02.1-3.4.1/input0, Type: 1, Code: 19, Value: 1
evbug.c: Event. Dev: usb-0000:00:02.1-3.4.1/input0, Type: 0, Code: 0, Value: 0
evbug.c: Event. Dev: usb-0000:00:02.1-3.4.1/input0, Type: 1, Code: 19, Value: 0
evbug.c: Event. Dev: usb-0000:00:02.1-3.4.1/input0, Type: 0, Code: 0, Value: 0
evbug.c: Event. Dev: usb-0000:00:02.1-3.4.1/input0, Type: 1, Code: 53, Value: 1
evbug.c: Event. Dev: usb-0000:00:02.1-3.4.1/input0, Type: 0, Code: 0, Value: 0
evbug.c: Event. Dev: usb-0000:00:02.1-3.4.1/input0, Type: 1, Code: 53, Value: 0
evbug.c: Event. Dev: usb-0000:00:02.1-3.4.1/input0, Type: 0, Code: 0, Value: 0
evbug.c: Event. Dev: usb-0000:00:02.1-3.4.1/input0, Type: 1, Code: 42, Value: 1
evbug.c: Event. Dev: usb-0000:00:02.1-3.4.1/input0, Type: 0, Code: 0, Value: 0
evbug.c: Event. Dev: usb-0000:00:02.1-3.4.1/input0, Type: 1, Code: 19, Value: 1
evbug.c: Event. Dev: usb-0000:00:02.1-3.4.1/input0, Type: 0, Code: 0, Value: 0
evbug.c: Event. Dev: usb-0000:00:02.1-3.4.1/input0, Type: 1, Code: 19, Value: 0
evbug.c: Event. Dev: usb-0000:00:02.1-3.4.1/input0, Type: 0, Code: 0, Value: 0
evbug.c: Event. Dev: usb-0000:00:02.1-3.4.1/input0, Type: 1, Code: 42, Value: 0
evbug.c: Event. Dev: usb-0000:00:02.1-3.4.1/input0, Type: 0, Code: 0, Value: 0
evbug.c: Event. Dev: usb-0000:00:02.1-3.4.1/input0, Type: 1, Code: 21, Value: 1
evbug.c: Event. Dev: usb-0000:00:02.1-3.4.1/input0, Type: 0, Code: 0, Value: 0
evbug.c: Event. Dev: usb-0000:00:02.1-3.4.1/input0, Type: 1, Code: 21, Value: 0
evbug.c: Event. Dev: usb-0000:00:02.1-3.4.1/input0, Type: 0, Code: 0, Value: 0
evbug.c: Event. Dev: usb-0000:00:02.1-3.4.1/input0, Type: 1, Code: 15, Value: 1
evbug.c: Event. Dev: usb-0000:00:02.1-3.4.1/input0, Type: 0, Code: 0, Value: 0
evbug.c: Event. Dev: usb-0000:00:02.1-3.4.1/input0, Type: 1, Code: 15, Value: 0
evbug.c: Event. Dev: usb-0000:00:02.1-3.4.1/input0, Type: 0, Code: 0, Value: 0
evbug.c: Event. Dev: usb-0000:00:02.1-3.4.1/input0, Type: 1, Code: 14, Value: 1
evbug.c: Event. Dev: usb-0000:00:02.1-3.4.1/input0, Type: 0, Code: 0, Value: 0
evbug.c: Event. Dev: usb-0000:00:02.1-3.4.1/input0, Type: 1, Code: 14, Value: 2
evbug.c: Event. Dev: usb-0000:00:02.1-3.4.1/input0, Type: 0, Code: 0, Value: 0
evbug.c: Event. Dev: usb-0000:00:02.1-3.4.1/input0, Type: 1, Code: 14, Value: 2
evbug.c: Event. Dev: usb-0000:00:02.1-3.4.1/input0, Type: 0, Code: 0, Value: 0
evbug.c: Event. Dev: usb-0000:00:02.1-3.4.1/input0, Type: 1, Code: 14, Value: 2
evbug.c: Event. Dev: usb-0000:00:02.1-3.4.1/input0, Type: 0, Code: 0, Value: 0
evbug.c: Event. Dev: usb-0000:00:02.1-3.4.1/input0, Type: 1, Code: 14, Value: 2
evbug.c: Event. Dev: usb-0000:00:02.1-3.4.1/input0, Type: 0, Code: 0, Value: 0
evbug.c: Event. Dev: usb-0000:00:02.1-3.4.1/input0, Type: 1, Code: 14, Value: 2
evbug.c: Event. Dev: usb-0000:00:02.1-3.4.1/input0, Type: 0, Code: 0, Value: 0
evbug.c: Event. Dev: usb-0000:00:02.1-3.4.1/input0, Type: 1, Code: 14, Value: 2
evbug.c: Event. Dev: usb-0000:00:02.1-3.4.1/input0, Type: 0, Code: 0, Value: 0
evbug.c: Event. Dev: usb-0000:00:02.1-3.4.1/input0, Type: 1, Code: 14, Value: 2
evbug.c: Event. Dev: usb-0000:00:02.1-3.4.1/input0, Type: 0, Code: 0, Value: 0
evbug.c: Event. Dev: usb-0000:00:02.1-3.4.1/input0, Type: 1, Code: 14, Value: 2
evbug.c: Event. Dev: usb-0000:00:02.1-3.4.1/input0, Type: 0, Code: 0, Value: 0
evbug.c: Event. Dev: usb-0000:00:02.1-3.4.1/input0, Type: 1, Code: 14, Value: 2
evbug.c: Event. Dev: usb-0000:00:02.1-3.4.1/input0, Type: 0, Code: 0, Value: 0
evbug.c: Event. Dev: usb-0000:00:02.1-3.4.1/input0, Type: 1, Code: 14, Value: 0
evbug.c: Event. Dev: usb-0000:00:02.1-3.4.1/input0, Type: 0, Code: 0, Value: 0
evbug.c: Event. Dev: usb-0000:00:02.1-3.4.1/input0, Type: 1, Code: 14, Value: 1
evbug.c: Event. Dev: usb-0000:00:02.1-3.4.1/input0, Type: 0, Code: 0, Value: 0
evbug.c: Event. Dev: usb-0000:00:02.1-3.4.1/input0, Type: 1, Code: 14, Value: 0
evbug.c: Event. Dev: usb-0000:00:02.1-3.4.1/input0, Type: 0, Code: 0, Value: 0
evbug.c: Event. Dev: usb-0000:00:02.1-3.4.1/input0, Type: 1, Code: 14, Value: 1
evbug.c: Event. Dev: usb-0000:00:02.1-3.4.1/input0, Type: 0, Code: 0, Value: 0
evbug.c: Event. Dev: usb-0000:00:02.1-3.4.1/input0, Type: 1, Code: 14, Value: 0
evbug.c: Event. Dev: usb-0000:00:02.1-3.4.1/input0, Type: 0, Code: 0, Value: 0
evbug.c: Event. Dev: usb-0000:00:02.1-3.4.1/input0, Type: 1, Code: 41, Value: 1
evbug.c: Event. Dev: usb-0000:00:02.1-3.4.1/input0, Type: 0, Code: 0, Value: 0
evbug.c: Event. Dev: usb-0000:00:02.1-3.4.1/input0, Type: 1, Code: 41, Value: 0
evbug.c: Event. Dev: usb-0000:00:02.1-3.4.1/input0, Type: 0, Code: 0, Value: 0
evbug.c: Event. Dev: usb-0000:00:02.1-3.4.1/input0, Type: 1, Code: 25, Value: 1
evbug.c: Event. Dev: usb-0000:00:02.1-3.4.1/input0, Type: 0, Code: 0, Value: 0
evbug.c: Event. Dev: usb-0000:00:02.1-3.4.1/input0, Type: 1, Code: 25, Value: 0
evbug.c: Event. Dev: usb-0000:00:02.1-3.4.1/input0, Type: 0, Code: 0, Value: 0
evbug.c: Event. Dev: usb-0000:00:02.1-3.4.1/input0, Type: 1, Code: 20, Value: 1
evbug.c: Event. Dev: usb-0000:00:02.1-3.4.1/input0, Type: 0, Code: 0, Value: 0
evbug.c: Event. Dev: usb-0000:00:02.1-3.4.1/input0, Type: 1, Code: 20, Value: 0
evbug.c: Event. Dev: usb-0000:00:02.1-3.4.1/input0, Type: 0, Code: 0, Value: 0
evbug.c: Event. Dev: usb-0000:00:02.1-3.4.1/input0, Type: 1, Code: 41, Value: 1
evbug.c: Event. Dev: usb-0000:00:02.1-3.4.1/input0, Type: 0, Code: 0, Value: 0
evbug.c: Event. Dev: usb-0000:00:02.1-3.4.1/input0, Type: 1, Code: 41, Value: 0
evbug.c: Event. Dev: usb-0000:00:02.1-3.4.1/input0, Type: 0, Code: 0, Value: 0
evbug.c: Event. Dev: usb-0000:00:02.1-3.4.1/input0, Type: 1, Code: 52, Value: 1
evbug.c: Event. Dev: usb-0000:00:02.1-3.4.1/input0, Type: 0, Code: 0, Value: 0
evbug.c: Event. Dev: usb-0000:00:02.1-3.4.1/input0, Type: 1, Code: 52, Value: 0
evbug.c: Event. Dev: usb-0000:00:02.1-3.4.1/input0, Type: 0, Code: 0, Value: 0
evbug.c: Event. Dev: usb-0000:00:02.1-3.4.1/input0, Type: 1, Code: 38, Value: 1
evbug.c: Event. Dev: usb-0000:00:02.1-3.4.1/input0, Type: 0, Code: 0, Value: 0
evbug.c: Event. Dev: usb-0000:00:02.1-3.4.1/input0, Type: 1, Code: 38, Value: 0
evbug.c: Event. Dev: usb-0000:00:02.1-3.4.1/input0, Type: 0, Code: 0, Value: 0
evbug.c: Event. Dev: usb-0000:00:02.1-3.4.1/input0, Type: 1, Code: 24, Value: 1
evbug.c: Event. Dev: usb-0000:00:02.1-3.4.1/input0, Type: 0, Code: 0, Value: 0
evbug.c: Event. Dev: usb-0000:00:02.1-3.4.1/input0, Type: 1, Code: 24, Value: 0
evbug.c: Event. Dev: usb-0000:00:02.1-3.4.1/input0, Type: 0, Code: 0, Value: 0
evbug.c: Event. Dev: usb-0000:00:02.1-3.4.1/input0, Type: 1, Code: 34, Value: 1
evbug.c: Event. Dev: usb-0000:00:02.1-3.4.1/input0, Type: 0, Code: 0, Value: 0
evbug.c: Event. Dev: usb-0000:00:02.1-3.4.1/input0, Type: 1, Code: 34, Value: 0
evbug.c: Event. Dev: usb-0000:00:02.1-3.4.1/input0, Type: 0, Code: 0, Value: 0
evbug.c: Event. Dev: usb-0000:00:02.1-3.4.1/input0, Type: 1, Code: 28, Value: 1
evbug.c: Event. Dev: usb-0000:00:02.1-3.4.1/input0, Type: 0, Code: 0, Value: 0
evbug.c: Event. Dev: usb-0000:00:02.1-3.4.1/input0, Type: 1, Code: 28, Value: 0
evbug.c: Event. Dev: usb-0000:00:02.1-3.4.1/input0, Type: 0, Code: 0, Value: 0
